Archive member included to satisfy reference by file (symbol)

.\CortexM3\ARM_GCC_541\Debug\14_DAC_ADC_UART_MATLAB_data_transfer.a(CyDmac.o)
                              .\CortexM3\ARM_GCC_541\Debug\Cm3Start.o (CyDmacConfigure)
.\CortexM3\ARM_GCC_541\Debug\14_DAC_ADC_UART_MATLAB_data_transfer.a(CyLib.o)
                              .\CortexM3\ARM_GCC_541\Debug\Cm3Start.o (CyHalt)
.\CortexM3\ARM_GCC_541\Debug\14_DAC_ADC_UART_MATLAB_data_transfer.a(cyPm.o)
                              .\CortexM3\ARM_GCC_541\Debug\14_DAC_ADC_UART_MATLAB_data_transfer.a(CyLib.o) (CyPmReadStatus)
.\CortexM3\ARM_GCC_541\Debug\14_DAC_ADC_UART_MATLAB_data_transfer.a(UART.o)
                              .\CortexM3\ARM_GCC_541\Debug\main.o (UART_Start)
.\CortexM3\ARM_GCC_541\Debug\14_DAC_ADC_UART_MATLAB_data_transfer.a(UART_INT.o)
                              .\CortexM3\ARM_GCC_541\Debug\14_DAC_ADC_UART_MATLAB_data_transfer.a(UART.o) (UART_TXISR)
.\CortexM3\ARM_GCC_541\Debug\14_DAC_ADC_UART_MATLAB_data_transfer.a(UART_IntClock.o)
                              .\CortexM3\ARM_GCC_541\Debug\14_DAC_ADC_UART_MATLAB_data_transfer.a(UART.o) (UART_IntClock_Start)
.\CortexM3\ARM_GCC_541\Debug\14_DAC_ADC_UART_MATLAB_data_transfer.a(ISR_UART_Rx.o)
                              .\CortexM3\ARM_GCC_541\Debug\main.o (ISR_UART_Rx_StartEx)
.\CortexM3\ARM_GCC_541\Debug\14_DAC_ADC_UART_MATLAB_data_transfer.a(ADC.o)
                              .\CortexM3\ARM_GCC_541\Debug\main.o (ADC_Start)
.\CortexM3\ARM_GCC_541\Debug\14_DAC_ADC_UART_MATLAB_data_transfer.a(ADC_INT.o)
                              .\CortexM3\ARM_GCC_541\Debug\14_DAC_ADC_UART_MATLAB_data_transfer.a(ADC.o) (ADC_ISR1)
.\CortexM3\ARM_GCC_541\Debug\14_DAC_ADC_UART_MATLAB_data_transfer.a(ADC_AMux.o)
                              .\CortexM3\ARM_GCC_541\Debug\14_DAC_ADC_UART_MATLAB_data_transfer.a(ADC.o) (ADC_AMux_Select)
.\CortexM3\ARM_GCC_541\Debug\14_DAC_ADC_UART_MATLAB_data_transfer.a(ADC_Ext_CP_Clk.o)
                              .\CortexM3\ARM_GCC_541\Debug\14_DAC_ADC_UART_MATLAB_data_transfer.a(ADC.o) (ADC_Ext_CP_Clk_SetModeRegister)
.\CortexM3\ARM_GCC_541\Debug\14_DAC_ADC_UART_MATLAB_data_transfer.a(ADC_theACLK.o)
                              .\CortexM3\ARM_GCC_541\Debug\14_DAC_ADC_UART_MATLAB_data_transfer.a(ADC.o) (ADC_theACLK_SetModeRegister)
.\CortexM3\ARM_GCC_541\Debug\14_DAC_ADC_UART_MATLAB_data_transfer.a(WaveDAC.o)
                              .\CortexM3\ARM_GCC_541\Debug\main.o (WaveDAC_Start)
.\CortexM3\ARM_GCC_541\Debug\14_DAC_ADC_UART_MATLAB_data_transfer.a(WaveDAC_DacClk.o)
                              .\CortexM3\ARM_GCC_541\Debug\14_DAC_ADC_UART_MATLAB_data_transfer.a(WaveDAC.o) (WaveDAC_DacClk_Start)
.\CortexM3\ARM_GCC_541\Debug\14_DAC_ADC_UART_MATLAB_data_transfer.a(WaveDAC_Wave1_DMA_dma.o)
                              .\CortexM3\ARM_GCC_541\Debug\14_DAC_ADC_UART_MATLAB_data_transfer.a(WaveDAC.o) (WaveDAC_Wave1_DMA_DmaInitialize)
.\CortexM3\ARM_GCC_541\Debug\14_DAC_ADC_UART_MATLAB_data_transfer.a(WaveDAC_Wave2_DMA_dma.o)
                              .\CortexM3\ARM_GCC_541\Debug\14_DAC_ADC_UART_MATLAB_data_transfer.a(WaveDAC.o) (WaveDAC_Wave2_DMA_DmaInitialize)
.\CortexM3\ARM_GCC_541\Debug\14_DAC_ADC_UART_MATLAB_data_transfer.a(WaveDAC_VDAC8.o)
                              .\CortexM3\ARM_GCC_541\Debug\14_DAC_ADC_UART_MATLAB_data_transfer.a(WaveDAC.o) (WaveDAC_VDAC8_Enable)
.\CortexM3\ARM_GCC_541\Debug\14_DAC_ADC_UART_MATLAB_data_transfer.a(CyBootAsmGnu.o)
                              .\CortexM3\ARM_GCC_541\Debug\cyfitter_cfg.o (CyDelayCycles)
.\CortexM3\ARM_GCC_541\Debug\14_DAC_ADC_UART_MATLAB_data_transfer.a(CyFlash.o)
                              .\CortexM3\ARM_GCC_541\Debug\14_DAC_ADC_UART_MATLAB_data_transfer.a(cyPm.o) (CyFlash_SetWaitCycles)
.\CortexM3\ARM_GCC_541\Debug\14_DAC_ADC_UART_MATLAB_data_transfer.a(CySpc.o)
                              .\CortexM3\ARM_GCC_541\Debug\14_DAC_ADC_UART_MATLAB_data_transfer.a(CyFlash.o) (CySpcStart)
c:/program files (x86)/cypress/psoc creator/4.2/psoc creator/import/gnu/arm/5.4.1/bin/../lib/gcc/arm-none-eabi/5.4.1/armv7-m\libgcc.a(_arm_addsubdf3.o)
                              .\CortexM3\ARM_GCC_541\Debug\14_DAC_ADC_UART_MATLAB_data_transfer.a(ADC.o) (__aeabi_f2d)
c:/program files (x86)/cypress/psoc creator/4.2/psoc creator/import/gnu/arm/5.4.1/bin/../lib/gcc/arm-none-eabi/5.4.1/armv7-m\libgcc.a(_arm_cmpdf2.o)
                              .\CortexM3\ARM_GCC_541\Debug\14_DAC_ADC_UART_MATLAB_data_transfer.a(ADC.o) (__aeabi_dcmpgt)
c:/program files (x86)/cypress/psoc creator/4.2/psoc creator/import/gnu/arm/5.4.1/bin/../lib/gcc/arm-none-eabi/5.4.1/armv7-m\libgcc.a(_arm_addsubsf3.o)
                              .\CortexM3\ARM_GCC_541\Debug\14_DAC_ADC_UART_MATLAB_data_transfer.a(ADC.o) (__aeabi_ui2f)
c:/program files (x86)/cypress/psoc creator/4.2/psoc creator/import/gnu/arm/5.4.1/bin/../lib/gcc/arm-none-eabi/5.4.1/armv7-m\libgcc.a(_arm_muldivsf3.o)
[...]
Memory Configuration

Name             Origin             Length             Attributes
rom              0x00000000         0x00040000         xr
ram              0x1fff8000         0x00010000         xrw
*default*        0x00000000         0xffffffff

Linker script and memory map

LOAD c:/program files (x86)/cypress/psoc creator/4.2/psoc creator/import/gnu/arm/5.4.1/bin/../lib/gcc/arm-none-eabi/5.4.1/armv7-m/crti.o
LOAD c:/program files (x86)/cypress/psoc creator/4.2/psoc creator/import/gnu/arm/5.4.1/bin/../lib/gcc/arm-none-eabi/5.4.1/armv7-m/crtbegin.o
LOAD c:/program files (x86)/cypress/psoc creator/4.2/psoc creator/import/gnu/arm/5.4.1/bin/../lib/gcc/arm-none-eabi/5.4.1/../../../../arm-none-eabi/lib/armv7-m/crt0.o
START GROUP
LOAD .\CortexM3\ARM_GCC_541\Debug\main.o
LOAD .\CortexM3\ARM_GCC_541\Debug\cyfitter_cfg.o
LOAD .\CortexM3\ARM_GCC_541\Debug\cymetadata.o
LOAD .\CortexM3\ARM_GCC_541\Debug\Cm3Start.o
LOAD .\CortexM3\ARM_GCC_541\Debug\14_DAC_ADC_UART_MATLAB_data_transfer.a
LOAD C:\Program Files (x86)\Cypress\PSoC Creator\4.2\PSoC Creator\psoc\content\cycomponentlibrary\CyComponentLibrary.cylib\CortexM3\ARM_GCC_541\Debug\CyComponentLibrary.a
END GROUP
START GROUP
LOAD c:/program files (x86)/cypress/psoc creator/4.2/psoc creator/import/gnu/arm/5.4.1/bin/../lib/gcc/arm-none-eabi/5.4.1/armv7-m\libgcc.a
LOAD c:/program files (x86)/cypress/psoc creator/4.2/psoc creator/import/gnu/arm/5.4.1/bin/../lib/gcc/arm-none-eabi/5.4.1/../../../../arm-none-eabi/lib/armv7-m\libg_nano.a
LOAD c:/program files (x86)/cypress/psoc creator/4.2/psoc creator/import/gnu/arm/5.4.1/bin/../lib/gcc/arm-none-eabi/5.4.1/../../../../arm-none-eabi/lib/armv7-m\libc_nano.a
END GROUP
START GROUP
LOAD c:/program files (x86)/cypress/psoc creator/4.2/psoc creator/import/gnu/arm/5.4.1/bin/../lib/gcc/arm-none-eabi/5.4.1/armv7-m\libgcc.a
LOAD c:/program files (x86)/cypress/psoc creator/4.2/psoc creator/import/gnu/arm/5.4.1/bin/../lib/gcc/arm-none-eabi/5.4.1/../../../../arm-none-eabi/lib/armv7-m\libc_nano.a
END GROUP
LOAD c:/program files (x86)/cypress/psoc creator/4.2/psoc creator/import/gnu/arm/5.4.1/bin/../lib/gcc/arm-none-eabi/5.4.1/armv7-m/crtend.o
LOAD c:/program files (x86)/cypress/psoc creator/4.2/psoc creator/import/gnu/arm/5.4.1/bin/../lib/gcc/arm-none-eabi/5.4.1/armv7-m/crtn.o
START GROUP
LOAD c:/program files (x86)/cypress/psoc creator/4.2/psoc creator/import/gnu/arm/5.4.1/bin/../lib/gcc/arm-none-eabi/5.4.1/armv7-m\libgcc.a
LOAD c:/program files (x86)/cypress/psoc creator/4.2/psoc creator/import/gnu/arm/5.4.1/bin/../lib/gcc/arm-none-eabi/5.4.1/../../../../arm-none-eabi/lib/armv7-m\libc.a
LOAD c:/program files (x86)/cypress/psoc creator/4.2/psoc creator/import/gnu/arm/5.4.1/bin/../lib/gcc/arm-none-eabi/5.4.1/../../../../arm-none-eabi/lib/armv7-m\libnosys.a
END GROUP
                0x00000000                CY_APPL_ORIGIN = 0x0
                0x00000100                CY_FLASH_ROW_SIZE = 0x100
                0x00000020                CY_ECC_ROW_SIZE = 0x20
                0x00000000                CY_EE_IN_BTLDR = 0x0
                0x00000000                CY_APPL_LOADABLE = 0x0
                0x00000800                CY_EE_SIZE = 0x800
                0x00000001                CY_APPL_NUM = 0x1
                0x00000001                CY_APPL_MAX = 0x1
                0x00000040                CY_METADATA_SIZE = 0x40
                0x00000000                CY_APPL_LOADABLE = 0x0
                0x00000000                CY_CHECKSUM_EXCLUDE_SIZE = ALIGN (0x0, CY_FLASH_ROW_SIZE)
                [!provide]                PROVIDE (__cy_heap_start, _end)
                0x00000001                PROVIDE (__cy_region_num, ((__cy_regions_end - __cy_regions) / 0x10))
                0x20008000                PROVIDE (__cy_stack, (ORIGIN (ram) + LENGTH (ram)))
                [!provide]                PROVIDE (__cy_heap_end, (__cy_stack - 0x800))

.cybootloader   0x00000000        0x0
 *(.cybootloader)
                0x00000000                appl1_start = CY_APPL_ORIGIN?CY_APPL_ORIGIN:ALIGN (CY_FLASH_ROW_SIZE)
                0x0001ff00                appl2_start = (appl1_start + ALIGN ((((LENGTH (rom) - appl1_start) - (0x2 * CY_FLASH_ROW_SIZE)) / 0x2), CY_FLASH_ROW_SIZE))
                0x00000000                appl_start = (CY_APPL_NUM == 0x1)?appl1_start:appl2_start
                0x00000000                ecc_offset = ((appl_start / CY_FLASH_ROW_SIZE) * CY_ECC_ROW_SIZE)
                0x00000000                ee_offset = (CY_APPL_LOADABLE && ! (CY_EE_IN_BTLDR))?((CY_EE_SIZE / CY_APPL_MAX) * (CY_APPL_NUM - 0x1)):0x0
                0x00000800                ee_size = (CY_APPL_LOADABLE && ! (CY_EE_IN_BTLDR))?(CY_EE_SIZE / CY_APPL_MAX):CY_EE_SIZE
                [!provide]                PROVIDE (CY_ECC_OFFSET, ecc_offset)

.text           0x00000000     0x12ae
 CREATE_OBJECT_SYMBOLS
                0x00000000                PROVIDE (__cy_interrupt_vector, RomVectors)
 *(.romvectors)
 .romvectors    0x00000000       0x10 .\CortexM3\ARM_GCC_541\Debug\Cm3Start.o
                0x00000000                RomVectors
                0x00000001                ASSERT ((. != __cy_interrupt_vector), No interrupt vector)
                0x00000001                ASSERT (CY_APPL_ORIGIN?(SIZEOF (.cybootloader) <= CY_APPL_ORIGIN):0x1, Wrong image location)
                0x00000010                PROVIDE (__cy_reset, Reset)
 *(.text.Reset)
 .text.Reset    0x00000010       0x18 .\CortexM3\ARM_GCC_541\Debug\Cm3Start.o
                0x00000010                Reset
                0x00000001                ASSERT ((. != __cy_reset), No reset code)
 *(.dma_init)
                0x00000001                ASSERT ((((appl_start + .) <= 0x10000) || 0x1), DMA Init must be within the first 64k of flash)
 *(.text .text.* .gnu.linkonce.t.*)
 .text          0x00000028       0x5c c:/program files (x86)/cypress/psoc creator/4.2/psoc creator/import/gnu/arm/5.4.1/bin/../lib/gcc/arm-none-eabi/5.4.1/armv7-m/crtbegin.o
 .text.ISR_UART_Rx
                0x00000084        0xc .\CortexM3\ARM_GCC_541\Debug\main.o
                0x00000084                ISR_UART_Rx
 .text.main     0x00000090       0x80 .\CortexM3\ARM_GCC_541\Debug\main.o
                0x00000090                main
 .text.CyClockStartupError
                0x00000110        0x4 .\CortexM3\ARM_GCC_541\Debug\cyfitter_cfg.o
 .text.cfg_write_bytes32
                0x00000114       0x34 .\CortexM3\ARM_GCC_541\Debug\cyfitter_cfg.o
 .text.AnalogSetDefault
                0x00000148       0x34 .\CortexM3\ARM_GCC_541\Debug\cyfitter_cfg.o
 .text.CYMEMZERO
                0x0000017c        0xc .\CortexM3\ARM_GCC_541\Debug\cyfitter_cfg.o
 .text.CYCONFIGCPY
                0x00000188        0x8 .\CortexM3\ARM_GCC_541\Debug\cyfitter_cfg.o
 .text.ClockSetup
                0x00000190      0x100 .\CortexM3\ARM_GCC_541\Debug\cyfitter_cfg.o
 .text.ADC_AMux_Set
                0x00000290       0x1c .\CortexM3\ARM_GCC_541\Debug\cyfitter_cfg.o
                0x00000290                ADC_AMux_Set
 .text.ADC_AMux_Unset
                0x000002ac       0x1c .\CortexM3\ARM_GCC_541\Debug\cyfitter_cfg.o
                0x000002ac                ADC_AMux_Unset
 .text.cyfitter_cfg
                0x000002c8      0x130 .\CortexM3\ARM_GCC_541\Debug\cyfitter_cfg.o
                0x000002c8                cyfitter_cfg
 .text.IntDefaultHandler
                0x000003f8       0x10 .\CortexM3\ARM_GCC_541\Debug\Cm3Start.o
                0x000003f8                IntDefaultHandler
 .text.Start_c  0x00000408       0x4c .\CortexM3\ARM_GCC_541\Debug\Cm3Start.o
                0x00000408                Start_c
 .text.initialize_psoc
                0x00000454       0x6c .\CortexM3\ARM_GCC_541\Debug\Cm3Start.o
                0x00000454                initialize_psoc
 .text.CyDmacConfigure
                0x000004c0       0x34 .\CortexM3\ARM_GCC_541\Debug\14_DAC_ADC_UART_MATLAB_data_transfer.a(CyDmac.o)
                0x000004c0                CyDmacConfigure
 .text.CyDmaChEnable
                0x000004f4       0x38 .\CortexM3\ARM_GCC_541\Debug\14_DAC_ADC_UART_MATLAB_data_transfer.a(CyDmac.o)
                0x000004f4                CyDmaChEnable
 .text.CyDmaChPriority
                0x0000052c       0x24 .\CortexM3\ARM_GCC_541\Debug\14_DAC_ADC_UART_MATLAB_data_transfer.a(CyDmac.o)
                0x0000052c                CyDmaChPriority
 .text.CyDmaChSetExtendedAddress
                0x00000550       0x34 .\CortexM3\ARM_GCC_541\Debug\14_DAC_ADC_UART_MATLAB_data_transfer.a(CyDmac.o)
                0x00000550                CyDmaChSetExtendedAddress
 .text.CyDmaChSetInitialTd
                0x00000584       0x18 .\CortexM3\ARM_GCC_541\Debug\14_DAC_ADC_UART_MATLAB_data_transfer.a(CyDmac.o)
                0x00000584                CyDmaChSetInitialTd
 .text.CyDmaChSetConfiguration
                0x0000059c       0x44 .\CortexM3\ARM_GCC_541\Debug\14_DAC_ADC_UART_MATLAB_data_transfer.a(CyDmac.o)
                0x0000059c                CyDmaChSetConfiguration
 .text.CyDmaTdAllocate
                0x000005e0       0x34 .\CortexM3\ARM_GCC_541\Debug\14_DAC_ADC_UART_MATLAB_data_transfer.a(CyDmac.o)
                0x000005e0                CyDmaTdAllocate
 .text.CyDmaTdSetConfiguration
                0x00000614       0x28 .\CortexM3\ARM_GCC_541\Debug\14_DAC_ADC_UART_MATLAB_data_transfer.a(CyDmac.o)
                0x00000614                CyDmaTdSetConfiguration
 .text.CyDmaTdSetAddress
                0x0000063c       0x1c .\CortexM3\ARM_GCC_541\Debug\14_DAC_ADC_UART_MATLAB_data_transfer.a(CyDmac.o)
                0x0000063c                CyDmaTdSetAddress
 .text.CyHalt   0x00000658        0x4 .\CortexM3\ARM_GCC_541\Debug\14_DAC_ADC_UART_MATLAB_data_transfer.a(CyLib.o)
                0x00000658                CyHalt
 .text.CyDelay  0x0000065c       0x2c .\CortexM3\ARM_GCC_541\Debug\14_DAC_ADC_UART_MATLAB_data_transfer.a(CyLib.o)
                0x0000065c                CyDelay
 .text.CyDelayUs
                0x00000688       0x14 .\CortexM3\ARM_GCC_541\Debug\14_DAC_ADC_UART_MATLAB_data_transfer.a(CyLib.o)
                0x00000688                CyDelayUs
 .text.CyIntSetVector
                0x0000069c       0x28 .\CortexM3\ARM_GCC_541\Debug\14_DAC_ADC_UART_MATLAB_data_transfer.a(CyLib.o)
                0x0000069c                CyIntSetVector
 .text.CyIntSetPriority
                0x000006c4       0x30 .\CortexM3\ARM_GCC_541\Debug\14_DAC_ADC_UART_MATLAB_data_transfer.a(CyLib.o)
                0x000006c4                CyIntSetPriority
 .text.UART_Init
                0x000006f4       0x40 .\CortexM3\ARM_GCC_541\Debug\14_DAC_ADC_UART_MATLAB_data_transfer.a(UART.o)
                0x000006f4                UART_Init
 .text.UART_Enable
                0x00000734       0x48 .\CortexM3\ARM_GCC_541\Debug\14_DAC_ADC_UART_MATLAB_data_transfer.a(UART.o)
                0x00000734                UART_Enable
 .text.UART_Start
                0x0000077c       0x1c .\CortexM3\ARM_GCC_541\Debug\14_DAC_ADC_UART_MATLAB_data_transfer.a(UART.o)
                0x0000077c                UART_Start
 .text.UART_PutChar
                0x00000798       0x7c .\CortexM3\ARM_GCC_541\Debug\14_DAC_ADC_UART_MATLAB_data_transfer.a(UART.o)
                0x00000798                UART_PutChar
 .text.UART_PutArray
                0x00000814       0x28 .\CortexM3\ARM_GCC_541\Debug\14_DAC_ADC_UART_MATLAB_data_transfer.a(UART.o)
                0x00000814                UART_PutArray
 .text.UART_TXISR
                0x0000083c       0x5c .\CortexM3\ARM_GCC_541\Debug\14_DAC_ADC_UART_MATLAB_data_transfer.a(UART_INT.o)
                0x0000083c                UART_TXISR
 .text.UART_IntClock_Start
                0x00000898       0x1c .\CortexM3\ARM_GCC_541\Debug\14_DAC_ADC_UART_MATLAB_data_transfer.a(UART_IntClock.o)
                0x00000898                UART_IntClock_Start
 .text.ISR_UART_Rx_SetVector
                0x000008b4        0xc .\CortexM3\ARM_GCC_541\Debug\14_DAC_ADC_UART_MATLAB_data_transfer.a(ISR_UART_Rx.o)
                0x000008b4                ISR_UART_Rx_SetVector
 .text.ISR_UART_Rx_SetPriority
                0x000008c0       0x10 .\CortexM3\ARM_GCC_541\Debug\14_DAC_ADC_UART_MATLAB_data_transfer.a(ISR_UART_Rx.o)
                0x000008c0                ISR_UART_Rx_SetPriority
 .text.ISR_UART_Rx_Enable
                0x000008d0        0xc .\CortexM3\ARM_GCC_541\Debug\14_DAC_ADC_UART_MATLAB_data_transfer.a(ISR_UART_Rx.o)
                0x000008d0                ISR_UART_Rx_Enable
 .text.ISR_UART_Rx_Disable
                0x000008dc        0xc .\CortexM3\ARM_GCC_541\Debug\14_DAC_ADC_UART_MATLAB_data_transfer.a(ISR_UART_Rx.o)
                0x000008dc                ISR_UART_Rx_Disable
 .text.ISR_UART_Rx_StartEx
                0x000008e8       0x1c .\CortexM3\ARM_GCC_541\Debug\14_DAC_ADC_UART_MATLAB_data_transfer.a(ISR_UART_Rx.o)
                0x000008e8                ISR_UART_Rx_StartEx
 .text.ADC_GainCompensation
                0x00000904       0xdc .\CortexM3\ARM_GCC_541\Debug\14_DAC_ADC_UART_MATLAB_data_transfer.a(ADC.o)
 .text.ADC_SetDSMRef0Reg
                0x000009e0       0x4c .\CortexM3\ARM_GCC_541\Debug\14_DAC_ADC_UART_MATLAB_data_transfer.a(ADC.o)
 .text.ADC_InitConfig
                0x00000a2c       0xe0 .\CortexM3\ARM_GCC_541\Debug\14_DAC_ADC_UART_MATLAB_data_transfer.a(ADC.o)
 .text.ADC_Init
                0x00000b0c       0xc4 .\CortexM3\ARM_GCC_541\Debug\14_DAC_ADC_UART_MATLAB_data_transfer.a(ADC.o)
                0x00000b0c                ADC_Init
 .text.ADC_Enable
                0x00000bd0       0xd8 .\CortexM3\ARM_GCC_541\Debug\14_DAC_ADC_UART_MATLAB_data_transfer.a(ADC.o)
                0x00000bd0                ADC_Enable
 .text.ADC_Start
                0x00000ca8       0x28 .\CortexM3\ARM_GCC_541\Debug\14_DAC_ADC_UART_MATLAB_data_transfer.a(ADC.o)
                0x00000ca8                ADC_Start
 .text.ADC_StartConvert
                0x00000cd0       0x10 .\CortexM3\ARM_GCC_541\Debug\14_DAC_ADC_UART_MATLAB_data_transfer.a(ADC.o)
                0x00000cd0                ADC_StartConvert
 .text.ADC_IsEndConversion
                0x00000ce0       0x30 .\CortexM3\ARM_GCC_541\Debug\14_DAC_ADC_UART_MATLAB_data_transfer.a(ADC.o)
                0x00000ce0                ADC_IsEndConversion
 .text.ADC_GetResult32
                0x00000d10       0x6c .\CortexM3\ARM_GCC_541\Debug\14_DAC_ADC_UART_MATLAB_data_transfer.a(ADC.o)
                0x00000d10                ADC_GetResult32
 .text.ADC_ISR1
                0x00000d7c        0x4 .\CortexM3\ARM_GCC_541\Debug\14_DAC_ADC_UART_MATLAB_data_transfer.a(ADC_INT.o)
                0x00000d7c                ADC_ISR1
 .text.ADC_AMux_Start
                0x00000d80       0x20 .\CortexM3\ARM_GCC_541\Debug\14_DAC_ADC_UART_MATLAB_data_transfer.a(ADC_AMux.o)
                0x00000d80                ADC_AMux_Start
 .text.ADC_AMux_Select
                0x00000da0       0x18 .\CortexM3\ARM_GCC_541\Debug\14_DAC_ADC_UART_MATLAB_data_transfer.a(ADC_AMux.o)
                0x00000da0                ADC_AMux_Select
 .text.ADC_Ext_CP_Clk_GetDividerRegister
                0x00000db8        0xc .\CortexM3\ARM_GCC_541\Debug\14_DAC_ADC_UART_MATLAB_data_transfer.a(ADC_Ext_CP_Clk.o)
                0x00000db8                ADC_Ext_CP_Clk_GetDividerRegister
 .text.ADC_Ext_CP_Clk_SetModeRegister
                0x00000dc4       0x14 .\CortexM3\ARM_GCC_541\Debug\14_DAC_ADC_UART_MATLAB_data_transfer.a(ADC_Ext_CP_Clk.o)
                0x00000dc4                ADC_Ext_CP_Clk_SetModeRegister
 .text.ADC_Ext_CP_Clk_GetSourceRegister
                0x00000dd8       0x10 .\CortexM3\ARM_GCC_541\Debug\14_DAC_ADC_UART_MATLAB_data_transfer.a(ADC_Ext_CP_Clk.o)
                0x00000dd8                ADC_Ext_CP_Clk_GetSourceRegister
 .text.ADC_Ext_CP_Clk_SetDividerRegister
                0x00000de8       0xd8 .\CortexM3\ARM_GCC_541\Debug\14_DAC_ADC_UART_MATLAB_data_transfer.a(ADC_Ext_CP_Clk.o)
                0x00000de8                ADC_Ext_CP_Clk_SetDividerRegister
 .text.ADC_theACLK_GetDividerRegister
                0x00000ec0        0xc .\CortexM3\ARM_GCC_541\Debug\14_DAC_ADC_UART_MATLAB_data_transfer.a(ADC_theACLK.o)
                0x00000ec0                ADC_theACLK_GetDividerRegister
 .text.ADC_theACLK_SetModeRegister
                0x00000ecc       0x14 .\CortexM3\ARM_GCC_541\Debug\14_DAC_ADC_UART_MATLAB_data_transfer.a(ADC_theACLK.o)
                0x00000ecc                ADC_theACLK_SetModeRegister
 .text.ADC_theACLK_GetSourceRegister
                0x00000ee0       0x10 .\CortexM3\ARM_GCC_541\Debug\14_DAC_ADC_UART_MATLAB_data_transfer.a(ADC_theACLK.o)
                0x00000ee0                ADC_theACLK_GetSourceRegister
 .text.ADC_theACLK_SetDividerRegister
                0x00000ef0       0xd8 .\CortexM3\ARM_GCC_541\Debug\14_DAC_ADC_UART_MATLAB_data_transfer.a(ADC_theACLK.o)
                0x00000ef0                ADC_theACLK_SetDividerRegister
 .text.WaveDAC_Enable
                0x00000fc8       0x28 .\CortexM3\ARM_GCC_541\Debug\14_DAC_ADC_UART_MATLAB_data_transfer.a(WaveDAC.o)
                0x00000fc8                WaveDAC_Enable
 .text.WaveDAC_Wave1Setup
                0x00000ff0       0x40 .\CortexM3\ARM_GCC_541\Debug\14_DAC_ADC_UART_MATLAB_data_transfer.a(WaveDAC.o)
                0x00000ff0                WaveDAC_Wave1Setup
 .text.WaveDAC_Wave2Setup
                0x00001030       0x40 .\CortexM3\ARM_GCC_541\Debug\14_DAC_ADC_UART_MATLAB_data_transfer.a(WaveDAC.o)
                0x00001030                WaveDAC_Wave2Setup
 .text.WaveDAC_Init
                0x00001070       0x3c .\CortexM3\ARM_GCC_541\Debug\14_DAC_ADC_UART_MATLAB_data_transfer.a(WaveDAC.o)
                0x00001070                WaveDAC_Init
 .text.WaveDAC_Start
                0x000010ac       0x1c .\CortexM3\ARM_GCC_541\Debug\14_DAC_ADC_UART_MATLAB_data_transfer.a(WaveDAC.o)
                0x000010ac                WaveDAC_Start
 .text.WaveDAC_DacClk_Start
                0x000010c8       0x1c .\CortexM3\ARM_GCC_541\Debug\14_DAC_ADC_UART_MATLAB_data_transfer.a(WaveDAC_DacClk.o)
                0x000010c8                WaveDAC_DacClk_Start
 .text.WaveDAC_Wave1_DMA_DmaInitialize
                0x000010e4       0x3c .\CortexM3\ARM_GCC_541\Debug\14_DAC_ADC_UART_MATLAB_data_transfer.a(WaveDAC_Wave1_DMA_dma.o)
                0x000010e4                WaveDAC_Wave1_DMA_DmaInitialize
 .text.WaveDAC_Wave2_DMA_DmaInitialize
                0x00001120       0x3c .\CortexM3\ARM_GCC_541\Debug\14_DAC_ADC_UART_MATLAB_data_transfer.a(WaveDAC_Wave2_DMA_dma.o)
                0x00001120                WaveDAC_Wave2_DMA_DmaInitialize
 .text.WaveDAC_VDAC8_Enable
                0x0000115c       0x1c .\CortexM3\ARM_GCC_541\Debug\14_DAC_ADC_UART_MATLAB_data_transfer.a(WaveDAC_VDAC8.o)
                0x0000115c                WaveDAC_VDAC8_Enable
 .text.WaveDAC_VDAC8_SetSpeed
                0x00001178       0x1c .\CortexM3\ARM_GCC_541\Debug\14_DAC_ADC_UART_MATLAB_data_transfer.a(WaveDAC_VDAC8.o)
                0x00001178                WaveDAC_VDAC8_SetSpeed
 .text.WaveDAC_VDAC8_SetValue
                0x00001194        0xc .\CortexM3\ARM_GCC_541\Debug\14_DAC_ADC_UART_MATLAB_data_transfer.a(WaveDAC_VDAC8.o)
                0x00001194                WaveDAC_VDAC8_SetValue
 .text.WaveDAC_VDAC8_DacTrim
                0x000011a0       0x24 .\CortexM3\ARM_GCC_541\Debug\14_DAC_ADC_UART_MATLAB_data_transfer.a(WaveDAC_VDAC8.o)
                0x000011a0                WaveDAC_VDAC8_DacTrim
 .text.WaveDAC_VDAC8_SetRange
                0x000011c4       0x20 .\CortexM3\ARM_GCC_541\Debug\14_DAC_ADC_UART_MATLAB_data_transfer.a(WaveDAC_VDAC8.o)
                0x000011c4                WaveDAC_VDAC8_SetRange
 .text.WaveDAC_VDAC8_Init
                0x000011e4       0x2c .\CortexM3\ARM_GCC_541\Debug\14_DAC_ADC_UART_MATLAB_data_transfer.a(WaveDAC_VDAC8.o)
                0x000011e4                WaveDAC_VDAC8_Init
 .text          0x00001210       0x20 .\CortexM3\ARM_GCC_541\Debug\14_DAC_ADC_UART_MATLAB_data_transfer.a(CyBootAsmGnu.o)
                0x00001210                CyDelayCycles
                0x00001220                CyEnterCriticalSection
                0x00001228                CyExitCriticalSection
 .text.__errno  0x00001230        0xc c:/program files (x86)/cypress/psoc creator/4.2/psoc creator/import/gnu/arm/5.4.1/bin/../lib/gcc/arm-none-eabi/5.4.1/../../../../arm-none-eabi/lib/armv7-m\libg_nano.a(lib_a-errno.o)
                0x00001230                __errno
 .text.__libc_init_array
                0x0000123c       0x4c c:/program files (x86)/cypress/psoc creator/4.2/psoc creator/import/gnu/arm/5.4.1/bin/../lib/gcc/arm-none-eabi/5.4.1/../../../../arm-none-eabi/lib/armv7-m\libg_nano.a(lib_a-init.o)
                0x0000123c                __libc_init_array
 .text.memcpy   0x00001288       0x16 c:/program files (x86)/cypress/psoc creator/4.2/psoc creator/import/gnu/arm/5.4.1/bin/../lib/gcc/arm-none-eabi/5.4.1/../../../../arm-none-eabi/lib/armv7-m\libg_nano.a(lib_a-memcpy-stub.o)
                0x00001288                memcpy
 .text.memset   0x0000129e       0x10 c:/program files (x86)/cypress/psoc creator/4.2/psoc creator/import/gnu/arm/5.4.1/bin/../lib/gcc/arm-none-eabi/5.4.1/../../../../arm-none-eabi/lib/armv7-m\libg_nano.a(lib_a-memset.o)
                0x0000129e                memset
 *(.plt)
 *(.gnu.warning)
 *(.glue_7t)
 .glue_7t       0x000012ae        0x0 linker stubs
 *(.glue_7)
 .glue_7        0x000012ae        0x0 linker stubs
 *(.vfp11_veneer)
 .vfp11_veneer  0x000012ae        0x0 linker stubs
 *(.bootloader)
 *(.ARM.extab* .gnu.linkonce.armextab.*)
 *(.gcc_except_table)

.v4_bx          0x000012b0        0x0
 .v4_bx         0x000012b0        0x0 linker stubs

.iplt           0x000012b0        0x0
 .iplt          0x000012b0        0x0 c:/program files (x86)/cypress/psoc creator/4.2/psoc creator/import/gnu/arm/5.4.1/bin/../lib/gcc/arm-none-eabi/5.4.1/armv7-m/crtbegin.o

.eh_frame_hdr
 *(.eh_frame_hdr)

.eh_frame       0x000012b0        0x4
 *(.eh_frame)
 .eh_frame      0x000012b0        0x0 c:/program files (x86)/cypress/psoc creator/4.2/psoc creator/import/gnu/arm/5.4.1/bin/../lib/gcc/arm-none-eabi/5.4.1/armv7-m/crtbegin.o
 .eh_frame      0x000012b0        0x4 c:/program files (x86)/cypress/psoc creator/4.2/psoc creator/import/gnu/arm/5.4.1/bin/../lib/gcc/arm-none-eabi/5.4.1/armv7-m/crtend.o
                [!provide]                PROVIDE (__exidx_start, .)

.ARM.exidx
 *(.ARM.exidx* .gnu.linkonce.armexidx.*)
                0x000012b4                __exidx_end = .

.rodata         0x000012b4      0x15c
 *(.rodata .rodata.* .gnu.linkonce.r.*)
 .rodata        0x000012b4       0x58 .\CortexM3\ARM_GCC_541\Debug\cyfitter_cfg.o
                0x000012b4                ADC_AMux__addrTable
                0x000012bc                ADC_AMux__maskTable
 .rodata        0x0000130c       0xc8 .\CortexM3\ARM_GCC_541\Debug\14_DAC_ADC_UART_MATLAB_data_transfer.a(WaveDAC.o)
                0x0000130c                WaveDAC_wave1
                0x00001370                WaveDAC_wave2
 .rodata.str1.1
                0x000013d4        0x2 c:/program files (x86)/cypress/psoc creator/4.2/psoc creator/import/gnu/arm/5.4.1/bin/../lib/gcc/arm-none-eabi/5.4.1/../../../../arm-none-eabi/lib/armv7-m\libg_nano.a(lib_a-impure.o)
                0x000013d8                . = ALIGN (0x4)
 *fill*         0x000013d6        0x2 
 *(.init)
 .init          0x000013d8        0x4 c:/program files (x86)/cypress/psoc creator/4.2/psoc creator/import/gnu/arm/5.4.1/bin/../lib/gcc/arm-none-eabi/5.4.1/armv7-m/crti.o
                0x000013d8                _init
 .init          0x000013dc        0x8 c:/program files (x86)/cypress/psoc creator/4.2/psoc creator/import/gnu/arm/5.4.1/bin/../lib/gcc/arm-none-eabi/5.4.1/armv7-m/crtn.o
                0x000013e4                . = ALIGN (0x4)
                0x000013e4                __preinit_array_start = .
 *(.preinit_array)
                0x000013e4                __preinit_array_end = .
                0x000013e4                . = ALIGN (0x4)
                0x000013e4                __init_array_start = .
 *(SORT(.init_array.*))
 *(.init_array)
 .init_array    0x000013e4        0x4 c:/program files (x86)/cypress/psoc creator/4.2/psoc creator/import/gnu/arm/5.4.1/bin/../lib/gcc/arm-none-eabi/5.4.1/armv7-m/crtbegin.o
 .init_array    0x000013e8        0x4 .\CortexM3\ARM_GCC_541\Debug\Cm3Start.o
                0x000013ec                __init_array_end = .
                0x000013ec                . = ALIGN (0x4)
 *(.fini)
 .fini          0x000013ec        0x4 c:/program files (x86)/cypress/psoc creator/4.2/psoc creator/import/gnu/arm/5.4.1/bin/../lib/gcc/arm-none-eabi/5.4.1/armv7-m/crti.o
                0x000013ec                _fini
 .fini          0x000013f0        0x8 c:/program files (x86)/cypress/psoc creator/4.2/psoc creator/import/gnu/arm/5.4.1/bin/../lib/gcc/arm-none-eabi/5.4.1/armv7-m/crtn.o
                0x000013f8                . = ALIGN (0x4)
                0x000013f8                __fini_array_start = .
 *(.fini_array)
 .fini_array    0x000013f8        0x4 c:/program files (x86)/cypress/psoc creator/4.2/psoc creator/import/gnu/arm/5.4.1/bin/../lib/gcc/arm-none-eabi/5.4.1/armv7-m/crtbegin.o
 *(SORT(.fini_array.*))
                0x000013fc                __fini_array_end = .
                0x000013fc                . = ALIGN (0x4)
 *crtbegin.o(.ctors)
 *(EXCLUDE_FILE(*crtend.o) .ctors)
 *(SORT(.ctors.*))
 *crtend.o(.ctors)
                0x000013fc                . = ALIGN (0x4)
 *crtbegin.o(.dtors)
 *(EXCLUDE_FILE(*crtend.o) .dtors)
 *(SORT(.dtors.*))
 *crtend.o(.dtors)
                0x000013fc                . = ALIGN (0x4)
                0x000013fc                __cy_regions = .
                0x000013fc        0x4 LONG 0x1410 __cy_region_init_ram
                0x00001400        0x4 LONG 0x1fff80c8 __cy_region_start_data
                0x00001404        0x4 LONG 0x88 __cy_region_init_size_ram
                0x00001408        0x4 LONG 0xa40 __cy_region_zero_size_ram
                0x0000140c                __cy_regions_end = .
                0x00001410                . = ALIGN (0x8)
 *fill*         0x0000140c        0x4 
                0x00001410                _etext = .

.cy_checksum_exclude
                0x00001410        0x0
 *(.cy_checksum_exclude)

.ramvectors     0x1fff8000       0xc0
                0x1fff8000                __cy_region_start_ram = .
 *(.ramvectors)
 .ramvectors    0x1fff8000       0xc0 .\CortexM3\ARM_GCC_541\Debug\Cm3Start.o
                0x1fff8000                CyRamVectors

.noinit         0x1fff80c0        0x1
 *(.noinit)
 .noinit        0x1fff80c0        0x1 .\CortexM3\ARM_GCC_541\Debug\14_DAC_ADC_UART_MATLAB_data_transfer.a(CyLib.o)
                0x1fff80c0                CyResetStatus

.data           0x1fff80c8       0x88 load address 0x00001410
                0x1fff80c8                __cy_region_start_data = .
 *(.jcr)
 .jcr           0x1fff80c8        0x0 c:/program files (x86)/cypress/psoc creator/4.2/psoc creator/import/gnu/arm/5.4.1/bin/../lib/gcc/arm-none-eabi/5.4.1/armv7-m/crtbegin.o
 .jcr           0x1fff80c8        0x4 c:/program files (x86)/cypress/psoc creator/4.2/psoc creator/import/gnu/arm/5.4.1/bin/../lib/gcc/arm-none-eabi/5.4.1/armv7-m/crtend.o
 *(.got.plt)
 *(.got)
 *(.shdata)
 *(.data .data.* .gnu.linkonce.d.*)
 .data          0x1fff80cc        0x8 .\CortexM3\ARM_GCC_541\Debug\14_DAC_ADC_UART_MATLAB_data_transfer.a(CyDmac.o)
 .data          0x1fff80d4       0x10 .\CortexM3\ARM_GCC_541\Debug\14_DAC_ADC_UART_MATLAB_data_transfer.a(CyLib.o)
                0x1fff80d4                cydelay_32k_ms
                0x1fff80d8                cydelay_freq_khz
                0x1fff80dc                cydelay_freq_mhz
                0x1fff80e0                cydelay_freq_hz
 .data          0x1fff80e4        0x1 .\CortexM3\ARM_GCC_541\Debug\14_DAC_ADC_UART_MATLAB_data_transfer.a(ADC.o)
                0x1fff80e4                ADC_Config
 .data          0x1fff80e5        0x1 .\CortexM3\ARM_GCC_541\Debug\14_DAC_ADC_UART_MATLAB_data_transfer.a(ADC_AMux.o)
 .data          0x1fff80e6        0x1 .\CortexM3\ARM_GCC_541\Debug\14_DAC_ADC_UART_MATLAB_data_transfer.a(WaveDAC_Wave1_DMA_dma.o)
                0x1fff80e6                WaveDAC_Wave1_DMA_DmaHandle
 .data          0x1fff80e7        0x1 .\CortexM3\ARM_GCC_541\Debug\14_DAC_ADC_UART_MATLAB_data_transfer.a(WaveDAC_Wave2_DMA_dma.o)
                0x1fff80e7                WaveDAC_Wave2_DMA_DmaHandle
 .data.impure_data
                0x1fff80e8       0x60 c:/program files (x86)/cypress/psoc creator/4.2/psoc creator/import/gnu/arm/5.4.1/bin/../lib/gcc/arm-none-eabi/5.4.1/../../../../arm-none-eabi/lib/armv7-m\libg_nano.a(lib_a-impure.o)
 .data._impure_ptr
                0x1fff8148        0x4 c:/program files (x86)/cypress/psoc creator/4.2/psoc creator/import/gnu/arm/5.4.1/bin/../lib/gcc/arm-none-eabi/5.4.1/../../../../arm-none-eabi/lib/armv7-m\libg_nano.a(lib_a-impure.o)
                0x1fff8148                _impure_ptr
                0x1fff8150                . = ALIGN (0x8)
 *fill*         0x1fff814c        0x4 
 *(.ram)
                0x1fff8150                _edata = .

.igot.plt       0x1fff8150        0x0 load address 0x00001498
 .igot.plt      0x1fff8150        0x0 c:/program files (x86)/cypress/psoc creator/4.2/psoc creator/import/gnu/arm/5.4.1/bin/../lib/gcc/arm-none-eabi/5.4.1/armv7-m/crtbegin.o

.bss            0x1fff8150      0xa40 load address 0x00001498
                0x1fff8150                PROVIDE (__bss_start__, .)
 *(.shbss)
 *(.bss .bss.* .gnu.linkonce.b.*)
 .bss           0x1fff8150       0x1c c:/program files (x86)/cypress/psoc creator/4.2/psoc creator/import/gnu/arm/5.4.1/bin/../lib/gcc/arm-none-eabi/5.4.1/armv7-m/crtbegin.o
 .bss           0x1fff816c        0x1 .\CortexM3\ARM_GCC_541\Debug\main.o
                0x1fff816c                rx_buffer_flag
 *fill*         0x1fff816d        0x1 
 .bss           0x1fff816e        0x7 .\CortexM3\ARM_GCC_541\Debug\14_DAC_ADC_UART_MATLAB_data_transfer.a(UART.o)
                0x1fff816e                UART_initVar
                0x1fff8170                UART_txBufferRead
                0x1fff8172                UART_txBufferWrite
 *fill*         0x1fff8175        0x3 
 .bss           0x1fff8178        0xc .\CortexM3\ARM_GCC_541\Debug\14_DAC_ADC_UART_MATLAB_data_transfer.a(ADC.o)
                0x1fff817c                ADC_stopConversion
                0x1fff817d                ADC_convDone
                0x1fff817e                ADC_initVar
                0x1fff817f                ADC_started
                0x1fff8180                ADC_Offset
 .bss           0x1fff8184        0x5 .\CortexM3\ARM_GCC_541\Debug\14_DAC_ADC_UART_MATLAB_data_transfer.a(WaveDAC.o)
                0x1fff8188                WaveDAC_initVar
 *(COMMON)
 *fill*         0x1fff8189        0x3 
 COMMON         0x1fff818c      0x200 .\CortexM3\ARM_GCC_541\Debug\main.o
                0x1fff818c                tx_buffer
 COMMON         0x1fff838c      0x800 .\CortexM3\ARM_GCC_541\Debug\14_DAC_ADC_UART_MATLAB_data_transfer.a(UART.o)
                0x1fff838c                UART_txBuffer
 COMMON         0x1fff8b8c        0x4 .\CortexM3\ARM_GCC_541\Debug\14_DAC_ADC_UART_MATLAB_data_transfer.a(ADC.o)
                0x1fff8b8c                ADC_CountsPerVolt
                0x1fff8b90                . = ALIGN (0x8)
 *(.ram.b)
                0x1fff8b90                _end = .
                0x1fff8b90                __end = .
                0x1fff8b90                PROVIDE (end, .)
                0x1fff8b90                PROVIDE (__bss_end__, .)
                0x00001410                __cy_region_init_ram = LOADADDR (.data)
                0x00000088                __cy_region_init_size_ram = (_edata - ADDR (.data))
                0x00000a40                __cy_region_zero_size_ram = (_end - _edata)

.heap           0x1fff8b90       0x80 load address 0x00001498
                0x1fff8b90                . = _end
                0x1fff8c10                . = (. + 0x80)
 *fill*         0x1fff8b90       0x80 
                0x1fff8c10                __cy_heap_limit = .

.stack          0x20007800      0x800
                0x20007800                __cy_stack_limit = .
                0x20008000                . = (. + 0x800)
 *fill*         0x20007800      0x800 
                0x00000001                ASSERT ((__cy_stack_limit >= __cy_heap_limit), region RAM overflowed with stack)
                0x00000000                cy_checksum_exclude_size = (CY_APPL_LOADABLE == 0x1)?SIZEOF (.cy_checksum_exclude):0x0
                0x00000001                ASSERT ((cy_checksum_exclude_size <= CY_CHECKSUM_EXCLUDE_SIZE), CY_BOOT: Section .cy_checksum_exclude size exceedes specified limit.)

.cyloadermeta
 *(.cyloadermeta)

.cyloadablemeta
 *(.cyloadablemeta)

.cyconfigecc    0x80000000      0x39c
 *(.cyconfigecc)
 .cyconfigecc   0x80000000      0x39c .\CortexM3\ARM_GCC_541\Debug\cymetadata.o
                0x80000000                cy_meta_configecc

.cycustnvl      0x90000000        0x4
 *(.cycustnvl)
 .cycustnvl     0x90000000        0x4 .\CortexM3\ARM_GCC_541\Debug\cymetadata.o
                0x90000000                cy_meta_custnvl

.cywolatch      0x90100000        0x4
 *(.cywolatch)
 .cywolatch     0x90100000        0x4 .\CortexM3\ARM_GCC_541\Debug\cymetadata.o
                0x90100000                cy_meta_wonvl

.cyeeprom       0x90200000        0x0
 *(.cyeeprom)
                0x00000001                ASSERT ((. <= ((0x90200000 + ee_offset) + ee_size)), .cyeeprom data will not fit in EEPROM)

.cyflashprotect
                0x90400000      0x100
 *(.cyflashprotect)
 .cyflashprotect
                0x90400000      0x100 .\CortexM3\ARM_GCC_541\Debug\cymetadata.o
                0x90400000                cy_meta_flashprotect

.cymeta         0x90500000        0xc
 *(.cymeta)
 .cymeta        0x90500000        0xc .\CortexM3\ARM_GCC_541\Debug\cymetadata.o
                0x90500000                cy_metadata

.rel.dyn        0x00001498        0x0 load address 0x9050000c
 .rel.iplt      0x00001498        0x0 c:/program files (x86)/cypress/psoc creator/4.2/psoc creator/import/gnu/arm/5.4.1/bin/../lib/gcc/arm-none-eabi/5.4.1/armv7-m/crtbegin.o

.stab
 *(.stab)

.stabstr
 *(.stabstr)

.debug
 *(.debug)

.line
 *(.line)

.debug_srcinfo
 *(.debug_srcinfo)

.debug_sfnames
 *(.debug_sfnames)

.debug_aranges  0x00000000      0xbd0
 *(.debug_aranges)
 .debug_aranges
                0x00000000       0x28 .\CortexM3\ARM_GCC_541\Debug\main.o
 .debug_aranges
                0x00000028       0x68 .\CortexM3\ARM_GCC_541\Debug\cyfitter_cfg.o
 .debug_aranges
                0x00000090       0x18 .\CortexM3\ARM_GCC_541\Debug\cymetadata.o
 .debug_aranges
                0x000000a8       0x48 .\CortexM3\ARM_GCC_541\Debug\Cm3Start.o
 .debug_aranges
                0x000000f0       0xd8 .\CortexM3\ARM_GCC_541\Debug\14_DAC_ADC_UART_MATLAB_data_transfer.a(CyDmac.o)
 .debug_aranges
                0x000001c8      0x2a0 .\CortexM3\ARM_GCC_541\Debug\14_DAC_ADC_UART_MATLAB_data_transfer.a(CyLib.o)
 .debug_aranges
                0x00000468       0x98 .\CortexM3\ARM_GCC_541\Debug\14_DAC_ADC_UART_MATLAB_data_transfer.a(cyPm.o)
 .debug_aranges
                0x00000500       0xf0 .\CortexM3\ARM_GCC_541\Debug\14_DAC_ADC_UART_MATLAB_data_transfer.a(UART.o)
 .debug_aranges
                0x000005f0       0x20 .\CortexM3\ARM_GCC_541\Debug\14_DAC_ADC_UART_MATLAB_data_transfer.a(UART_INT.o)
 .debug_aranges
                0x00000610       0x70 .\CortexM3\ARM_GCC_541\Debug\14_DAC_ADC_UART_MATLAB_data_transfer.a(UART_IntClock.o)
 .debug_aranges
                0x00000680       0x80 .\CortexM3\ARM_GCC_541\Debug\14_DAC_ADC_UART_MATLAB_data_transfer.a(ISR_UART_Rx.o)
 .debug_aranges
                0x00000700       0xe8 .\CortexM3\ARM_GCC_541\Debug\14_DAC_ADC_UART_MATLAB_data_transfer.a(ADC.o)
 .debug_aranges
                0x000007e8       0x38 .\CortexM3\ARM_GCC_541\Debug\14_DAC_ADC_UART_MATLAB_data_transfer.a(ADC_INT.o)
 .debug_aranges
                0x00000820       0x30 .\CortexM3\ARM_GCC_541\Debug\14_DAC_ADC_UART_MATLAB_data_transfer.a(ADC_AMux.o)
 .debug_aranges
                0x00000850       0x70 .\CortexM3\ARM_GCC_541\Debug\14_DAC_ADC_UART_MATLAB_data_transfer.a(ADC_Ext_CP_Clk.o)
 .debug_aranges
                0x000008c0       0x80 .\CortexM3\ARM_GCC_541\Debug\14_DAC_ADC_UART_MATLAB_data_transfer.a(ADC_theACLK.o)
 .debug_aranges
                0x00000940       0x50 .\CortexM3\ARM_GCC_541\Debug\14_DAC_ADC_UART_MATLAB_data_transfer.a(WaveDAC.o)
 .debug_aranges
                0x00000990       0x70 .\CortexM3\ARM_GCC_541\Debug\14_DAC_ADC_UART_MATLAB_data_transfer.a(WaveDAC_DacClk.o)
 .debug_aranges
                0x00000a00       0x28 .\CortexM3\ARM_GCC_541\Debug\14_DAC_ADC_UART_MATLAB_data_transfer.a(WaveDAC_Wave1_DMA_dma.o)
 .debug_aranges
                0x00000a28       0x28 .\CortexM3\ARM_GCC_541\Debug\14_DAC_ADC_UART_MATLAB_data_transfer.a(WaveDAC_Wave2_DMA_dma.o)
 .debug_aranges
                0x00000a50       0x58 .\CortexM3\ARM_GCC_541\Debug\14_DAC_ADC_UART_MATLAB_data_transfer.a(WaveDAC_VDAC8.o)
 .debug_aranges
                0x00000aa8       0x20 .\CortexM3\ARM_GCC_541\Debug\14_DAC_ADC_UART_MATLAB_data_transfer.a(CyBootAsmGnu.o)
 .debug_aranges
                0x00000ac8       0x88 .\CortexM3\ARM_GCC_541\Debug\14_DAC_ADC_UART_MATLAB_data_transfer.a(CyFlash.o)
 .debug_aranges
                0x00000b50       0x80 .\CortexM3\ARM_GCC_541\Debug\14_DAC_ADC_UART_MATLAB_data_transfer.a(CySpc.o)

.debug_pubnames
 *(.debug_pubnames)

.debug_info     0x00000000     0x6cf6
 *(.debug_info .gnu.linkonce.wi.*)
 .debug_info    0x00000000      0x289 .\CortexM3\ARM_GCC_541\Debug\main.o
 .debug_info    0x00000289      0x6b3 .\CortexM3\ARM_GCC_541\Debug\cyfitter_cfg.o
 .debug_info    0x0000093c      0x135 .\CortexM3\ARM_GCC_541\Debug\cymetadata.o
 .debug_info    0x00000a71      0x3cf .\CortexM3\ARM_GCC_541\Debug\Cm3Start.o
 .debug_info    0x00000e40      0x94e .\CortexM3\ARM_GCC_541\Debug\14_DAC_ADC_UART_MATLAB_data_transfer.a(CyDmac.o)
 .debug_info    0x0000178e     0x1374 .\CortexM3\ARM_GCC_541\Debug\14_DAC_ADC_UART_MATLAB_data_transfer.a(CyLib.o)
 .debug_info    0x00002b02      0xa2a .\CortexM3\ARM_GCC_541\Debug\14_DAC_ADC_UART_MATLAB_data_transfer.a(cyPm.o)
 .debug_info    0x0000352c      0x6d7 .\CortexM3\ARM_GCC_541\Debug\14_DAC_ADC_UART_MATLAB_data_transfer.a(UART.o)
 .debug_info    0x00003c03      0x108 .\CortexM3\ARM_GCC_541\Debug\14_DAC_ADC_UART_MATLAB_data_transfer.a(UART_INT.o)
 .debug_info    0x00003d0b      0x283 .\CortexM3\ARM_GCC_541\Debug\14_DAC_ADC_UART_MATLAB_data_transfer.a(UART_IntClock.o)
 .debug_info    0x00003f8e      0x2d2 .\CortexM3\ARM_GCC_541\Debug\14_DAC_ADC_UART_MATLAB_data_transfer.a(ISR_UART_Rx.o)
 .debug_info    0x00004260      0xa19 .\CortexM3\ARM_GCC_541\Debug\14_DAC_ADC_UART_MATLAB_data_transfer.a(ADC.o)
 .debug_info    0x00004c79       0xd3 .\CortexM3\ARM_GCC_541\Debug\14_DAC_ADC_UART_MATLAB_data_transfer.a(ADC_INT.o)
 .debug_info    0x00004d4c      0x165 .\CortexM3\ARM_GCC_541\Debug\14_DAC_ADC_UART_MATLAB_data_transfer.a(ADC_AMux.o)
 .debug_info    0x00004eb1      0x283 .\CortexM3\ARM_GCC_541\Debug\14_DAC_ADC_UART_MATLAB_data_transfer.a(ADC_Ext_CP_Clk.o)
 .debug_info    0x00005134      0x2c4 .\CortexM3\ARM_GCC_541\Debug\14_DAC_ADC_UART_MATLAB_data_transfer.a(ADC_theACLK.o)
 .debug_info    0x000053f8      0x507 .\CortexM3\ARM_GCC_541\Debug\14_DAC_ADC_UART_MATLAB_data_transfer.a(WaveDAC.o)
 .debug_info    0x000058ff      0x283 .\CortexM3\ARM_GCC_541\Debug\14_DAC_ADC_UART_MATLAB_data_transfer.a(WaveDAC_DacClk.o)
 .debug_info    0x00005b82      0x1aa .\CortexM3\ARM_GCC_541\Debug\14_DAC_ADC_UART_MATLAB_data_transfer.a(WaveDAC_Wave1_DMA_dma.o)
 .debug_info    0x00005d2c      0x1a7 .\CortexM3\ARM_GCC_541\Debug\14_DAC_ADC_UART_MATLAB_data_transfer.a(WaveDAC_Wave2_DMA_dma.o)
 .debug_info    0x00005ed3      0x1de .\CortexM3\ARM_GCC_541\Debug\14_DAC_ADC_UART_MATLAB_data_transfer.a(WaveDAC_VDAC8.o)
 .debug_info    0x000060b1       0xa8 .\CortexM3\ARM_GCC_541\Debug\14_DAC_ADC_UART_MATLAB_data_transfer.a(CyBootAsmGnu.o)
 .debug_info    0x00006159      0x64d .\CortexM3\ARM_GCC_541\Debug\14_DAC_ADC_UART_MATLAB_data_transfer.a(CyFlash.o)
 .debug_info    0x000067a6      0x550 .\CortexM3\ARM_GCC_541\Debug\14_DAC_ADC_UART_MATLAB_data_transfer.a(CySpc.o)

.debug_abbrev   0x00000000     0x1d46
 *(.debug_abbrev)
 .debug_abbrev  0x00000000      0x12a .\CortexM3\ARM_GCC_541\Debug\main.o
 .debug_abbrev  0x0000012a      0x22d .\CortexM3\ARM_GCC_541\Debug\cyfitter_cfg.o
 .debug_abbrev  0x00000357       0x66 .\CortexM3\ARM_GCC_541\Debug\cymetadata.o
 .debug_abbrev  0x000003bd      0x1e8 .\CortexM3\ARM_GCC_541\Debug\Cm3Start.o
 .debug_abbrev  0x000005a5      0x1b2 .\CortexM3\ARM_GCC_541\Debug\14_DAC_ADC_UART_MATLAB_data_transfer.a(CyDmac.o)
 .debug_abbrev  0x00000757      0x254 .\CortexM3\ARM_GCC_541\Debug\14_DAC_ADC_UART_MATLAB_data_transfer.a(CyLib.o)
 .debug_abbrev  0x000009ab      0x1ab .\CortexM3\ARM_GCC_541\Debug\14_DAC_ADC_UART_MATLAB_data_transfer.a(cyPm.o)
 .debug_abbrev  0x00000b56      0x16f .\CortexM3\ARM_GCC_541\Debug\14_DAC_ADC_UART_MATLAB_data_transfer.a(UART.o)
 .debug_abbrev  0x00000cc5       0x79 .\CortexM3\ARM_GCC_541\Debug\14_DAC_ADC_UART_MATLAB_data_transfer.a(UART_INT.o)
 .debug_abbrev  0x00000d3e      0x139 .\CortexM3\ARM_GCC_541\Debug\14_DAC_ADC_UART_MATLAB_data_transfer.a(UART_IntClock.o)
 .debug_abbrev  0x00000e77      0x173 .\CortexM3\ARM_GCC_541\Debug\14_DAC_ADC_UART_MATLAB_data_transfer.a(ISR_UART_Rx.o)
 .debug_abbrev  0x00000fea      0x1eb .\CortexM3\ARM_GCC_541\Debug\14_DAC_ADC_UART_MATLAB_data_transfer.a(ADC.o)
 .debug_abbrev  0x000011d5       0x42 .\CortexM3\ARM_GCC_541\Debug\14_DAC_ADC_UART_MATLAB_data_transfer.a(ADC_INT.o)
 .debug_abbrev  0x00001217       0xb1 .\CortexM3\ARM_GCC_541\Debug\14_DAC_ADC_UART_MATLAB_data_transfer.a(ADC_AMux.o)
 .debug_abbrev  0x000012c8      0x139 .\CortexM3\ARM_GCC_541\Debug\14_DAC_ADC_UART_MATLAB_data_transfer.a(ADC_Ext_CP_Clk.o)
 .debug_abbrev  0x00001401      0x121 .\CortexM3\ARM_GCC_541\Debug\14_DAC_ADC_UART_MATLAB_data_transfer.a(ADC_theACLK.o)
 .debug_abbrev  0x00001522      0x10b .\CortexM3\ARM_GCC_541\Debug\14_DAC_ADC_UART_MATLAB_data_transfer.a(WaveDAC.o)
 .debug_abbrev  0x0000162d      0x139 .\CortexM3\ARM_GCC_541\Debug\14_DAC_ADC_UART_MATLAB_data_transfer.a(WaveDAC_DacClk.o)
 .debug_abbrev  0x00001766       0xcd .\CortexM3\ARM_GCC_541\Debug\14_DAC_ADC_UART_MATLAB_data_transfer.a(WaveDAC_Wave1_DMA_dma.o)
 .debug_abbrev  0x00001833       0xcd .\CortexM3\ARM_GCC_541\Debug\14_DAC_ADC_UART_MATLAB_data_transfer.a(WaveDAC_Wave2_DMA_dma.o)
 .debug_abbrev  0x00001900       0xf7 .\CortexM3\ARM_GCC_541\Debug\14_DAC_ADC_UART_MATLAB_data_transfer.a(WaveDAC_VDAC8.o)
 .debug_abbrev  0x000019f7       0x14 .\CortexM3\ARM_GCC_541\Debug\14_DAC_ADC_UART_MATLAB_data_transfer.a(CyBootAsmGnu.o)
 .debug_abbrev  0x00001a0b      0x1a7 .\CortexM3\ARM_GCC_541\Debug\14_DAC_ADC_UART_MATLAB_data_transfer.a(CyFlash.o)
 .debug_abbrev  0x00001bb2      0x194 .\CortexM3\ARM_GCC_541\Debug\14_DAC_ADC_UART_MATLAB_data_transfer.a(CySpc.o)

.debug_line     0x00000000     0x2d5d
 *(.debug_line)
 .debug_line    0x00000000      0x1e3 .\CortexM3\ARM_GCC_541\Debug\main.o
 .debug_line    0x000001e3      0x224 .\CortexM3\ARM_GCC_541\Debug\cyfitter_cfg.o
 .debug_line    0x00000407      0x141 .\CortexM3\ARM_GCC_541\Debug\cymetadata.o
 .debug_line    0x00000548      0x241 .\CortexM3\ARM_GCC_541\Debug\Cm3Start.o
 .debug_line    0x00000789      0x2e4 .\CortexM3\ARM_GCC_541\Debug\14_DAC_ADC_UART_MATLAB_data_transfer.a(CyDmac.o)
 .debug_line    0x00000a6d      0x816 .\CortexM3\ARM_GCC_541\Debug\14_DAC_ADC_UART_MATLAB_data_transfer.a(CyLib.o)
 .debug_line    0x00001283      0x367 .\CortexM3\ARM_GCC_541\Debug\14_DAC_ADC_UART_MATLAB_data_transfer.a(cyPm.o)
 .debug_line    0x000015ea      0x2f9 .\CortexM3\ARM_GCC_541\Debug\14_DAC_ADC_UART_MATLAB_data_transfer.a(UART.o)
 .debug_line    0x000018e3       0x7d .\CortexM3\ARM_GCC_541\Debug\14_DAC_ADC_UART_MATLAB_data_transfer.a(UART_INT.o)
 .debug_line    0x00001960      0x17c .\CortexM3\ARM_GCC_541\Debug\14_DAC_ADC_UART_MATLAB_data_transfer.a(UART_IntClock.o)
 .debug_line    0x00001adc      0x138 .\CortexM3\ARM_GCC_541\Debug\14_DAC_ADC_UART_MATLAB_data_transfer.a(ISR_UART_Rx.o)
 .debug_line    0x00001c14      0x350 .\CortexM3\ARM_GCC_541\Debug\14_DAC_ADC_UART_MATLAB_data_transfer.a(ADC.o)
 .debug_line    0x00001f64       0x80 .\CortexM3\ARM_GCC_541\Debug\14_DAC_ADC_UART_MATLAB_data_transfer.a(ADC_INT.o)
 .debug_line    0x00001fe4       0xac .\CortexM3\ARM_GCC_541\Debug\14_DAC_ADC_UART_MATLAB_data_transfer.a(ADC_AMux.o)
 .debug_line    0x00002090      0x17d .\CortexM3\ARM_GCC_541\Debug\14_DAC_ADC_UART_MATLAB_data_transfer.a(ADC_Ext_CP_Clk.o)
 .debug_line    0x0000220d      0x19d .\CortexM3\ARM_GCC_541\Debug\14_DAC_ADC_UART_MATLAB_data_transfer.a(ADC_theACLK.o)
 .debug_line    0x000023aa      0x151 .\CortexM3\ARM_GCC_541\Debug\14_DAC_ADC_UART_MATLAB_data_transfer.a(WaveDAC.o)
 .debug_line    0x000024fb      0x17d .\CortexM3\ARM_GCC_541\Debug\14_DAC_ADC_UART_MATLAB_data_transfer.a(WaveDAC_DacClk.o)
 .debug_line    0x00002678       0x8e .\CortexM3\ARM_GCC_541\Debug\14_DAC_ADC_UART_MATLAB_data_transfer.a(WaveDAC_Wave1_DMA_dma.o)
 .debug_line    0x00002706       0x8e .\CortexM3\ARM_GCC_541\Debug\14_DAC_ADC_UART_MATLAB_data_transfer.a(WaveDAC_Wave2_DMA_dma.o)
 .debug_line    0x00002794       0xe9 .\CortexM3\ARM_GCC_541\Debug\14_DAC_ADC_UART_MATLAB_data_transfer.a(WaveDAC_VDAC8.o)
 .debug_line    0x0000287d       0x66 .\CortexM3\ARM_GCC_541\Debug\14_DAC_ADC_UART_MATLAB_data_transfer.a(CyBootAsmGnu.o)
 .debug_line    0x000028e3      0x21a .\CortexM3\ARM_GCC_541\Debug\14_DAC_ADC_UART_MATLAB_data_transfer.a(CyFlash.o)
 .debug_line    0x00002afd      0x260 .\CortexM3\ARM_GCC_541\Debug\14_DAC_ADC_UART_MATLAB_data_transfer.a(CySpc.o)

.debug_frame    0x00000000     0x1d90
 *(.debug_frame)
 .debug_frame   0x00000000       0x3c .\CortexM3\ARM_GCC_541\Debug\main.o
 .debug_frame   0x0000003c      0x104 .\CortexM3\ARM_GCC_541\Debug\cyfitter_cfg.o
 .debug_frame   0x00000140       0xb8 .\CortexM3\ARM_GCC_541\Debug\Cm3Start.o
 .debug_frame   0x000001f8      0x1f8 .\CortexM3\ARM_GCC_541\Debug\14_DAC_ADC_UART_MATLAB_data_transfer.a(CyDmac.o)
 .debug_frame   0x000003f0      0x738 .\CortexM3\ARM_GCC_541\Debug\14_DAC_ADC_UART_MATLAB_data_transfer.a(CyLib.o)
 .debug_frame   0x00000b28      0x1f8 .\CortexM3\ARM_GCC_541\Debug\14_DAC_ADC_UART_MATLAB_data_transfer.a(cyPm.o)
 .debug_frame   0x00000d20      0x268 .\CortexM3\ARM_GCC_541\Debug\14_DAC_ADC_UART_MATLAB_data_transfer.a(UART.o)
 .debug_frame   0x00000f88       0x20 .\CortexM3\ARM_GCC_541\Debug\14_DAC_ADC_UART_MATLAB_data_transfer.a(UART_INT.o)
 .debug_frame   0x00000fa8       0xe0 .\CortexM3\ARM_GCC_541\Debug\14_DAC_ADC_UART_MATLAB_data_transfer.a(UART_IntClock.o)
 .debug_frame   0x00001088      0x104 .\CortexM3\ARM_GCC_541\Debug\14_DAC_ADC_UART_MATLAB_data_transfer.a(ISR_UART_Rx.o)
 .debug_frame   0x0000118c      0x284 .\CortexM3\ARM_GCC_541\Debug\14_DAC_ADC_UART_MATLAB_data_transfer.a(ADC.o)
 .debug_frame   0x00001410       0x50 .\CortexM3\ARM_GCC_541\Debug\14_DAC_ADC_UART_MATLAB_data_transfer.a(ADC_INT.o)
 .debug_frame   0x00001460       0x64 .\CortexM3\ARM_GCC_541\Debug\14_DAC_ADC_UART_MATLAB_data_transfer.a(ADC_AMux.o)
 .debug_frame   0x000014c4       0xe0 .\CortexM3\ARM_GCC_541\Debug\14_DAC_ADC_UART_MATLAB_data_transfer.a(ADC_Ext_CP_Clk.o)
 .debug_frame   0x000015a4      0x100 .\CortexM3\ARM_GCC_541\Debug\14_DAC_ADC_UART_MATLAB_data_transfer.a(ADC_theACLK.o)
 .debug_frame   0x000016a4       0xe0 .\CortexM3\ARM_GCC_541\Debug\14_DAC_ADC_UART_MATLAB_data_transfer.a(WaveDAC.o)
 .debug_frame   0x00001784       0xe0 .\CortexM3\ARM_GCC_541\Debug\14_DAC_ADC_UART_MATLAB_data_transfer.a(WaveDAC_DacClk.o)
 .debug_frame   0x00001864       0x54 .\CortexM3\ARM_GCC_541\Debug\14_DAC_ADC_UART_MATLAB_data_transfer.a(WaveDAC_Wave1_DMA_dma.o)
 .debug_frame   0x000018b8       0x54 .\CortexM3\ARM_GCC_541\Debug\14_DAC_ADC_UART_MATLAB_data_transfer.a(WaveDAC_Wave2_DMA_dma.o)
 .debug_frame   0x0000190c       0xb4 .\CortexM3\ARM_GCC_541\Debug\14_DAC_ADC_UART_MATLAB_data_transfer.a(WaveDAC_VDAC8.o)
 .debug_frame   0x000019c0      0x194 .\CortexM3\ARM_GCC_541\Debug\14_DAC_ADC_UART_MATLAB_data_transfer.a(CyFlash.o)
 .debug_frame   0x00001b54      0x180 .\CortexM3\ARM_GCC_541\Debug\14_DAC_ADC_UART_MATLAB_data_transfer.a(CySpc.o)
 .debug_frame   0x00001cd4       0x20 c:/program files (x86)/cypress/psoc creator/4.2/psoc creator/import/gnu/arm/5.4.1/bin/../lib/gcc/arm-none-eabi/5.4.1/../../../../arm-none-eabi/lib/armv7-m\libg_nano.a(lib_a-errno.o)
 .debug_frame   0x00001cf4       0x28 c:/program files (x86)/cypress/psoc creator/4.2/psoc creator/import/gnu/arm/5.4.1/bin/../lib/gcc/arm-none-eabi/5.4.1/../../../../arm-none-eabi/lib/armv7-m\libg_nano.a(lib_a-exit.o)
 .debug_frame   0x00001d1c       0x2c c:/program files (x86)/cypress/psoc creator/4.2/psoc creator/import/gnu/arm/5.4.1/bin/../lib/gcc/arm-none-eabi/5.4.1/../../../../arm-none-eabi/lib/armv7-m\libg_nano.a(lib_a-init.o)
 .debug_frame   0x00001d48       0x28 c:/program files (x86)/cypress/psoc creator/4.2/psoc creator/import/gnu/arm/5.4.1/bin/../lib/gcc/arm-none-eabi/5.4.1/../../../../arm-none-eabi/lib/armv7-m\libg_nano.a(lib_a-memcpy-stub.o)
 .debug_frame   0x00001d70       0x20 c:/program files (x86)/cypress/psoc creator/4.2/psoc creator/import/gnu/arm/5.4.1/bin/../lib/gcc/arm-none-eabi/5.4.1/../../../../arm-none-eabi/lib/armv7-m\libg_nano.a(lib_a-memset.o)

.debug_str      0x00000000     0x282a
 *(.debug_str)
 .debug_str     0x00000000      0x25c .\CortexM3\ARM_GCC_541\Debug\main.o
                                0x2ac (size before relaxing)
 .debug_str     0x0000025c      0x1fb .\CortexM3\ARM_GCC_541\Debug\cyfitter_cfg.o
                                0x3a8 (size before relaxing)
 .debug_str     0x00000457       0x75 .\CortexM3\ARM_GCC_541\Debug\cymetadata.o
                                0x1fc (size before relaxing)
 .debug_str     0x000004cc      0x154 .\CortexM3\ARM_GCC_541\Debug\Cm3Start.o
                                0x332 (size before relaxing)
 .debug_str     0x00000620      0x38a .\CortexM3\ARM_GCC_541\Debug\14_DAC_ADC_UART_MATLAB_data_transfer.a(CyDmac.o)
                                0x562 (size before relaxing)
 .debug_str     0x000009aa      0x7f1 .\CortexM3\ARM_GCC_541\Debug\14_DAC_ADC_UART_MATLAB_data_transfer.a(CyLib.o)
                                0xa5f (size before relaxing)
 .debug_str     0x0000119b      0x365 .\CortexM3\ARM_GCC_541\Debug\14_DAC_ADC_UART_MATLAB_data_transfer.a(cyPm.o)
                                0x74b (size before relaxing)
 .debug_str     0x00001500      0x2e2 .\CortexM3\ARM_GCC_541\Debug\14_DAC_ADC_UART_MATLAB_data_transfer.a(UART.o)
                                0x50e (size before relaxing)
 .debug_str     0x000017e2       0x2d .\CortexM3\ARM_GCC_541\Debug\14_DAC_ADC_UART_MATLAB_data_transfer.a(UART_INT.o)
                                0x205 (size before relaxing)
 .debug_str     0x0000180f      0x183 .\CortexM3\ARM_GCC_541\Debug\14_DAC_ADC_UART_MATLAB_data_transfer.a(UART_IntClock.o)
                                0x34e (size before relaxing)
 .debug_str     0x00001992      0x126 .\CortexM3\ARM_GCC_541\Debug\14_DAC_ADC_UART_MATLAB_data_transfer.a(ISR_UART_Rx.o)
                                0x312 (size before relaxing)
 .debug_str     0x00001ab8      0x31f .\CortexM3\ARM_GCC_541\Debug\14_DAC_ADC_UART_MATLAB_data_transfer.a(ADC.o)
                                0x5e1 (size before relaxing)
 .debug_str     0x00001dd7       0x45 .\CortexM3\ARM_GCC_541\Debug\14_DAC_ADC_UART_MATLAB_data_transfer.a(ADC_INT.o)
                                0x1d8 (size before relaxing)
 .debug_str     0x00001e1c       0x5f .\CortexM3\ARM_GCC_541\Debug\14_DAC_ADC_UART_MATLAB_data_transfer.a(ADC_AMux.o)
                                0x217 (size before relaxing)
 .debug_str     0x00001e7b      0x12a .\CortexM3\ARM_GCC_541\Debug\14_DAC_ADC_UART_MATLAB_data_transfer.a(ADC_Ext_CP_Clk.o)
                                0x35a (size before relaxing)
 .debug_str     0x00001fa5      0x14f .\CortexM3\ARM_GCC_541\Debug\14_DAC_ADC_UART_MATLAB_data_transfer.a(ADC_theACLK.o)
                                0x379 (size before relaxing)
 .debug_str     0x000020f4      0x216 .\CortexM3\ARM_GCC_541\Debug\14_DAC_ADC_UART_MATLAB_data_transfer.a(WaveDAC.o)
                                0x436 (size before relaxing)
 .debug_str     0x0000230a      0x142 .\CortexM3\ARM_GCC_541\Debug\14_DAC_ADC_UART_MATLAB_data_transfer.a(WaveDAC_DacClk.o)
                                0x35a (size before relaxing)
 .debug_str     0x0000244c       0xa3 .\CortexM3\ARM_GCC_541\Debug\14_DAC_ADC_UART_MATLAB_data_transfer.a(WaveDAC_Wave1_DMA_dma.o)
                                0x2b4 (size before relaxing)
 .debug_str     0x000024ef       0x68 .\CortexM3\ARM_GCC_541\Debug\14_DAC_ADC_UART_MATLAB_data_transfer.a(WaveDAC_Wave2_DMA_dma.o)
                                0x2b4 (size before relaxing)
 .debug_str     0x00002557       0x73 .\CortexM3\ARM_GCC_541\Debug\14_DAC_ADC_UART_MATLAB_data_transfer.a(WaveDAC_VDAC8.o)
                                0x287 (size before relaxing)
 .debug_str     0x000025ca      0x1b4 .\CortexM3\ARM_GCC_541\Debug\14_DAC_ADC_UART_MATLAB_data_transfer.a(CyFlash.o)
                                0x3d8 (size before relaxing)
 .debug_str     0x0000277e       0xac .\CortexM3\ARM_GCC_541\Debug\14_DAC_ADC_UART_MATLAB_data_transfer.a(CySpc.o)
                                0x350 (size before relaxing)

.debug_loc      0x00000000     0x37dc
 *(.debug_loc)
 .debug_loc     0x00000000       0x6a .\CortexM3\ARM_GCC_541\Debug\main.o
 .debug_loc     0x0000006a      0x2cb .\CortexM3\ARM_GCC_541\Debug\cyfitter_cfg.o
 .debug_loc     0x00000335      0x144 .\CortexM3\ARM_GCC_541\Debug\Cm3Start.o
 .debug_loc     0x00000479      0xb8e .\CortexM3\ARM_GCC_541\Debug\14_DAC_ADC_UART_MATLAB_data_transfer.a(CyDmac.o)
 .debug_loc     0x00001007      0xa11 .\CortexM3\ARM_GCC_541\Debug\14_DAC_ADC_UART_MATLAB_data_transfer.a(CyLib.o)
 .debug_loc     0x00001a18      0x1e4 .\CortexM3\ARM_GCC_541\Debug\14_DAC_ADC_UART_MATLAB_data_transfer.a(cyPm.o)
 .debug_loc     0x00001bfc      0x276 .\CortexM3\ARM_GCC_541\Debug\14_DAC_ADC_UART_MATLAB_data_transfer.a(UART.o)
 .debug_loc     0x00001e72      0x128 .\CortexM3\ARM_GCC_541\Debug\14_DAC_ADC_UART_MATLAB_data_transfer.a(UART_IntClock.o)
 .debug_loc     0x00001f9a       0x56 .\CortexM3\ARM_GCC_541\Debug\14_DAC_ADC_UART_MATLAB_data_transfer.a(ISR_UART_Rx.o)
 .debug_loc     0x00001ff0      0x68c .\CortexM3\ARM_GCC_541\Debug\14_DAC_ADC_UART_MATLAB_data_transfer.a(ADC.o)
 .debug_loc     0x0000267c       0x6c .\CortexM3\ARM_GCC_541\Debug\14_DAC_ADC_UART_MATLAB_data_transfer.a(ADC_AMux.o)
 .debug_loc     0x000026e8      0x12c .\CortexM3\ARM_GCC_541\Debug\14_DAC_ADC_UART_MATLAB_data_transfer.a(ADC_Ext_CP_Clk.o)
 .debug_loc     0x00002814      0x14d .\CortexM3\ARM_GCC_541\Debug\14_DAC_ADC_UART_MATLAB_data_transfer.a(ADC_theACLK.o)
 .debug_loc     0x00002961      0x11b .\CortexM3\ARM_GCC_541\Debug\14_DAC_ADC_UART_MATLAB_data_transfer.a(WaveDAC.o)
 .debug_loc     0x00002a7c      0x128 .\CortexM3\ARM_GCC_541\Debug\14_DAC_ADC_UART_MATLAB_data_transfer.a(WaveDAC_DacClk.o)
 .debug_loc     0x00002ba4       0x84 .\CortexM3\ARM_GCC_541\Debug\14_DAC_ADC_UART_MATLAB_data_transfer.a(WaveDAC_Wave1_DMA_dma.o)
 .debug_loc     0x00002c28       0x84 .\CortexM3\ARM_GCC_541\Debug\14_DAC_ADC_UART_MATLAB_data_transfer.a(WaveDAC_Wave2_DMA_dma.o)
 .debug_loc     0x00002cac       0x79 .\CortexM3\ARM_GCC_541\Debug\14_DAC_ADC_UART_MATLAB_data_transfer.a(WaveDAC_VDAC8.o)
 .debug_loc     0x00002d25      0x3b2 .\CortexM3\ARM_GCC_541\Debug\14_DAC_ADC_UART_MATLAB_data_transfer.a(CyFlash.o)
 .debug_loc     0x000030d7      0x705 .\CortexM3\ARM_GCC_541\Debug\14_DAC_ADC_UART_MATLAB_data_transfer.a(CySpc.o)

.debug_macinfo
 *(.debug_macinfo)

.debug_ranges   0x00000000      0xa50
 *(.debug_ranges)
 .debug_ranges  0x00000000       0x30 .\CortexM3\ARM_GCC_541\Debug\main.o
 .debug_ranges  0x00000030       0x58 .\CortexM3\ARM_GCC_541\Debug\cyfitter_cfg.o
 .debug_ranges  0x00000088       0x38 .\CortexM3\ARM_GCC_541\Debug\Cm3Start.o
 .debug_ranges  0x000000c0       0xc8 .\CortexM3\ARM_GCC_541\Debug\14_DAC_ADC_UART_MATLAB_data_transfer.a(CyDmac.o)
 .debug_ranges  0x00000188      0x290 .\CortexM3\ARM_GCC_541\Debug\14_DAC_ADC_UART_MATLAB_data_transfer.a(CyLib.o)
 .debug_ranges  0x00000418       0x88 .\CortexM3\ARM_GCC_541\Debug\14_DAC_ADC_UART_MATLAB_data_transfer.a(cyPm.o)
 .debug_ranges  0x000004a0       0xe0 .\CortexM3\ARM_GCC_541\Debug\14_DAC_ADC_UART_MATLAB_data_transfer.a(UART.o)
 .debug_ranges  0x00000580       0x10 .\CortexM3\ARM_GCC_541\Debug\14_DAC_ADC_UART_MATLAB_data_transfer.a(UART_INT.o)
 .debug_ranges  0x00000590       0x60 .\CortexM3\ARM_GCC_541\Debug\14_DAC_ADC_UART_MATLAB_data_transfer.a(UART_IntClock.o)
 .debug_ranges  0x000005f0       0x70 .\CortexM3\ARM_GCC_541\Debug\14_DAC_ADC_UART_MATLAB_data_transfer.a(ISR_UART_Rx.o)
 .debug_ranges  0x00000660       0xd8 .\CortexM3\ARM_GCC_541\Debug\14_DAC_ADC_UART_MATLAB_data_transfer.a(ADC.o)
 .debug_ranges  0x00000738       0x28 .\CortexM3\ARM_GCC_541\Debug\14_DAC_ADC_UART_MATLAB_data_transfer.a(ADC_INT.o)
 .debug_ranges  0x00000760       0x20 .\CortexM3\ARM_GCC_541\Debug\14_DAC_ADC_UART_MATLAB_data_transfer.a(ADC_AMux.o)
 .debug_ranges  0x00000780       0x60 .\CortexM3\ARM_GCC_541\Debug\14_DAC_ADC_UART_MATLAB_data_transfer.a(ADC_Ext_CP_Clk.o)
 .debug_ranges  0x000007e0       0x70 .\CortexM3\ARM_GCC_541\Debug\14_DAC_ADC_UART_MATLAB_data_transfer.a(ADC_theACLK.o)
 .debug_ranges  0x00000850       0x40 .\CortexM3\ARM_GCC_541\Debug\14_DAC_ADC_UART_MATLAB_data_transfer.a(WaveDAC.o)
 .debug_ranges  0x00000890       0x60 .\CortexM3\ARM_GCC_541\Debug\14_DAC_ADC_UART_MATLAB_data_transfer.a(WaveDAC_DacClk.o)
 .debug_ranges  0x000008f0       0x18 .\CortexM3\ARM_GCC_541\Debug\14_DAC_ADC_UART_MATLAB_data_transfer.a(WaveDAC_Wave1_DMA_dma.o)
 .debug_ranges  0x00000908       0x18 .\CortexM3\ARM_GCC_541\Debug\14_DAC_ADC_UART_MATLAB_data_transfer.a(WaveDAC_Wave2_DMA_dma.o)
 .debug_ranges  0x00000920       0x48 .\CortexM3\ARM_GCC_541\Debug\14_DAC_ADC_UART_MATLAB_data_transfer.a(WaveDAC_VDAC8.o)
 .debug_ranges  0x00000968       0x78 .\CortexM3\ARM_GCC_541\Debug\14_DAC_ADC_UART_MATLAB_data_transfer.a(CyFlash.o)
 .debug_ranges  0x000009e0       0x70 .\CortexM3\ARM_GCC_541\Debug\14_DAC_ADC_UART_MATLAB_data_transfer.a(CySpc.o)

.comment        0x00000000       0x6e
 .comment       0x00000000       0x6e .\CortexM3\ARM_GCC_541\Debug\main.o
                                 0x6f (size before relaxing)
 .comment       0x0000006e       0x6f .\CortexM3\ARM_GCC_541\Debug\cyfitter_cfg.o
 .comment       0x0000006e       0x6f .\CortexM3\ARM_GCC_541\Debug\cymetadata.o
 .comment       0x0000006e       0x6f .\CortexM3\ARM_GCC_541\Debug\Cm3Start.o
 .comment       0x0000006e       0x6f .\CortexM3\ARM_GCC_541\Debug\14_DAC_ADC_UART_MATLAB_data_transfer.a(CyDmac.o)
 .comment       0x0000006e       0x6f .\CortexM3\ARM_GCC_541\Debug\14_DAC_ADC_UART_MATLAB_data_transfer.a(CyLib.o)
 .comment       0x0000006e       0x6f .\CortexM3\ARM_GCC_541\Debug\14_DAC_ADC_UART_MATLAB_data_transfer.a(cyPm.o)
 .comment       0x0000006e       0x6f .\CortexM3\ARM_GCC_541\Debug\14_DAC_ADC_UART_MATLAB_data_transfer.a(UART.o)
 .comment       0x0000006e       0x6f .\CortexM3\ARM_GCC_541\Debug\14_DAC_ADC_UART_MATLAB_data_transfer.a(UART_INT.o)
 .comment       0x0000006e       0x6f .\CortexM3\ARM_GCC_541\Debug\14_DAC_ADC_UART_MATLAB_data_transfer.a(UART_IntClock.o)
 .comment       0x0000006e       0x6f .\CortexM3\ARM_GCC_541\Debug\14_DAC_ADC_UART_MATLAB_data_transfer.a(ISR_UART_Rx.o)
 .comment       0x0000006e       0x6f .\CortexM3\ARM_GCC_541\Debug\14_DAC_ADC_UART_MATLAB_data_transfer.a(ADC.o)
 .comment       0x0000006e       0x6f .\CortexM3\ARM_GCC_541\Debug\14_DAC_ADC_UART_MATLAB_data_transfer.a(ADC_INT.o)
 .comment       0x0000006e       0x6f .\CortexM3\ARM_GCC_541\Debug\14_DAC_ADC_UART_MATLAB_data_transfer.a(ADC_AMux.o)
 .comment       0x0000006e       0x6f .\CortexM3\ARM_GCC_541\Debug\14_DAC_ADC_UART_MATLAB_data_transfer.a(ADC_Ext_CP_Clk.o)
 .comment       0x0000006e       0x6f .\CortexM3\ARM_GCC_541\Debug\14_DAC_ADC_UART_MATLAB_data_transfer.a(ADC_theACLK.o)
 .comment       0x0000006e       0x6f .\CortexM3\ARM_GCC_541\Debug\14_DAC_ADC_UART_MATLAB_data_transfer.a(WaveDAC.o)
 .comment       0x0000006e       0x6f .\CortexM3\ARM_GCC_541\Debug\14_DAC_ADC_UART_MATLAB_data_transfer.a(WaveDAC_DacClk.o)
 .comment       0x0000006e       0x6f .\CortexM3\ARM_GCC_541\Debug\14_DAC_ADC_UART_MATLAB_data_transfer.a(WaveDAC_Wave1_DMA_dma.o)
 .comment       0x0000006e       0x6f .\CortexM3\ARM_GCC_541\Debug\14_DAC_ADC_UART_MATLAB_data_transfer.a(WaveDAC_Wave2_DMA_dma.o)
 .comment       0x0000006e       0x6f .\CortexM3\ARM_GCC_541\Debug\14_DAC_ADC_UART_MATLAB_data_transfer.a(WaveDAC_VDAC8.o)
 .comment       0x0000006e       0x6f .\CortexM3\ARM_GCC_541\Debug\14_DAC_ADC_UART_MATLAB_data_transfer.a(CyFlash.o)
 .comment       0x0000006e       0x6f .\CortexM3\ARM_GCC_541\Debug\14_DAC_ADC_UART_MATLAB_data_transfer.a(CySpc.o)

.debug_weaknames
 *(.debug_weaknames)

.debug_funcnames
 *(.debug_funcnames)

.debug_typenames
 *(.debug_typenames)

.debug_varnames
 *(.debug_varnames)

.note.gnu.arm.ident
 *(.note.gnu.arm.ident)

.ARM.attributes
                0x00000000       0x29
 *(.ARM.attributes)
 .ARM.attributes
                0x00000000       0x1d c:/program files (x86)/cypress/psoc creator/4.2/psoc creator/import/gnu/arm/5.4.1/bin/../lib/gcc/arm-none-eabi/5.4.1/armv7-m/crti.o
 .ARM.attributes
                0x0000001d       0x2d c:/program files (x86)/cypress/psoc creator/4.2/psoc creator/import/gnu/arm/5.4.1/bin/../lib/gcc/arm-none-eabi/5.4.1/armv7-m/crtbegin.o
 .ARM.attributes
                0x0000004a       0x1b c:/program files (x86)/cypress/psoc creator/4.2/psoc creator/import/gnu/arm/5.4.1/bin/../lib/gcc/arm-none-eabi/5.4.1/../../../../arm-none-eabi/lib/armv7-m/crt0.o
 .ARM.attributes
                0x00000065       0x33 .\CortexM3\ARM_GCC_541\Debug\main.o
 .ARM.attributes
                0x00000098       0x33 .\CortexM3\ARM_GCC_541\Debug\cyfitter_cfg.o
 .ARM.attributes
                0x000000cb       0x33 .\CortexM3\ARM_GCC_541\Debug\cymetadata.o
 .ARM.attributes
                0x000000fe       0x33 .\CortexM3\ARM_GCC_541\Debug\Cm3Start.o
 .ARM.attributes
                0x00000131       0x33 .\CortexM3\ARM_GCC_541\Debug\14_DAC_ADC_UART_MATLAB_data_transfer.a(CyDmac.o)
 .ARM.attributes
                0x00000164       0x33 .\CortexM3\ARM_GCC_541\Debug\14_DAC_ADC_UART_MATLAB_data_transfer.a(CyLib.o)
 .ARM.attributes
                0x00000197       0x33 .\CortexM3\ARM_GCC_541\Debug\14_DAC_ADC_UART_MATLAB_data_transfer.a(cyPm.o)
 .ARM.attributes
                0x000001ca       0x33 .\CortexM3\ARM_GCC_541\Debug\14_DAC_ADC_UART_MATLAB_data_transfer.a(UART.o)
 .ARM.attributes
                0x000001fd       0x33 .\CortexM3\ARM_GCC_541\Debug\14_DAC_ADC_UART_MATLAB_data_transfer.a(UART_INT.o)
 .ARM.attributes
                0x00000230       0x33 .\CortexM3\ARM_GCC_541\Debug\14_DAC_ADC_UART_MATLAB_data_transfer.a(UART_IntClock.o)
 .ARM.attributes
                0x00000263       0x33 .\CortexM3\ARM_GCC_541\Debug\14_DAC_ADC_UART_MATLAB_data_transfer.a(ISR_UART_Rx.o)
 .ARM.attributes
                0x00000296       0x33 .\CortexM3\ARM_GCC_541\Debug\14_DAC_ADC_UART_MATLAB_data_transfer.a(ADC.o)
 .ARM.attributes
                0x000002c9       0x33 .\CortexM3\ARM_GCC_541\Debug\14_DAC_ADC_UART_MATLAB_data_transfer.a(ADC_INT.o)
 .ARM.attributes
                0x000002fc       0x33 .\CortexM3\ARM_GCC_541\Debug\14_DAC_ADC_UART_MATLAB_data_transfer.a(ADC_AMux.o)
 .ARM.attributes
                0x0000032f       0x33 .\CortexM3\ARM_GCC_541\Debug\14_DAC_ADC_UART_MATLAB_data_transfer.a(ADC_Ext_CP_Clk.o)
 .ARM.attributes
                0x00000362       0x33 .\CortexM3\ARM_GCC_541\Debug\14_DAC_ADC_UART_MATLAB_data_transfer.a(ADC_theACLK.o)
 .ARM.attributes
                0x00000395       0x33 .\CortexM3\ARM_GCC_541\Debug\14_DAC_ADC_UART_MATLAB_data_transfer.a(WaveDAC.o)
 .ARM.attributes
                0x000003c8       0x33 .\CortexM3\ARM_GCC_541\Debug\14_DAC_ADC_UART_MATLAB_data_transfer.a(WaveDAC_DacClk.o)
 .ARM.attributes
                0x000003fb       0x33 .\CortexM3\ARM_GCC_541\Debug\14_DAC_ADC_UART_MATLAB_data_transfer.a(WaveDAC_Wave1_DMA_dma.o)
 .ARM.attributes
                0x0000042e       0x33 .\CortexM3\ARM_GCC_541\Debug\14_DAC_ADC_UART_MATLAB_data_transfer.a(WaveDAC_Wave2_DMA_dma.o)
 .ARM.attributes
                0x00000461       0x33 .\CortexM3\ARM_GCC_541\Debug\14_DAC_ADC_UART_MATLAB_data_transfer.a(WaveDAC_VDAC8.o)
 .ARM.attributes
                0x00000494       0x21 .\CortexM3\ARM_GCC_541\Debug\14_DAC_ADC_UART_MATLAB_data_transfer.a(CyBootAsmGnu.o)
 .ARM.attributes
                0x000004b5       0x33 .\CortexM3\ARM_GCC_541\Debug\14_DAC_ADC_UART_MATLAB_data_transfer.a(CyFlash.o)
 .ARM.attributes
                0x000004e8       0x33 .\CortexM3\ARM_GCC_541\Debug\14_DAC_ADC_UART_MATLAB_data_transfer.a(CySpc.o)
 .ARM.attributes
                0x0000051b       0x1d c:/program files (x86)/cypress/psoc creator/4.2/psoc creator/import/gnu/arm/5.4.1/bin/../lib/gcc/arm-none-eabi/5.4.1/armv7-m\libgcc.a(_arm_addsubdf3.o)
 .ARM.attributes
                0x00000538       0x1d c:/program files (x86)/cypress/psoc creator/4.2/psoc creator/import/gnu/arm/5.4.1/bin/../lib/gcc/arm-none-eabi/5.4.1/armv7-m\libgcc.a(_arm_cmpdf2.o)
 .ARM.attributes
                0x00000555       0x1d c:/program files (x86)/cypress/psoc creator/4.2/psoc creator/import/gnu/arm/5.4.1/bin/../lib/gcc/arm-none-eabi/5.4.1/armv7-m\libgcc.a(_arm_addsubsf3.o)
 .ARM.attributes
                0x00000572       0x1d c:/program files (x86)/cypress/psoc creator/4.2/psoc creator/import/gnu/arm/5.4.1/bin/../lib/gcc/arm-none-eabi/5.4.1/armv7-m\libgcc.a(_arm_muldivsf3.o)
 .ARM.attributes
                0x0000058f       0x1d c:/program files (x86)/cypress/psoc creator/4.2/psoc creator/import/gnu/arm/5.4.1/bin/../lib/gcc/arm-none-eabi/5.4.1/armv7-m\libgcc.a(_arm_fixunssfsi.o)
 .ARM.attributes
                0x000005ac       0x2d c:/program files (x86)/cypress/psoc creator/4.2/psoc creator/import/gnu/arm/5.4.1/bin/../lib/gcc/arm-none-eabi/5.4.1/../../../../arm-none-eabi/lib/armv7-m\libg_nano.a(lib_a-errno.o)
 .ARM.attributes
                0x000005d9       0x2d c:/program files (x86)/cypress/psoc creator/4.2/psoc creator/import/gnu/arm/5.4.1/bin/../lib/gcc/arm-none-eabi/5.4.1/../../../../arm-none-eabi/lib/armv7-m\libg_nano.a(lib_a-exit.o)
 .ARM.attributes
                0x00000606       0x2d c:/program files (x86)/cypress/psoc creator/4.2/psoc creator/import/gnu/arm/5.4.1/bin/../lib/gcc/arm-none-eabi/5.4.1/../../../../arm-none-eabi/lib/armv7-m\libg_nano.a(lib_a-impure.o)
 .ARM.attributes
                0x00000633       0x2d c:/program files (x86)/cypress/psoc creator/4.2/psoc creator/import/gnu/arm/5.4.1/bin/../lib/gcc/arm-none-eabi/5.4.1/../../../../arm-none-eabi/lib/armv7-m\libg_nano.a(lib_a-init.o)
 .ARM.attributes
                0x00000660       0x2d c:/program files (x86)/cypress/psoc creator/4.2/psoc creator/import/gnu/arm/5.4.1/bin/../lib/gcc/arm-none-eabi/5.4.1/../../../../arm-none-eabi/lib/armv7-m\libg_nano.a(lib_a-memcpy-stub.o)
 .ARM.attributes
                0x0000068d       0x2d c:/program files (x86)/cypress/psoc creator/4.2/psoc creator/import/gnu/arm/5.4.1/bin/../lib/gcc/arm-none-eabi/5.4.1/../../../../arm-none-eabi/lib/armv7-m\libg_nano.a(lib_a-memset.o)
 .ARM.attributes
                0x000006ba       0x2d c:/program files (x86)/cypress/psoc creator/4.2/psoc creator/import/gnu/arm/5.4.1/bin/../lib/gcc/arm-none-eabi/5.4.1/armv7-m/crtend.o
 .ARM.attributes
                0x000006e7       0x1d c:/program files (x86)/cypress/psoc creator/4.2/psoc creator/import/gnu/arm/5.4.1/bin/../lib/gcc/arm-none-eabi/5.4.1/armv7-m/crtn.o

/DISCARD/
 *(.note.GNU-stack)
OUTPUT(D:\h_da\Lecturs\Basic Embedded\Embedded_basics\14_DAC_ADC_UART_MATLAB_data_transfer.cydsn\CortexM3\ARM_GCC_541\Debug\14_DAC_ADC_UART_MATLAB_data_transfer.elf elf32-littlearm)
