Archive member included to satisfy reference by file (symbol)

.\CortexM3\ARM_GCC_541\Debug\10_UART_with_swbuffer_talkback_capitalize.a(CyLib.o)
                              .\CortexM3\ARM_GCC_541\Debug\Cm3Start.o (CyHalt)
.\CortexM3\ARM_GCC_541\Debug\10_UART_with_swbuffer_talkback_capitalize.a(cyPm.o)
                              .\CortexM3\ARM_GCC_541\Debug\10_UART_with_swbuffer_talkback_capitalize.a(CyLib.o) (CyPmReadStatus)
.\CortexM3\ARM_GCC_541\Debug\10_UART_with_swbuffer_talkback_capitalize.a(UART.o)
                              .\CortexM3\ARM_GCC_541\Debug\main.o (UART_Start)
.\CortexM3\ARM_GCC_541\Debug\10_UART_with_swbuffer_talkback_capitalize.a(UART_INT.o)
                              .\CortexM3\ARM_GCC_541\Debug\10_UART_with_swbuffer_talkback_capitalize.a(UART.o) (UART_TXISR)
.\CortexM3\ARM_GCC_541\Debug\10_UART_with_swbuffer_talkback_capitalize.a(UART_IntClock.o)
                              .\CortexM3\ARM_GCC_541\Debug\10_UART_with_swbuffer_talkback_capitalize.a(UART.o) (UART_IntClock_Start)
.\CortexM3\ARM_GCC_541\Debug\10_UART_with_swbuffer_talkback_capitalize.a(ISR_UART_Rx.o)
                              .\CortexM3\ARM_GCC_541\Debug\main.o (ISR_UART_Rx_StartEx)
.\CortexM3\ARM_GCC_541\Debug\10_UART_with_swbuffer_talkback_capitalize.a(CyBootAsmGnu.o)
                              .\CortexM3\ARM_GCC_541\Debug\cyfitter_cfg.o (CyDelayCycles)
.\CortexM3\ARM_GCC_541\Debug\10_UART_with_swbuffer_talkback_capitalize.a(CyFlash.o)
                              .\CortexM3\ARM_GCC_541\Debug\10_UART_with_swbuffer_talkback_capitalize.a(cyPm.o) (CyFlash_SetWaitCycles)
.\CortexM3\ARM_GCC_541\Debug\10_UART_with_swbuffer_talkback_capitalize.a(CySpc.o)
                              .\CortexM3\ARM_GCC_541\Debug\10_UART_with_swbuffer_talkback_capitalize.a(CyFlash.o) (CySpcStart)
c:/program files (x86)/cypress/psoc creator/4.2/psoc creator/import/gnu/arm/5.4.1/bin/../lib/gcc/arm-none-eabi/5.4.1/../../../../arm-none-eabi/lib/armv7-m\libg_nano.a(lib_a-errno.o)
                              .\CortexM3\ARM_GCC_541\Debug\Cm3Start.o (__errno)
c:/program files (x86)/cypress/psoc creator/4.2/psoc creator/import/gnu/arm/5.4.1/bin/../lib/gcc/arm-none-eabi/5.4.1/../../../../arm-none-eabi/lib/armv7-m\libg_nano.a(lib_a-exit.o)
                              c:/program files (x86)/cypress/psoc creator/4.2/psoc creator/import/gnu/arm/5.4.1/bin/../lib/gcc/arm-none-eabi/5.4.1/../../../../arm-none-eabi/lib/armv7-m/crt0.o (exit)
c:/program files (x86)/cypress/psoc creator/4.2/psoc creator/import/gnu/arm/5.4.1/bin/../lib/gcc/arm-none-eabi/5.4.1/../../../../arm-none-eabi/lib/armv7-m\libg_nano.a(lib_a-impure.o)
                              c:/program files (x86)/cypress/psoc creator/4.2/psoc creator/import/gnu/arm/5.4.1/bin/../lib/gcc/arm-none-eabi/5.4.1/../../../../arm-none-eabi/lib/armv7-m\libg_nano.a(lib_a-exit.o) (_global_impure_ptr)
c:/program files (x86)/cypress/psoc creator/4.2/psoc creator/import/gnu/arm/5.4.1/bin/../lib/gcc/arm-none-eabi/5.4.1/../../../../arm-none-eabi/lib/armv7-m\libg_nano.a(lib_a-init.o)
                              c:/program files (x86)/cypress/psoc creator/4.2/psoc creator/import/gnu/arm/5.4.1/bin/../lib/gcc/arm-none-eabi/5.4.1/../../../../arm-none-eabi/lib/armv7-m/crt0.o (__libc_init_array)
c:/program files (x86)/cypress/psoc creator/4.2/psoc creator/import/gnu/arm/5.4.1/bin/../lib/gcc/arm-none-eabi/5.4.1/../../../../arm-none-eabi/lib/armv7-m\libg_nano.a(lib_a-memcpy-stub.o)
                              .\CortexM3\ARM_GCC_541\Debug\cyfitter_cfg.o (memcpy)
c:/program files (x86)/cypress/psoc creator/4.2/psoc creator/import/gnu/arm/5.4.1/bin/../lib/gcc/arm-none-eabi/5.4.1/../../../../arm-none-eabi/lib/armv7-m\libg_nano.a(lib_a-memset.o)
                              c:/program files (x86)/cypress/psoc creator/4.2/psoc creator/import/gnu/arm/5.4.1/bin/../lib/gcc/arm-none-eabi/5.4.1/../../../../arm-none-eabi/lib/armv7-m/crt0.o (memset)

Allocating common symbols
Common symbol       size              file

buffer              0x64              .\CortexM3\ARM_GCC_541\Debug\main.o
dieTemperature      0x2               .\CortexM3\ARM_GCC_541\Debug\10_UART_with_swbuffer_talkback_capitalize.a(CyFlash.o)
UART_txBuffer       0x200             .\CortexM3\ARM_GCC_541\Debug\10_UART_with_swbuffer_talkback_capitalize.a(UART.o)

Discarded input sections

 .text          0x00000000        0x0 c:/program files (x86)/cypress/psoc creator/4.2/psoc creator/import/gnu/arm/5.4.1/bin/../lib/gcc/arm-none-eabi/5.4.1/armv7-m/crti.o
 .data          0x00000000        0x0 c:/program files (x86)/cypress/psoc creator/4.2/psoc creator/import/gnu/arm/5.4.1/bin/../lib/gcc/arm-none-eabi/5.4.1/armv7-m/crti.o
 .bss           0x00000000        0x0 c:/program files (x86)/cypress/psoc creator/4.2/psoc creator/import/gnu/arm/5.4.1/bin/../lib/gcc/arm-none-eabi/5.4.1/armv7-m/crti.o
 .data          0x00000000        0x4 c:/program files (x86)/cypress/psoc creator/4.2/psoc creator/import/gnu/arm/5.4.1/bin/../lib/gcc/arm-none-eabi/5.4.1/armv7-m/crtbegin.o
 .text          0x00000000       0x74 c:/program files (x86)/cypress/psoc creator/4.2/psoc creator/import/gnu/arm/5.4.1/bin/../lib/gcc/arm-none-eabi/5.4.1/../../../../arm-none-eabi/lib/armv7-m/crt0.o
 .data          0x00000000        0x0 c:/program files (x86)/cypress/psoc creator/4.2/psoc creator/import/gnu/arm/5.4.1/bin/../lib/gcc/arm-none-eabi/5.4.1/../../../../arm-none-eabi/lib/armv7-m/crt0.o
 .bss           0x00000000        0x0 c:/program files (x86)/cypress/psoc creator/4.2/psoc creator/import/gnu/arm/5.4.1/bin/../lib/gcc/arm-none-eabi/5.4.1/../../../../arm-none-eabi/lib/armv7-m/crt0.o
 .ARM.extab     0x00000000        0x0 c:/program files (x86)/cypress/psoc creator/4.2/psoc creator/import/gnu/arm/5.4.1/bin/../lib/gcc/arm-none-eabi/5.4.1/../../../../arm-none-eabi/lib/armv7-m/crt0.o
 .ARM.exidx     0x00000000        0x8 c:/program files (x86)/cypress/psoc creator/4.2/psoc creator/import/gnu/arm/5.4.1/bin/../lib/gcc/arm-none-eabi/5.4.1/../../../../arm-none-eabi/lib/armv7-m/crt0.o
 .text          0x00000000        0x0 .\CortexM3\ARM_GCC_541\Debug\main.o
 .data          0x00000000        0x0 .\CortexM3\ARM_GCC_541\Debug\main.o
 .text          0x00000000        0x0 .\CortexM3\ARM_GCC_541\Debug\cyfitter_cfg.o
 .data          0x00000000        0x0 .\CortexM3\ARM_GCC_541\Debug\cyfitter_cfg.o
 .bss           0x00000000        0x0 .\CortexM3\ARM_GCC_541\Debug\cyfitter_cfg.o
 .text.SetAnalogRoutingPumps
                0x00000000       0x10 .\CortexM3\ARM_GCC_541\Debug\cyfitter_cfg.o
 .text          0x00000000        0x0 .\CortexM3\ARM_GCC_541\Debug\cymetadata.o
 .data          0x00000000        0x0 .\CortexM3\ARM_GCC_541\Debug\cymetadata.o
 .bss           0x00000000        0x0 .\CortexM3\ARM_GCC_541\Debug\cymetadata.o
 .text          0x00000000        0x0 .\CortexM3\ARM_GCC_541\Debug\Cm3Start.o
 .data          0x00000000        0x4 .\CortexM3\ARM_GCC_541\Debug\Cm3Start.o
 .bss           0x00000000        0x0 .\CortexM3\ARM_GCC_541\Debug\Cm3Start.o
 .text._exit    0x00000000        0xc .\CortexM3\ARM_GCC_541\Debug\Cm3Start.o
 .text._sbrk    0x00000000       0x30 .\CortexM3\ARM_GCC_541\Debug\Cm3Start.o
 .text          0x00000000        0x0 .\CortexM3\ARM_GCC_541\Debug\10_UART_with_swbuffer_talkback_capitalize.a(CyLib.o)
 .bss           0x00000000       0x1c .\CortexM3\ARM_GCC_541\Debug\10_UART_with_swbuffer_talkback_capitalize.a(CyLib.o)
 .text.CyUSB_PowerOnCheck
                0x00000000       0x48 .\CortexM3\ARM_GCC_541\Debug\10_UART_with_swbuffer_talkback_capitalize.a(CyLib.o)
 .text.CyBusClk_Internal_SetDivider
                0x00000000       0x48 .\CortexM3\ARM_GCC_541\Debug\10_UART_with_swbuffer_talkback_capitalize.a(CyLib.o)
 .text.CyPLL_OUT_Stop
                0x00000000       0x10 .\CortexM3\ARM_GCC_541\Debug\10_UART_with_swbuffer_talkback_capitalize.a(CyLib.o)
 .text.CyIMO_Stop
                0x00000000       0x1c .\CortexM3\ARM_GCC_541\Debug\10_UART_with_swbuffer_talkback_capitalize.a(CyLib.o)
 .text.CyIMO_EnableDoubler
                0x00000000       0x10 .\CortexM3\ARM_GCC_541\Debug\10_UART_with_swbuffer_talkback_capitalize.a(CyLib.o)
 .text.CyIMO_DisableDoubler
                0x00000000       0x10 .\CortexM3\ARM_GCC_541\Debug\10_UART_with_swbuffer_talkback_capitalize.a(CyLib.o)
 .text.CyMasterClk_SetSource
                0x00000000       0x18 .\CortexM3\ARM_GCC_541\Debug\10_UART_with_swbuffer_talkback_capitalize.a(CyLib.o)
 .text.CyMasterClk_SetDivider
                0x00000000        0xc .\CortexM3\ARM_GCC_541\Debug\10_UART_with_swbuffer_talkback_capitalize.a(CyLib.o)
 .text.CyBusClk_SetDivider
                0x00000000       0x70 .\CortexM3\ARM_GCC_541\Debug\10_UART_with_swbuffer_talkback_capitalize.a(CyLib.o)
 .text.CyUsbClk_SetSource
                0x00000000       0x18 .\CortexM3\ARM_GCC_541\Debug\10_UART_with_swbuffer_talkback_capitalize.a(CyLib.o)
 .text.CyILO_Start1K
                0x00000000       0x10 .\CortexM3\ARM_GCC_541\Debug\10_UART_with_swbuffer_talkback_capitalize.a(CyLib.o)
 .text.CyILO_Stop1K
                0x00000000       0x10 .\CortexM3\ARM_GCC_541\Debug\10_UART_with_swbuffer_talkback_capitalize.a(CyLib.o)
 .text.CyILO_Start100K
                0x00000000       0x10 .\CortexM3\ARM_GCC_541\Debug\10_UART_with_swbuffer_talkback_capitalize.a(CyLib.o)
 .text.CyILO_Stop100K
                0x00000000       0x10 .\CortexM3\ARM_GCC_541\Debug\10_UART_with_swbuffer_talkback_capitalize.a(CyLib.o)
 .text.CyPLL_OUT_Start
                0x00000000       0x78 .\CortexM3\ARM_GCC_541\Debug\10_UART_with_swbuffer_talkback_capitalize.a(CyLib.o)
 .text.CyIMO_Start
                0x00000000       0x60 .\CortexM3\ARM_GCC_541\Debug\10_UART_with_swbuffer_talkback_capitalize.a(CyLib.o)
 .text.CyILO_Enable33K
                0x00000000       0x10 .\CortexM3\ARM_GCC_541\Debug\10_UART_with_swbuffer_talkback_capitalize.a(CyLib.o)
 .text.CyILO_Disable33K
                0x00000000       0x10 .\CortexM3\ARM_GCC_541\Debug\10_UART_with_swbuffer_talkback_capitalize.a(CyLib.o)
 .text.CyILO_SetSource
                0x00000000       0x18 .\CortexM3\ARM_GCC_541\Debug\10_UART_with_swbuffer_talkback_capitalize.a(CyLib.o)
 .text.CyILO_SetPowerMode
                0x00000000       0x24 .\CortexM3\ARM_GCC_541\Debug\10_UART_with_swbuffer_talkback_capitalize.a(CyLib.o)
 .text.CyXTAL_32KHZ_Stop
                0x00000000       0x30 .\CortexM3\ARM_GCC_541\Debug\10_UART_with_swbuffer_talkback_capitalize.a(CyLib.o)
 .text.CyXTAL_32KHZ_ReadStatus
                0x00000000       0x10 .\CortexM3\ARM_GCC_541\Debug\10_UART_with_swbuffer_talkback_capitalize.a(CyLib.o)
 .text.CyXTAL_Start
                0x00000000       0xac .\CortexM3\ARM_GCC_541\Debug\10_UART_with_swbuffer_talkback_capitalize.a(CyLib.o)
 .text.CyXTAL_Stop
                0x00000000       0x10 .\CortexM3\ARM_GCC_541\Debug\10_UART_with_swbuffer_talkback_capitalize.a(CyLib.o)
 .text.CyXTAL_EnableErrStatus
                0x00000000       0x10 .\CortexM3\ARM_GCC_541\Debug\10_UART_with_swbuffer_talkback_capitalize.a(CyLib.o)
 .text.CyXTAL_DisableErrStatus
                0x00000000       0x10 .\CortexM3\ARM_GCC_541\Debug\10_UART_with_swbuffer_talkback_capitalize.a(CyLib.o)
 .text.CyXTAL_ReadStatus
                0x00000000       0x18 .\CortexM3\ARM_GCC_541\Debug\10_UART_with_swbuffer_talkback_capitalize.a(CyLib.o)
 .text.CyXTAL_EnableFaultRecovery
                0x00000000       0x10 .\CortexM3\ARM_GCC_541\Debug\10_UART_with_swbuffer_talkback_capitalize.a(CyLib.o)
 .text.CyXTAL_DisableFaultRecovery
                0x00000000       0x10 .\CortexM3\ARM_GCC_541\Debug\10_UART_with_swbuffer_talkback_capitalize.a(CyLib.o)
 .text.CyXTAL_SetStartup
                0x00000000       0x18 .\CortexM3\ARM_GCC_541\Debug\10_UART_with_swbuffer_talkback_capitalize.a(CyLib.o)
 .text.CyXTAL_SetFbVoltage
                0x00000000       0x18 .\CortexM3\ARM_GCC_541\Debug\10_UART_with_swbuffer_talkback_capitalize.a(CyLib.o)
 .text.CyXTAL_SetWdVoltage
                0x00000000       0x18 .\CortexM3\ARM_GCC_541\Debug\10_UART_with_swbuffer_talkback_capitalize.a(CyLib.o)
 .text.CyPLL_OUT_SetPQ
                0x00000000       0x60 .\CortexM3\ARM_GCC_541\Debug\10_UART_with_swbuffer_talkback_capitalize.a(CyLib.o)
 .text.CyPLL_OUT_SetSource
                0x00000000       0x34 .\CortexM3\ARM_GCC_541\Debug\10_UART_with_swbuffer_talkback_capitalize.a(CyLib.o)
 .text.CyIMO_SetTrimValue
                0x00000000       0xcc .\CortexM3\ARM_GCC_541\Debug\10_UART_with_swbuffer_talkback_capitalize.a(CyLib.o)
 .text.CyIMO_SetFreq
                0x00000000       0xf4 .\CortexM3\ARM_GCC_541\Debug\10_UART_with_swbuffer_talkback_capitalize.a(CyLib.o)
 .text.CyIMO_SetSource
                0x00000000       0x58 .\CortexM3\ARM_GCC_541\Debug\10_UART_with_swbuffer_talkback_capitalize.a(CyLib.o)
 .text.CySoftwareReset
                0x00000000       0x10 .\CortexM3\ARM_GCC_541\Debug\10_UART_with_swbuffer_talkback_capitalize.a(CyLib.o)
 .text.CyDelayUs
                0x00000000       0x14 .\CortexM3\ARM_GCC_541\Debug\10_UART_with_swbuffer_talkback_capitalize.a(CyLib.o)
 .text.CyXTAL_32KHZ_SetPowerMode
                0x00000000       0x84 .\CortexM3\ARM_GCC_541\Debug\10_UART_with_swbuffer_talkback_capitalize.a(CyLib.o)
 .text.CyXTAL_32KHZ_Start
                0x00000000       0x74 .\CortexM3\ARM_GCC_541\Debug\10_UART_with_swbuffer_talkback_capitalize.a(CyLib.o)
 .text.CyDelayFreq
                0x00000000       0x4c .\CortexM3\ARM_GCC_541\Debug\10_UART_with_swbuffer_talkback_capitalize.a(CyLib.o)
 .text.CyWdtStart
                0x00000000       0x40 .\CortexM3\ARM_GCC_541\Debug\10_UART_with_swbuffer_talkback_capitalize.a(CyLib.o)
 .text.CyWdtClear
                0x00000000        0xc .\CortexM3\ARM_GCC_541\Debug\10_UART_with_swbuffer_talkback_capitalize.a(CyLib.o)
 .text.CyVdStickyStatus
                0x00000000       0x2c .\CortexM3\ARM_GCC_541\Debug\10_UART_with_swbuffer_talkback_capitalize.a(CyLib.o)
 .text.CyVdLvDigitEnable
                0x00000000       0x84 .\CortexM3\ARM_GCC_541\Debug\10_UART_with_swbuffer_talkback_capitalize.a(CyLib.o)
 .text.CyVdLvAnalogEnable
                0x00000000       0x80 .\CortexM3\ARM_GCC_541\Debug\10_UART_with_swbuffer_talkback_capitalize.a(CyLib.o)
 .text.CyVdLvDigitDisable
                0x00000000       0x30 .\CortexM3\ARM_GCC_541\Debug\10_UART_with_swbuffer_talkback_capitalize.a(CyLib.o)
 .text.CyVdLvAnalogDisable
                0x00000000       0x28 .\CortexM3\ARM_GCC_541\Debug\10_UART_with_swbuffer_talkback_capitalize.a(CyLib.o)
 .text.CyVdHvAnalogEnable
                0x00000000       0x54 .\CortexM3\ARM_GCC_541\Debug\10_UART_with_swbuffer_talkback_capitalize.a(CyLib.o)
 .text.CyVdHvAnalogDisable
                0x00000000       0x20 .\CortexM3\ARM_GCC_541\Debug\10_UART_with_swbuffer_talkback_capitalize.a(CyLib.o)
 .text.CyVdRealTimeStatus
                0x00000000       0x1c .\CortexM3\ARM_GCC_541\Debug\10_UART_with_swbuffer_talkback_capitalize.a(CyLib.o)
 .text.CyDisableInts
                0x00000000       0x1c .\CortexM3\ARM_GCC_541\Debug\10_UART_with_swbuffer_talkback_capitalize.a(CyLib.o)
 .text.CyEnableInts
                0x00000000       0x18 .\CortexM3\ARM_GCC_541\Debug\10_UART_with_swbuffer_talkback_capitalize.a(CyLib.o)
 .text.CyFlushCache
                0x00000000       0x44 .\CortexM3\ARM_GCC_541\Debug\10_UART_with_swbuffer_talkback_capitalize.a(CyLib.o)
 .text.CyIntSetSysVector
                0x00000000       0x28 .\CortexM3\ARM_GCC_541\Debug\10_UART_with_swbuffer_talkback_capitalize.a(CyLib.o)
 .text.CyIntGetSysVector
                0x00000000       0x20 .\CortexM3\ARM_GCC_541\Debug\10_UART_with_swbuffer_talkback_capitalize.a(CyLib.o)
 .text.CyIntGetVector
                0x00000000       0x24 .\CortexM3\ARM_GCC_541\Debug\10_UART_with_swbuffer_talkback_capitalize.a(CyLib.o)
 .text.CyIntGetPriority
                0x00000000       0x20 .\CortexM3\ARM_GCC_541\Debug\10_UART_with_swbuffer_talkback_capitalize.a(CyLib.o)
 .text.CyIntGetState
                0x00000000       0x24 .\CortexM3\ARM_GCC_541\Debug\10_UART_with_swbuffer_talkback_capitalize.a(CyLib.o)
 .text.CySysTickStop
                0x00000000       0x10 .\CortexM3\ARM_GCC_541\Debug\10_UART_with_swbuffer_talkback_capitalize.a(CyLib.o)
 .text.CySysTickEnableInterrupt
                0x00000000       0x10 .\CortexM3\ARM_GCC_541\Debug\10_UART_with_swbuffer_talkback_capitalize.a(CyLib.o)
 .text.CySysTickEnable
                0x00000000       0x18 .\CortexM3\ARM_GCC_541\Debug\10_UART_with_swbuffer_talkback_capitalize.a(CyLib.o)
 .text.CySysTickDisableInterrupt
                0x00000000       0x10 .\CortexM3\ARM_GCC_541\Debug\10_UART_with_swbuffer_talkback_capitalize.a(CyLib.o)
 .text.CySysTickSetReload
                0x00000000       0x10 .\CortexM3\ARM_GCC_541\Debug\10_UART_with_swbuffer_talkback_capitalize.a(CyLib.o)
 .text.CySysTickGetReload
                0x00000000       0x10 .\CortexM3\ARM_GCC_541\Debug\10_UART_with_swbuffer_talkback_capitalize.a(CyLib.o)
 .text.CySysTickGetValue
                0x00000000       0x10 .\CortexM3\ARM_GCC_541\Debug\10_UART_with_swbuffer_talkback_capitalize.a(CyLib.o)
 .text.CySysTickSetClockSource
                0x00000000       0x20 .\CortexM3\ARM_GCC_541\Debug\10_UART_with_swbuffer_talkback_capitalize.a(CyLib.o)
 .text.CySysTickGetClockSource
                0x00000000       0x10 .\CortexM3\ARM_GCC_541\Debug\10_UART_with_swbuffer_talkback_capitalize.a(CyLib.o)
 .text.CySysTickGetCountFlag
                0x00000000       0x10 .\CortexM3\ARM_GCC_541\Debug\10_UART_with_swbuffer_talkback_capitalize.a(CyLib.o)
 .text.CySysTickServiceCallbacks
                0x00000000       0x28 .\CortexM3\ARM_GCC_541\Debug\10_UART_with_swbuffer_talkback_capitalize.a(CyLib.o)
 .text.CySysTickClear
                0x00000000        0xc .\CortexM3\ARM_GCC_541\Debug\10_UART_with_swbuffer_talkback_capitalize.a(CyLib.o)
 .text.CySysTickInit
                0x00000000       0x58 .\CortexM3\ARM_GCC_541\Debug\10_UART_with_swbuffer_talkback_capitalize.a(CyLib.o)
 .text.CySysTickStart
                0x00000000       0x1c .\CortexM3\ARM_GCC_541\Debug\10_UART_with_swbuffer_talkback_capitalize.a(CyLib.o)
 .text.CySysTickSetCallback
                0x00000000       0x10 .\CortexM3\ARM_GCC_541\Debug\10_UART_with_swbuffer_talkback_capitalize.a(CyLib.o)
 .text.CySysTickGetCallback
                0x00000000       0x10 .\CortexM3\ARM_GCC_541\Debug\10_UART_with_swbuffer_talkback_capitalize.a(CyLib.o)
 .text.CyGetUniqueId
                0x00000000       0x70 .\CortexM3\ARM_GCC_541\Debug\10_UART_with_swbuffer_talkback_capitalize.a(CyLib.o)
 .text          0x00000000        0x0 .\CortexM3\ARM_GCC_541\Debug\10_UART_with_swbuffer_talkback_capitalize.a(cyPm.o)
 .data          0x00000000        0x0 .\CortexM3\ARM_GCC_541\Debug\10_UART_with_swbuffer_talkback_capitalize.a(cyPm.o)
 .bss           0x00000000       0x43 .\CortexM3\ARM_GCC_541\Debug\10_UART_with_swbuffer_talkback_capitalize.a(cyPm.o)
 .text.CyPmHibSlpSaveSet
                0x00000000      0x1dc .\CortexM3\ARM_GCC_541\Debug\10_UART_with_swbuffer_talkback_capitalize.a(cyPm.o)
 .text.CyPmHibSlpRestore
                0x00000000       0xd8 .\CortexM3\ARM_GCC_541\Debug\10_UART_with_swbuffer_talkback_capitalize.a(cyPm.o)
 .text.CyPmHviLviSaveDisable
                0x00000000       0xa0 .\CortexM3\ARM_GCC_541\Debug\10_UART_with_swbuffer_talkback_capitalize.a(cyPm.o)
 .text.CyPmHibSaveSet
                0x00000000       0x98 .\CortexM3\ARM_GCC_541\Debug\10_UART_with_swbuffer_talkback_capitalize.a(cyPm.o)
 .text.CyPmHviLviRestore
                0x00000000       0x48 .\CortexM3\ARM_GCC_541\Debug\10_UART_with_swbuffer_talkback_capitalize.a(cyPm.o)
 .text.CyPmHibRestore
                0x00000000       0x60 .\CortexM3\ARM_GCC_541\Debug\10_UART_with_swbuffer_talkback_capitalize.a(cyPm.o)
 .text.CyPmSaveClocks
                0x00000000      0x218 .\CortexM3\ARM_GCC_541\Debug\10_UART_with_swbuffer_talkback_capitalize.a(cyPm.o)
 .text.CyPmRestoreClocks
                0x00000000      0x24c .\CortexM3\ARM_GCC_541\Debug\10_UART_with_swbuffer_talkback_capitalize.a(cyPm.o)
 .text.CyPmAltAct
                0x00000000       0x6c .\CortexM3\ARM_GCC_541\Debug\10_UART_with_swbuffer_talkback_capitalize.a(cyPm.o)
 .text.CyPmSleep
                0x00000000       0xf4 .\CortexM3\ARM_GCC_541\Debug\10_UART_with_swbuffer_talkback_capitalize.a(cyPm.o)
 .text.CyPmHibernateEx
                0x00000000       0xf4 .\CortexM3\ARM_GCC_541\Debug\10_UART_with_swbuffer_talkback_capitalize.a(cyPm.o)
 .text.CyPmHibernate
                0x00000000        0xc .\CortexM3\ARM_GCC_541\Debug\10_UART_with_swbuffer_talkback_capitalize.a(cyPm.o)
 .text.CyPmReadStatus
                0x00000000       0x30 .\CortexM3\ARM_GCC_541\Debug\10_UART_with_swbuffer_talkback_capitalize.a(cyPm.o)
 .text.CyPmCtwSetInterval
                0x00000000       0x5c .\CortexM3\ARM_GCC_541\Debug\10_UART_with_swbuffer_talkback_capitalize.a(cyPm.o)
 .text.CyPmOppsSet
                0x00000000       0x2c .\CortexM3\ARM_GCC_541\Debug\10_UART_with_swbuffer_talkback_capitalize.a(cyPm.o)
 .text.CyPmFtwSetInterval
                0x00000000       0x5c .\CortexM3\ARM_GCC_541\Debug\10_UART_with_swbuffer_talkback_capitalize.a(cyPm.o)
 .rodata        0x00000000        0xf .\CortexM3\ARM_GCC_541\Debug\10_UART_with_swbuffer_talkback_capitalize.a(cyPm.o)
 .text          0x00000000        0x0 .\CortexM3\ARM_GCC_541\Debug\10_UART_with_swbuffer_talkback_capitalize.a(UART.o)
 .data          0x00000000        0x0 .\CortexM3\ARM_GCC_541\Debug\10_UART_with_swbuffer_talkback_capitalize.a(UART.o)
 .text.UART_Stop
                0x00000000       0x44 .\CortexM3\ARM_GCC_541\Debug\10_UART_with_swbuffer_talkback_capitalize.a(UART.o)
 .text.UART_ReadControlRegister
                0x00000000        0x4 .\CortexM3\ARM_GCC_541\Debug\10_UART_with_swbuffer_talkback_capitalize.a(UART.o)
 .text.UART_WriteControlRegister
                0x00000000        0x4 .\CortexM3\ARM_GCC_541\Debug\10_UART_with_swbuffer_talkback_capitalize.a(UART.o)
 .text.UART_SetRxInterruptMode
                0x00000000        0xc .\CortexM3\ARM_GCC_541\Debug\10_UART_with_swbuffer_talkback_capitalize.a(UART.o)
 .text.UART_GetChar
                0x00000000       0x2c .\CortexM3\ARM_GCC_541\Debug\10_UART_with_swbuffer_talkback_capitalize.a(UART.o)
 .text.UART_GetRxBufferSize
                0x00000000       0x18 .\CortexM3\ARM_GCC_541\Debug\10_UART_with_swbuffer_talkback_capitalize.a(UART.o)
 .text.UART_ClearRxBuffer
                0x00000000       0x24 .\CortexM3\ARM_GCC_541\Debug\10_UART_with_swbuffer_talkback_capitalize.a(UART.o)
 .text.UART_SetRxAddressMode
                0x00000000        0x4 .\CortexM3\ARM_GCC_541\Debug\10_UART_with_swbuffer_talkback_capitalize.a(UART.o)
 .text.UART_SetRxAddress1
                0x00000000        0xc .\CortexM3\ARM_GCC_541\Debug\10_UART_with_swbuffer_talkback_capitalize.a(UART.o)
 .text.UART_SetRxAddress2
                0x00000000        0xc .\CortexM3\ARM_GCC_541\Debug\10_UART_with_swbuffer_talkback_capitalize.a(UART.o)
 .text.UART_SetTxInterruptMode
                0x00000000        0xc .\CortexM3\ARM_GCC_541\Debug\10_UART_with_swbuffer_talkback_capitalize.a(UART.o)
 .text.UART_WriteTxData
                0x00000000       0x60 .\CortexM3\ARM_GCC_541\Debug\10_UART_with_swbuffer_talkback_capitalize.a(UART.o)
 .text.UART_ReadTxStatus
                0x00000000        0xc .\CortexM3\ARM_GCC_541\Debug\10_UART_with_swbuffer_talkback_capitalize.a(UART.o)
 .text.UART_PutArray
                0x00000000       0x28 .\CortexM3\ARM_GCC_541\Debug\10_UART_with_swbuffer_talkback_capitalize.a(UART.o)
 .text.UART_PutCRLF
                0x00000000       0x20 .\CortexM3\ARM_GCC_541\Debug\10_UART_with_swbuffer_talkback_capitalize.a(UART.o)
 .text.UART_GetTxBufferSize
                0x00000000       0x50 .\CortexM3\ARM_GCC_541\Debug\10_UART_with_swbuffer_talkback_capitalize.a(UART.o)
 .text.UART_ClearTxBuffer
                0x00000000       0x40 .\CortexM3\ARM_GCC_541\Debug\10_UART_with_swbuffer_talkback_capitalize.a(UART.o)
 .text.UART_SendBreak
                0x00000000       0x58 .\CortexM3\ARM_GCC_541\Debug\10_UART_with_swbuffer_talkback_capitalize.a(UART.o)
 .text.UART_SetTxAddressMode
                0x00000000        0x4 .\CortexM3\ARM_GCC_541\Debug\10_UART_with_swbuffer_talkback_capitalize.a(UART.o)
 .text          0x00000000        0x0 .\CortexM3\ARM_GCC_541\Debug\10_UART_with_swbuffer_talkback_capitalize.a(UART_INT.o)
 .data          0x00000000        0x0 .\CortexM3\ARM_GCC_541\Debug\10_UART_with_swbuffer_talkback_capitalize.a(UART_INT.o)
 .bss           0x00000000        0x0 .\CortexM3\ARM_GCC_541\Debug\10_UART_with_swbuffer_talkback_capitalize.a(UART_INT.o)
 .text          0x00000000        0x0 .\CortexM3\ARM_GCC_541\Debug\10_UART_with_swbuffer_talkback_capitalize.a(UART_IntClock.o)
 .data          0x00000000        0x0 .\CortexM3\ARM_GCC_541\Debug\10_UART_with_swbuffer_talkback_capitalize.a(UART_IntClock.o)
 .bss           0x00000000        0x0 .\CortexM3\ARM_GCC_541\Debug\10_UART_with_swbuffer_talkback_capitalize.a(UART_IntClock.o)
 .text.UART_IntClock_Stop
                0x00000000       0x1c .\CortexM3\ARM_GCC_541\Debug\10_UART_with_swbuffer_talkback_capitalize.a(UART_IntClock.o)
 .text.UART_IntClock_StopBlock
                0x00000000       0x6c .\CortexM3\ARM_GCC_541\Debug\10_UART_with_swbuffer_talkback_capitalize.a(UART_IntClock.o)
 .text.UART_IntClock_StandbyPower
                0x00000000       0x20 .\CortexM3\ARM_GCC_541\Debug\10_UART_with_swbuffer_talkback_capitalize.a(UART_IntClock.o)
 .text.UART_IntClock_GetDividerRegister
                0x00000000        0xc .\CortexM3\ARM_GCC_541\Debug\10_UART_with_swbuffer_talkback_capitalize.a(UART_IntClock.o)
 .text.UART_IntClock_SetModeRegister
                0x00000000       0x14 .\CortexM3\ARM_GCC_541\Debug\10_UART_with_swbuffer_talkback_capitalize.a(UART_IntClock.o)
 .text.UART_IntClock_ClearModeRegister
                0x00000000       0x18 .\CortexM3\ARM_GCC_541\Debug\10_UART_with_swbuffer_talkback_capitalize.a(UART_IntClock.o)
 .text.UART_IntClock_GetModeRegister
                0x00000000       0x10 .\CortexM3\ARM_GCC_541\Debug\10_UART_with_swbuffer_talkback_capitalize.a(UART_IntClock.o)
 .text.UART_IntClock_GetSourceRegister
                0x00000000       0x10 .\CortexM3\ARM_GCC_541\Debug\10_UART_with_swbuffer_talkback_capitalize.a(UART_IntClock.o)
 .text.UART_IntClock_SetDividerRegister
                0x00000000       0xd8 .\CortexM3\ARM_GCC_541\Debug\10_UART_with_swbuffer_talkback_capitalize.a(UART_IntClock.o)
 .text.UART_IntClock_SetSourceRegister
                0x00000000       0x5c .\CortexM3\ARM_GCC_541\Debug\10_UART_with_swbuffer_talkback_capitalize.a(UART_IntClock.o)
 .text          0x00000000        0x0 .\CortexM3\ARM_GCC_541\Debug\10_UART_with_swbuffer_talkback_capitalize.a(ISR_UART_Rx.o)
 .data          0x00000000        0x0 .\CortexM3\ARM_GCC_541\Debug\10_UART_with_swbuffer_talkback_capitalize.a(ISR_UART_Rx.o)
 .bss           0x00000000        0x0 .\CortexM3\ARM_GCC_541\Debug\10_UART_with_swbuffer_talkback_capitalize.a(ISR_UART_Rx.o)
 .text.ISR_UART_Rx_Interrupt
                0x00000000        0x4 .\CortexM3\ARM_GCC_541\Debug\10_UART_with_swbuffer_talkback_capitalize.a(ISR_UART_Rx.o)
 .text.ISR_UART_Rx_GetVector
                0x00000000        0xc .\CortexM3\ARM_GCC_541\Debug\10_UART_with_swbuffer_talkback_capitalize.a(ISR_UART_Rx.o)
 .text.ISR_UART_Rx_GetPriority
                0x00000000        0xc .\CortexM3\ARM_GCC_541\Debug\10_UART_with_swbuffer_talkback_capitalize.a(ISR_UART_Rx.o)
 .text.ISR_UART_Rx_GetState
                0x00000000       0x10 .\CortexM3\ARM_GCC_541\Debug\10_UART_with_swbuffer_talkback_capitalize.a(ISR_UART_Rx.o)
 .text.ISR_UART_Rx_Start
                0x00000000       0x1c .\CortexM3\ARM_GCC_541\Debug\10_UART_with_swbuffer_talkback_capitalize.a(ISR_UART_Rx.o)
 .text.ISR_UART_Rx_Stop
                0x00000000       0x14 .\CortexM3\ARM_GCC_541\Debug\10_UART_with_swbuffer_talkback_capitalize.a(ISR_UART_Rx.o)
 .text.ISR_UART_Rx_SetPending
                0x00000000        0xc .\CortexM3\ARM_GCC_541\Debug\10_UART_with_swbuffer_talkback_capitalize.a(ISR_UART_Rx.o)
 .text.ISR_UART_Rx_ClearPending
                0x00000000        0xc .\CortexM3\ARM_GCC_541\Debug\10_UART_with_swbuffer_talkback_capitalize.a(ISR_UART_Rx.o)
 .data          0x00000000        0x0 .\CortexM3\ARM_GCC_541\Debug\10_UART_with_swbuffer_talkback_capitalize.a(CyBootAsmGnu.o)
 .bss           0x00000000        0x0 .\CortexM3\ARM_GCC_541\Debug\10_UART_with_swbuffer_talkback_capitalize.a(CyBootAsmGnu.o)
 .text          0x00000000        0x0 .\CortexM3\ARM_GCC_541\Debug\10_UART_with_swbuffer_talkback_capitalize.a(CyFlash.o)
 .data          0x00000000        0x0 .\CortexM3\ARM_GCC_541\Debug\10_UART_with_swbuffer_talkback_capitalize.a(CyFlash.o)
 .bss           0x00000000        0x0 .\CortexM3\ARM_GCC_541\Debug\10_UART_with_swbuffer_talkback_capitalize.a(CyFlash.o)
 .text.CySetTempInt
                0x00000000       0x60 .\CortexM3\ARM_GCC_541\Debug\10_UART_with_swbuffer_talkback_capitalize.a(CyFlash.o)
 .text.CyFlash_Start
                0x00000000       0x54 .\CortexM3\ARM_GCC_541\Debug\10_UART_with_swbuffer_talkback_capitalize.a(CyFlash.o)
 .text.CyFlash_Stop
                0x00000000       0x24 .\CortexM3\ARM_GCC_541\Debug\10_UART_with_swbuffer_talkback_capitalize.a(CyFlash.o)
 .text.CyFlash_EraseRow
                0x00000000       0x78 .\CortexM3\ARM_GCC_541\Debug\10_UART_with_swbuffer_talkback_capitalize.a(CyFlash.o)
 .text.CyFlashGetSpcAlgorithm
                0x00000000       0x4c .\CortexM3\ARM_GCC_541\Debug\10_UART_with_swbuffer_talkback_capitalize.a(CyFlash.o)
 .text.CySetTemp
                0x00000000       0x14 .\CortexM3\ARM_GCC_541\Debug\10_UART_with_swbuffer_talkback_capitalize.a(CyFlash.o)
 .text.CySetFlashEEBuffer
                0x00000000       0x20 .\CortexM3\ARM_GCC_541\Debug\10_UART_with_swbuffer_talkback_capitalize.a(CyFlash.o)
 .text.CyWriteRowFull
                0x00000000       0xf8 .\CortexM3\ARM_GCC_541\Debug\10_UART_with_swbuffer_talkback_capitalize.a(CyFlash.o)
 .text.CyWriteRowData
                0x00000000       0x14 .\CortexM3\ARM_GCC_541\Debug\10_UART_with_swbuffer_talkback_capitalize.a(CyFlash.o)
 .text.CyFlash_SetWaitCycles
                0x00000000       0x7c .\CortexM3\ARM_GCC_541\Debug\10_UART_with_swbuffer_talkback_capitalize.a(CyFlash.o)
 .text.CyEEPROM_Start
                0x00000000       0x54 .\CortexM3\ARM_GCC_541\Debug\10_UART_with_swbuffer_talkback_capitalize.a(CyFlash.o)
 .text.CyEEPROM_Stop
                0x00000000       0x24 .\CortexM3\ARM_GCC_541\Debug\10_UART_with_swbuffer_talkback_capitalize.a(CyFlash.o)
 .text.CyEEPROM_ReadReserve
                0x00000000       0x1c .\CortexM3\ARM_GCC_541\Debug\10_UART_with_swbuffer_talkback_capitalize.a(CyFlash.o)
 .text.CyEEPROM_ReadRelease
                0x00000000       0x10 .\CortexM3\ARM_GCC_541\Debug\10_UART_with_swbuffer_talkback_capitalize.a(CyFlash.o)
 COMMON         0x00000000        0x2 .\CortexM3\ARM_GCC_541\Debug\10_UART_with_swbuffer_talkback_capitalize.a(CyFlash.o)
 .text          0x00000000        0x0 .\CortexM3\ARM_GCC_541\Debug\10_UART_with_swbuffer_talkback_capitalize.a(CySpc.o)
 .data          0x00000000        0x0 .\CortexM3\ARM_GCC_541\Debug\10_UART_with_swbuffer_talkback_capitalize.a(CySpc.o)
 .bss           0x00000000        0x8 .\CortexM3\ARM_GCC_541\Debug\10_UART_with_swbuffer_talkback_capitalize.a(CySpc.o)
 .text.CySpcStart
                0x00000000       0x24 .\CortexM3\ARM_GCC_541\Debug\10_UART_with_swbuffer_talkback_capitalize.a(CySpc.o)
 .text.CySpcStop
                0x00000000       0x24 .\CortexM3\ARM_GCC_541\Debug\10_UART_with_swbuffer_talkback_capitalize.a(CySpc.o)
 .text.CySpcReadData
                0x00000000       0x34 .\CortexM3\ARM_GCC_541\Debug\10_UART_with_swbuffer_talkback_capitalize.a(CySpc.o)
 .text.CySpcLoadMultiByte
                0x00000000       0x78 .\CortexM3\ARM_GCC_541\Debug\10_UART_with_swbuffer_talkback_capitalize.a(CySpc.o)
 .text.CySpcLoadRow
                0x00000000       0x50 .\CortexM3\ARM_GCC_541\Debug\10_UART_with_swbuffer_talkback_capitalize.a(CySpc.o)
 .text.CySpcLoadRowFull
                0x00000000       0x80 .\CortexM3\ARM_GCC_541\Debug\10_UART_with_swbuffer_talkback_capitalize.a(CySpc.o)
 .text.CySpcWriteRow
                0x00000000       0x4c .\CortexM3\ARM_GCC_541\Debug\10_UART_with_swbuffer_talkback_capitalize.a(CySpc.o)
 .text.CySpcEraseSector
                0x00000000       0x3c .\CortexM3\ARM_GCC_541\Debug\10_UART_with_swbuffer_talkback_capitalize.a(CySpc.o)
 .text.CySpcEraseRow
                0x00000000       0x4c .\CortexM3\ARM_GCC_541\Debug\10_UART_with_swbuffer_talkback_capitalize.a(CySpc.o)
 .text.CySpcGetTemp
                0x00000000       0x3c .\CortexM3\ARM_GCC_541\Debug\10_UART_with_swbuffer_talkback_capitalize.a(CySpc.o)
 .text.CySpcLock
                0x00000000       0x4c .\CortexM3\ARM_GCC_541\Debug\10_UART_with_swbuffer_talkback_capitalize.a(CySpc.o)
 .text.CySpcUnlock
                0x00000000       0x38 .\CortexM3\ARM_GCC_541\Debug\10_UART_with_swbuffer_talkback_capitalize.a(CySpc.o)
 .text.CySpcGetAlgorithm
                0x00000000       0x28 .\CortexM3\ARM_GCC_541\Debug\10_UART_with_swbuffer_talkback_capitalize.a(CySpc.o)
 .text          0x00000000        0x0 c:/program files (x86)/cypress/psoc creator/4.2/psoc creator/import/gnu/arm/5.4.1/bin/../lib/gcc/arm-none-eabi/5.4.1/../../../../arm-none-eabi/lib/armv7-m\libg_nano.a(lib_a-errno.o)
 .data          0x00000000        0x0 c:/program files (x86)/cypress/psoc creator/4.2/psoc creator/import/gnu/arm/5.4.1/bin/../lib/gcc/arm-none-eabi/5.4.1/../../../../arm-none-eabi/lib/armv7-m\libg_nano.a(lib_a-errno.o)
 .bss           0x00000000        0x0 c:/program files (x86)/cypress/psoc creator/4.2/psoc creator/import/gnu/arm/5.4.1/bin/../lib/gcc/arm-none-eabi/5.4.1/../../../../arm-none-eabi/lib/armv7-m\libg_nano.a(lib_a-errno.o)
 .text          0x00000000        0x0 c:/program files (x86)/cypress/psoc creator/4.2/psoc creator/import/gnu/arm/5.4.1/bin/../lib/gcc/arm-none-eabi/5.4.1/../../../../arm-none-eabi/lib/armv7-m\libg_nano.a(lib_a-exit.o)
 .data          0x00000000        0x0 c:/program files (x86)/cypress/psoc creator/4.2/psoc creator/import/gnu/arm/5.4.1/bin/../lib/gcc/arm-none-eabi/5.4.1/../../../../arm-none-eabi/lib/armv7-m\libg_nano.a(lib_a-exit.o)
 .bss           0x00000000        0x0 c:/program files (x86)/cypress/psoc creator/4.2/psoc creator/import/gnu/arm/5.4.1/bin/../lib/gcc/arm-none-eabi/5.4.1/../../../../arm-none-eabi/lib/armv7-m\libg_nano.a(lib_a-exit.o)
 .text.exit     0x00000000       0x28 c:/program files (x86)/cypress/psoc creator/4.2/psoc creator/import/gnu/arm/5.4.1/bin/../lib/gcc/arm-none-eabi/5.4.1/../../../../arm-none-eabi/lib/armv7-m\libg_nano.a(lib_a-exit.o)
 .text          0x00000000        0x0 c:/program files (x86)/cypress/psoc creator/4.2/psoc creator/import/gnu/arm/5.4.1/bin/../lib/gcc/arm-none-eabi/5.4.1/../../../../arm-none-eabi/lib/armv7-m\libg_nano.a(lib_a-impure.o)
 .data          0x00000000        0x0 c:/program files (x86)/cypress/psoc creator/4.2/psoc creator/import/gnu/arm/5.4.1/bin/../lib/gcc/arm-none-eabi/5.4.1/../../../../arm-none-eabi/lib/armv7-m\libg_nano.a(lib_a-impure.o)
 .bss           0x00000000        0x0 c:/program files (x86)/cypress/psoc creator/4.2/psoc creator/import/gnu/arm/5.4.1/bin/../lib/gcc/arm-none-eabi/5.4.1/../../../../arm-none-eabi/lib/armv7-m\libg_nano.a(lib_a-impure.o)
 .rodata._global_impure_ptr
                0x00000000        0x4 c:/program files (x86)/cypress/psoc creator/4.2/psoc creator/import/gnu/arm/5.4.1/bin/../lib/gcc/arm-none-eabi/5.4.1/../../../../arm-none-eabi/lib/armv7-m\libg_nano.a(lib_a-impure.o)
 .text          0x00000000        0x0 c:/program files (x86)/cypress/psoc creator/4.2/psoc creator/import/gnu/arm/5.4.1/bin/../lib/gcc/arm-none-eabi/5.4.1/../../../../arm-none-eabi/lib/armv7-m\libg_nano.a(lib_a-init.o)
 .data          0x00000000        0x0 c:/program files (x86)/cypress/psoc creator/4.2/psoc creator/import/gnu/arm/5.4.1/bin/../lib/gcc/arm-none-eabi/5.4.1/../../../../arm-none-eabi/lib/armv7-m\libg_nano.a(lib_a-init.o)
 .bss           0x00000000        0x0 c:/program files (x86)/cypress/psoc creator/4.2/psoc creator/import/gnu/arm/5.4.1/bin/../lib/gcc/arm-none-eabi/5.4.1/../../../../arm-none-eabi/lib/armv7-m\libg_nano.a(lib_a-init.o)
 .text          0x00000000        0x0 c:/program files (x86)/cypress/psoc creator/4.2/psoc creator/import/gnu/arm/5.4.1/bin/../lib/gcc/arm-none-eabi/5.4.1/../../../../arm-none-eabi/lib/armv7-m\libg_nano.a(lib_a-memcpy-stub.o)
 .data          0x00000000        0x0 c:/program files (x86)/cypress/psoc creator/4.2/psoc creator/import/gnu/arm/5.4.1/bin/../lib/gcc/arm-none-eabi/5.4.1/../../../../arm-none-eabi/lib/armv7-m\libg_nano.a(lib_a-memcpy-stub.o)
 .bss           0x00000000        0x0 c:/program files (x86)/cypress/psoc creator/4.2/psoc creator/import/gnu/arm/5.4.1/bin/../lib/gcc/arm-none-eabi/5.4.1/../../../../arm-none-eabi/lib/armv7-m\libg_nano.a(lib_a-memcpy-stub.o)
 .text          0x00000000        0x0 c:/program files (x86)/cypress/psoc creator/4.2/psoc creator/import/gnu/arm/5.4.1/bin/../lib/gcc/arm-none-eabi/5.4.1/../../../../arm-none-eabi/lib/armv7-m\libg_nano.a(lib_a-memset.o)
 .data          0x00000000        0x0 c:/program files (x86)/cypress/psoc creator/4.2/psoc creator/import/gnu/arm/5.4.1/bin/../lib/gcc/arm-none-eabi/5.4.1/../../../../arm-none-eabi/lib/armv7-m\libg_nano.a(lib_a-memset.o)
 .bss           0x00000000        0x0 c:/program files (x86)/cypress/psoc creator/4.2/psoc creator/import/gnu/arm/5.4.1/bin/../lib/gcc/arm-none-eabi/5.4.1/../../../../arm-none-eabi/lib/armv7-m\libg_nano.a(lib_a-memset.o)
 .text          0x00000000        0x0 c:/program files (x86)/cypress/psoc creator/4.2/psoc creator/import/gnu/arm/5.4.1/bin/../lib/gcc/arm-none-eabi/5.4.1/armv7-m/crtend.o
 .data          0x00000000        0x0 c:/program files (x86)/cypress/psoc creator/4.2/psoc creator/import/gnu/arm/5.4.1/bin/../lib/gcc/arm-none-eabi/5.4.1/armv7-m/crtend.o
 .bss           0x00000000        0x0 c:/program files (x86)/cypress/psoc creator/4.2/psoc creator/import/gnu/arm/5.4.1/bin/../lib/gcc/arm-none-eabi/5.4.1/armv7-m/crtend.o
 .text          0x00000000        0x0 c:/program files (x86)/cypress/psoc creator/4.2/psoc creator/import/gnu/arm/5.4.1/bin/../lib/gcc/arm-none-eabi/5.4.1/armv7-m/crtn.o
 .data          0x00000000        0x0 c:/program files (x86)/cypress/psoc creator/4.2/psoc creator/import/gnu/arm/5.4.1/bin/../lib/gcc/arm-none-eabi/5.4.1/armv7-m/crtn.o
 .bss           0x00000000        0x0 c:/program files (x86)/cypress/psoc creator/4.2/psoc creator/import/gnu/arm/5.4.1/bin/../lib/gcc/arm-none-eabi/5.4.1/armv7-m/crtn.o

Memory Configuration

Name             Origin             Length             Attributes
rom              0x00000000         0x00040000         xr
ram              0x1fff8000         0x00010000         xrw
*default*        0x00000000         0xffffffff

Linker script and memory map

LOAD c:/program files (x86)/cypress/psoc creator/4.2/psoc creator/import/gnu/arm/5.4.1/bin/../lib/gcc/arm-none-eabi/5.4.1/armv7-m/crti.o
LOAD c:/program files (x86)/cypress/psoc creator/4.2/psoc creator/import/gnu/arm/5.4.1/bin/../lib/gcc/arm-none-eabi/5.4.1/armv7-m/crtbegin.o
LOAD c:/program files (x86)/cypress/psoc creator/4.2/psoc creator/import/gnu/arm/5.4.1/bin/../lib/gcc/arm-none-eabi/5.4.1/../../../../arm-none-eabi/lib/armv7-m/crt0.o
START GROUP
LOAD .\CortexM3\ARM_GCC_541\Debug\main.o
LOAD .\CortexM3\ARM_GCC_541\Debug\cyfitter_cfg.o
LOAD .\CortexM3\ARM_GCC_541\Debug\cymetadata.o
LOAD .\CortexM3\ARM_GCC_541\Debug\Cm3Start.o
LOAD .\CortexM3\ARM_GCC_541\Debug\10_UART_with_swbuffer_talkback_capitalize.a
LOAD C:\Program Files (x86)\Cypress\PSoC Creator\4.2\PSoC Creator\psoc\content\cycomponentlibrary\CyComponentLibrary.cylib\CortexM3\ARM_GCC_541\Debug\CyComponentLibrary.a
END GROUP
START GROUP
LOAD c:/program files (x86)/cypress/psoc creator/4.2/psoc creator/import/gnu/arm/5.4.1/bin/../lib/gcc/arm-none-eabi/5.4.1/armv7-m\libgcc.a
LOAD c:/program files (x86)/cypress/psoc creator/4.2/psoc creator/import/gnu/arm/5.4.1/bin/../lib/gcc/arm-none-eabi/5.4.1/../../../../arm-none-eabi/lib/armv7-m\libg_nano.a
LOAD c:/program files (x86)/cypress/psoc creator/4.2/psoc creator/import/gnu/arm/5.4.1/bin/../lib/gcc/arm-none-eabi/5.4.1/../../../../arm-none-eabi/lib/armv7-m\libc_nano.a
END GROUP
START GROUP
LOAD c:/program files (x86)/cypress/psoc creator/4.2/psoc creator/import/gnu/arm/5.4.1/bin/../lib/gcc/arm-none-eabi/5.4.1/armv7-m\libgcc.a
LOAD c:/program files (x86)/cypress/psoc creator/4.2/psoc creator/import/gnu/arm/5.4.1/bin/../lib/gcc/arm-none-eabi/5.4.1/../../../../arm-none-eabi/lib/armv7-m\libc_nano.a
END GROUP
LOAD c:/program files (x86)/cypress/psoc creator/4.2/psoc creator/import/gnu/arm/5.4.1/bin/../lib/gcc/arm-none-eabi/5.4.1/armv7-m/crtend.o
LOAD c:/program files (x86)/cypress/psoc creator/4.2/psoc creator/import/gnu/arm/5.4.1/bin/../lib/gcc/arm-none-eabi/5.4.1/armv7-m/crtn.o
START GROUP
LOAD c:/program files (x86)/cypress/psoc creator/4.2/psoc creator/import/gnu/arm/5.4.1/bin/../lib/gcc/arm-none-eabi/5.4.1/armv7-m\libgcc.a
LOAD c:/program files (x86)/cypress/psoc creator/4.2/psoc creator/import/gnu/arm/5.4.1/bin/../lib/gcc/arm-none-eabi/5.4.1/../../../../arm-none-eabi/lib/armv7-m\libc.a
LOAD c:/program files (x86)/cypress/psoc creator/4.2/psoc creator/import/gnu/arm/5.4.1/bin/../lib/gcc/arm-none-eabi/5.4.1/../../../../arm-none-eabi/lib/armv7-m\libnosys.a
END GROUP
                0x00000000                CY_APPL_ORIGIN = 0x0
                0x00000100                CY_FLASH_ROW_SIZE = 0x100
                0x00000020                CY_ECC_ROW_SIZE = 0x20
                0x00000000                CY_EE_IN_BTLDR = 0x0
                0x00000000                CY_APPL_LOADABLE = 0x0
                0x00000800                CY_EE_SIZE = 0x800
                0x00000001                CY_APPL_NUM = 0x1
                0x00000001                CY_APPL_MAX = 0x1
                0x00000040                CY_METADATA_SIZE = 0x40
                0x00000000                CY_APPL_LOADABLE = 0x0
                0x00000000                CY_CHECKSUM_EXCLUDE_SIZE = ALIGN (0x0, CY_FLASH_ROW_SIZE)
                [!provide]                PROVIDE (__cy_heap_start, _end)
                0x00000001                PROVIDE (__cy_region_num, ((__cy_regions_end - __cy_regions) / 0x10))
                0x20008000                PROVIDE (__cy_stack, (ORIGIN (ram) + LENGTH (ram)))
                [!provide]                PROVIDE (__cy_heap_end, (__cy_stack - 0x800))

.cybootloader   0x00000000        0x0
 *(.cybootloader)
                0x00000000                appl1_start = CY_APPL_ORIGIN?CY_APPL_ORIGIN:ALIGN (CY_FLASH_ROW_SIZE)
                0x0001ff00                appl2_start = (appl1_start + ALIGN ((((LENGTH (rom) - appl1_start) - (0x2 * CY_FLASH_ROW_SIZE)) / 0x2), CY_FLASH_ROW_SIZE))
                0x00000000                appl_start = (CY_APPL_NUM == 0x1)?appl1_start:appl2_start
                0x00000000                ecc_offset = ((appl_start / CY_FLASH_ROW_SIZE) * CY_ECC_ROW_SIZE)
                0x00000000                ee_offset = (CY_APPL_LOADABLE && ! (CY_EE_IN_BTLDR))?((CY_EE_SIZE / CY_APPL_MAX) * (CY_APPL_NUM - 0x1)):0x0
                0x00000800                ee_size = (CY_APPL_LOADABLE && ! (CY_EE_IN_BTLDR))?(CY_EE_SIZE / CY_APPL_MAX):CY_EE_SIZE
                [!provide]                PROVIDE (CY_ECC_OFFSET, ecc_offset)

.text           0x00000000      0x796
 CREATE_OBJECT_SYMBOLS
                0x00000000                PROVIDE (__cy_interrupt_vector, RomVectors)
 *(.romvectors)
 .romvectors    0x00000000       0x10 .\CortexM3\ARM_GCC_541\Debug\Cm3Start.o
                0x00000000                RomVectors
                0x00000001                ASSERT ((. != __cy_interrupt_vector), No interrupt vector)
                0x00000001                ASSERT (CY_APPL_ORIGIN?(SIZEOF (.cybootloader) <= CY_APPL_ORIGIN):0x1, Wrong image location)
                0x00000010                PROVIDE (__cy_reset, Reset)
 *(.text.Reset)
 .text.Reset    0x00000010       0x18 .\CortexM3\ARM_GCC_541\Debug\Cm3Start.o
                0x00000010                Reset
                0x00000001                ASSERT ((. != __cy_reset), No reset code)
 *(.dma_init)
                0x00000001                ASSERT ((((appl_start + .) <= 0x10000) || 0x1), DMA Init must be within the first 64k of flash)
 *(.text .text.* .gnu.linkonce.t.*)
 .text          0x00000028       0x5c c:/program files (x86)/cypress/psoc creator/4.2/psoc creator/import/gnu/arm/5.4.1/bin/../lib/gcc/arm-none-eabi/5.4.1/armv7-m/crtbegin.o
 .text.ISR_UART_Rx
                0x00000084       0x24 .\CortexM3\ARM_GCC_541\Debug\main.o
                0x00000084                ISR_UART_Rx
 .text.lower_to_upper
                0x000000a8       0x24 .\CortexM3\ARM_GCC_541\Debug\main.o
                0x000000a8                lower_to_upper
 .text.main     0x000000cc       0x78 .\CortexM3\ARM_GCC_541\Debug\main.o
                0x000000cc                main
 .text.CyClockStartupError
                0x00000144        0x4 .\CortexM3\ARM_GCC_541\Debug\cyfitter_cfg.o
 .text.cfg_write_bytes32
                0x00000148       0x34 .\CortexM3\ARM_GCC_541\Debug\cyfitter_cfg.o
 .text.AnalogSetDefault
                0x0000017c       0x28 .\CortexM3\ARM_GCC_541\Debug\cyfitter_cfg.o
 .text.CYMEMZERO
                0x000001a4        0xc .\CortexM3\ARM_GCC_541\Debug\cyfitter_cfg.o
 .text.ClockSetup
                0x000001b0       0xb8 .\CortexM3\ARM_GCC_541\Debug\cyfitter_cfg.o
 .text.CYCONFIGCPY
                0x00000268        0x8 .\CortexM3\ARM_GCC_541\Debug\cyfitter_cfg.o
 .text.cyfitter_cfg
                0x00000270      0x100 .\CortexM3\ARM_GCC_541\Debug\cyfitter_cfg.o
                0x00000270                cyfitter_cfg
 .text.IntDefaultHandler
                0x00000370       0x10 .\CortexM3\ARM_GCC_541\Debug\Cm3Start.o
                0x00000370                IntDefaultHandler
 .text.Start_c  0x00000380       0x4c .\CortexM3\ARM_GCC_541\Debug\Cm3Start.o
                0x00000380                Start_c
 .text.initialize_psoc
                0x000003cc       0x68 .\CortexM3\ARM_GCC_541\Debug\Cm3Start.o
                0x000003cc                initialize_psoc
 .text.CyHalt   0x00000434        0x4 .\CortexM3\ARM_GCC_541\Debug\10_UART_with_swbuffer_talkback_capitalize.a(CyLib.o)
                0x00000434                CyHalt
 .text.CyDelay  0x00000438       0x2c .\CortexM3\ARM_GCC_541\Debug\10_UART_with_swbuffer_talkback_capitalize.a(CyLib.o)
                0x00000438                CyDelay
 .text.CyIntSetVector
                0x00000464       0x28 .\CortexM3\ARM_GCC_541\Debug\10_UART_with_swbuffer_talkback_capitalize.a(CyLib.o)
                0x00000464                CyIntSetVector
 .text.CyIntSetPriority
                0x0000048c       0x30 .\CortexM3\ARM_GCC_541\Debug\10_UART_with_swbuffer_talkback_capitalize.a(CyLib.o)
                0x0000048c                CyIntSetPriority
 .text.UART_Init
                0x000004bc       0x40 .\CortexM3\ARM_GCC_541\Debug\10_UART_with_swbuffer_talkback_capitalize.a(UART.o)
                0x000004bc                UART_Init
 .text.UART_Enable
                0x000004fc       0x48 .\CortexM3\ARM_GCC_541\Debug\10_UART_with_swbuffer_talkback_capitalize.a(UART.o)
                0x000004fc                UART_Enable
 .text.UART_Start
                0x00000544       0x1c .\CortexM3\ARM_GCC_541\Debug\10_UART_with_swbuffer_talkback_capitalize.a(UART.o)
                0x00000544                UART_Start
 .text.UART_ReadRxData
                0x00000560        0xc .\CortexM3\ARM_GCC_541\Debug\10_UART_with_swbuffer_talkback_capitalize.a(UART.o)
                0x00000560                UART_ReadRxData
 .text.UART_ReadRxStatus
                0x0000056c       0x10 .\CortexM3\ARM_GCC_541\Debug\10_UART_with_swbuffer_talkback_capitalize.a(UART.o)
                0x0000056c                UART_ReadRxStatus
 .text.UART_GetByte
                0x0000057c       0x14 .\CortexM3\ARM_GCC_541\Debug\10_UART_with_swbuffer_talkback_capitalize.a(UART.o)
                0x0000057c                UART_GetByte
 .text.UART_PutChar
                0x00000590       0x7c .\CortexM3\ARM_GCC_541\Debug\10_UART_with_swbuffer_talkback_capitalize.a(UART.o)
                0x00000590                UART_PutChar
 .text.UART_PutString
                0x0000060c       0x24 .\CortexM3\ARM_GCC_541\Debug\10_UART_with_swbuffer_talkback_capitalize.a(UART.o)
                0x0000060c                UART_PutString
 .text.UART_TXISR
                0x00000630       0x5c .\CortexM3\ARM_GCC_541\Debug\10_UART_with_swbuffer_talkback_capitalize.a(UART_INT.o)
                0x00000630                UART_TXISR
 .text.UART_IntClock_Start
                0x0000068c       0x1c .\CortexM3\ARM_GCC_541\Debug\10_UART_with_swbuffer_talkback_capitalize.a(UART_IntClock.o)
                0x0000068c                UART_IntClock_Start
 .text.ISR_UART_Rx_SetVector
                0x000006a8        0xc .\CortexM3\ARM_GCC_541\Debug\10_UART_with_swbuffer_talkback_capitalize.a(ISR_UART_Rx.o)
                0x000006a8                ISR_UART_Rx_SetVector
 .text.ISR_UART_Rx_SetPriority
                0x000006b4       0x10 .\CortexM3\ARM_GCC_541\Debug\10_UART_with_swbuffer_talkback_capitalize.a(ISR_UART_Rx.o)
                0x000006b4                ISR_UART_Rx_SetPriority
 .text.ISR_UART_Rx_Enable
                0x000006c4        0xc .\CortexM3\ARM_GCC_541\Debug\10_UART_with_swbuffer_talkback_capitalize.a(ISR_UART_Rx.o)
                0x000006c4                ISR_UART_Rx_Enable
 .text.ISR_UART_Rx_Disable
                0x000006d0        0xc .\CortexM3\ARM_GCC_541\Debug\10_UART_with_swbuffer_talkback_capitalize.a(ISR_UART_Rx.o)
                0x000006d0                ISR_UART_Rx_Disable
 .text.ISR_UART_Rx_StartEx
                0x000006dc       0x1c .\CortexM3\ARM_GCC_541\Debug\10_UART_with_swbuffer_talkback_capitalize.a(ISR_UART_Rx.o)
                0x000006dc                ISR_UART_Rx_StartEx
 .text          0x000006f8       0x20 .\CortexM3\ARM_GCC_541\Debug\10_UART_with_swbuffer_talkback_capitalize.a(CyBootAsmGnu.o)
                0x000006f8                CyDelayCycles
                0x00000708                CyEnterCriticalSection
                0x00000710                CyExitCriticalSection
 .text.__errno  0x00000718        0xc c:/program files (x86)/cypress/psoc creator/4.2/psoc creator/import/gnu/arm/5.4.1/bin/../lib/gcc/arm-none-eabi/5.4.1/../../../../arm-none-eabi/lib/armv7-m\libg_nano.a(lib_a-errno.o)
                0x00000718                __errno
 .text.__libc_init_array
                0x00000724       0x4c c:/program files (x86)/cypress/psoc creator/4.2/psoc creator/import/gnu/arm/5.4.1/bin/../lib/gcc/arm-none-eabi/5.4.1/../../../../arm-none-eabi/lib/armv7-m\libg_nano.a(lib_a-init.o)
                0x00000724                __libc_init_array
 .text.memcpy   0x00000770       0x16 c:/program files (x86)/cypress/psoc creator/4.2/psoc creator/import/gnu/arm/5.4.1/bin/../lib/gcc/arm-none-eabi/5.4.1/../../../../arm-none-eabi/lib/armv7-m\libg_nano.a(lib_a-memcpy-stub.o)
                0x00000770                memcpy
 .text.memset   0x00000786       0x10 c:/program files (x86)/cypress/psoc creator/4.2/psoc creator/import/gnu/arm/5.4.1/bin/../lib/gcc/arm-none-eabi/5.4.1/../../../../arm-none-eabi/lib/armv7-m\libg_nano.a(lib_a-memset.o)
                0x00000786                memset
 *(.plt)
 *(.gnu.warning)
 *(.glue_7t)
 .glue_7t       0x00000796        0x0 linker stubs
 *(.glue_7)
 .glue_7        0x00000796        0x0 linker stubs
 *(.vfp11_veneer)
 .vfp11_veneer  0x00000796        0x0 linker stubs
 *(.bootloader)
 *(.ARM.extab* .gnu.linkonce.armextab.*)
 *(.gcc_except_table)

.v4_bx          0x00000798        0x0
 .v4_bx         0x00000798        0x0 linker stubs

.iplt           0x00000798        0x0
 .iplt          0x00000798        0x0 c:/program files (x86)/cypress/psoc creator/4.2/psoc creator/import/gnu/arm/5.4.1/bin/../lib/gcc/arm-none-eabi/5.4.1/armv7-m/crtbegin.o

.eh_frame_hdr
 *(.eh_frame_hdr)

.eh_frame       0x00000798        0x4
 *(.eh_frame)
 .eh_frame      0x00000798        0x0 c:/program files (x86)/cypress/psoc creator/4.2/psoc creator/import/gnu/arm/5.4.1/bin/../lib/gcc/arm-none-eabi/5.4.1/armv7-m/crtbegin.o
 .eh_frame      0x00000798        0x4 c:/program files (x86)/cypress/psoc creator/4.2/psoc creator/import/gnu/arm/5.4.1/bin/../lib/gcc/arm-none-eabi/5.4.1/armv7-m/crtend.o
                [!provide]                PROVIDE (__exidx_start, .)

.ARM.exidx
 *(.ARM.exidx* .gnu.linkonce.armexidx.*)
                0x0000079c                __exidx_end = .

.rodata         0x0000079c       0x84
 *(.rodata .rodata.* .gnu.linkonce.r.*)
 .rodata        0x0000079c       0x4c .\CortexM3\ARM_GCC_541\Debug\cyfitter_cfg.o
 .rodata.str1.1
                0x000007e8        0x2 c:/program files (x86)/cypress/psoc creator/4.2/psoc creator/import/gnu/arm/5.4.1/bin/../lib/gcc/arm-none-eabi/5.4.1/../../../../arm-none-eabi/lib/armv7-m\libg_nano.a(lib_a-impure.o)
                0x000007ec                . = ALIGN (0x4)
 *fill*         0x000007ea        0x2 
 *(.init)
 .init          0x000007ec        0x4 c:/program files (x86)/cypress/psoc creator/4.2/psoc creator/import/gnu/arm/5.4.1/bin/../lib/gcc/arm-none-eabi/5.4.1/armv7-m/crti.o
                0x000007ec                _init
 .init          0x000007f0        0x8 c:/program files (x86)/cypress/psoc creator/4.2/psoc creator/import/gnu/arm/5.4.1/bin/../lib/gcc/arm-none-eabi/5.4.1/armv7-m/crtn.o
                0x000007f8                . = ALIGN (0x4)
                0x000007f8                __preinit_array_start = .
 *(.preinit_array)
                0x000007f8                __preinit_array_end = .
                0x000007f8                . = ALIGN (0x4)
                0x000007f8                __init_array_start = .
 *(SORT(.init_array.*))
 *(.init_array)
 .init_array    0x000007f8        0x4 c:/program files (x86)/cypress/psoc creator/4.2/psoc creator/import/gnu/arm/5.4.1/bin/../lib/gcc/arm-none-eabi/5.4.1/armv7-m/crtbegin.o
 .init_array    0x000007fc        0x4 .\CortexM3\ARM_GCC_541\Debug\Cm3Start.o
                0x00000800                __init_array_end = .
                0x00000800                . = ALIGN (0x4)
 *(.fini)
 .fini          0x00000800        0x4 c:/program files (x86)/cypress/psoc creator/4.2/psoc creator/import/gnu/arm/5.4.1/bin/../lib/gcc/arm-none-eabi/5.4.1/armv7-m/crti.o
                0x00000800                _fini
 .fini          0x00000804        0x8 c:/program files (x86)/cypress/psoc creator/4.2/psoc creator/import/gnu/arm/5.4.1/bin/../lib/gcc/arm-none-eabi/5.4.1/armv7-m/crtn.o
                0x0000080c                . = ALIGN (0x4)
                0x0000080c                __fini_array_start = .
 *(.fini_array)
 .fini_array    0x0000080c        0x4 c:/program files (x86)/cypress/psoc creator/4.2/psoc creator/import/gnu/arm/5.4.1/bin/../lib/gcc/arm-none-eabi/5.4.1/armv7-m/crtbegin.o
 *(SORT(.fini_array.*))
                0x00000810                __fini_array_end = .
                0x00000810                . = ALIGN (0x4)
 *crtbegin.o(.ctors)
 *(EXCLUDE_FILE(*crtend.o) .ctors)
 *(SORT(.ctors.*))
 *crtend.o(.ctors)
                0x00000810                . = ALIGN (0x4)
 *crtbegin.o(.dtors)
 *(EXCLUDE_FILE(*crtend.o) .dtors)
 *(SORT(.dtors.*))
 *crtend.o(.dtors)
                0x00000810                . = ALIGN (0x4)
                0x00000810                __cy_regions = .
                0x00000810        0x4 LONG 0x820 __cy_region_init_ram
                0x00000814        0x4 LONG 0x1fff80c8 __cy_region_start_data
                0x00000818        0x4 LONG 0x78 __cy_region_init_size_ram
                0x0000081c        0x4 LONG 0x290 __cy_region_zero_size_ram
                0x00000820                __cy_regions_end = .
                0x00000820                . = ALIGN (0x8)
                0x00000820                _etext = .

.cy_checksum_exclude
                0x00000820        0x0
 *(.cy_checksum_exclude)

.ramvectors     0x1fff8000       0xc0
                0x1fff8000                __cy_region_start_ram = .
 *(.ramvectors)
 .ramvectors    0x1fff8000       0xc0 .\CortexM3\ARM_GCC_541\Debug\Cm3Start.o
                0x1fff8000                CyRamVectors

.noinit         0x1fff80c0        0x1
 *(.noinit)
 .noinit        0x1fff80c0        0x1 .\CortexM3\ARM_GCC_541\Debug\10_UART_with_swbuffer_talkback_capitalize.a(CyLib.o)
                0x1fff80c0                CyResetStatus

.data           0x1fff80c8       0x78 load address 0x00000820
                0x1fff80c8                __cy_region_start_data = .
 *(.jcr)
 .jcr           0x1fff80c8        0x0 c:/program files (x86)/cypress/psoc creator/4.2/psoc creator/import/gnu/arm/5.4.1/bin/../lib/gcc/arm-none-eabi/5.4.1/armv7-m/crtbegin.o
 .jcr           0x1fff80c8        0x4 c:/program files (x86)/cypress/psoc creator/4.2/psoc creator/import/gnu/arm/5.4.1/bin/../lib/gcc/arm-none-eabi/5.4.1/armv7-m/crtend.o
 *(.got.plt)
 *(.got)
 *(.shdata)
 *(.data .data.* .gnu.linkonce.d.*)
 .data          0x1fff80cc       0x10 .\CortexM3\ARM_GCC_541\Debug\10_UART_with_swbuffer_talkback_capitalize.a(CyLib.o)
                0x1fff80cc                cydelay_32k_ms
                0x1fff80d0                cydelay_freq_khz
                0x1fff80d4                cydelay_freq_mhz
                0x1fff80d8                cydelay_freq_hz
 .data.impure_data
                0x1fff80dc       0x60 c:/program files (x86)/cypress/psoc creator/4.2/psoc creator/import/gnu/arm/5.4.1/bin/../lib/gcc/arm-none-eabi/5.4.1/../../../../arm-none-eabi/lib/armv7-m\libg_nano.a(lib_a-impure.o)
 .data._impure_ptr
                0x1fff813c        0x4 c:/program files (x86)/cypress/psoc creator/4.2/psoc creator/import/gnu/arm/5.4.1/bin/../lib/gcc/arm-none-eabi/5.4.1/../../../../arm-none-eabi/lib/armv7-m\libg_nano.a(lib_a-impure.o)
                0x1fff813c                _impure_ptr
                0x1fff8140                . = ALIGN (0x8)
 *(.ram)
                0x1fff8140                _edata = .

.igot.plt       0x1fff8140        0x0 load address 0x00000898
 .igot.plt      0x1fff8140        0x0 c:/program files (x86)/cypress/psoc creator/4.2/psoc creator/import/gnu/arm/5.4.1/bin/../lib/gcc/arm-none-eabi/5.4.1/armv7-m/crtbegin.o

.bss            0x1fff8140      0x290 load address 0x00000898
                0x1fff8140                PROVIDE (__bss_start__, .)
 *(.shbss)
 *(.bss .bss.* .gnu.linkonce.b.*)
 .bss           0x1fff8140       0x1c c:/program files (x86)/cypress/psoc creator/4.2/psoc creator/import/gnu/arm/5.4.1/bin/../lib/gcc/arm-none-eabi/5.4.1/armv7-m/crtbegin.o
 .bss           0x1fff815c        0x1 .\CortexM3\ARM_GCC_541\Debug\main.o
                0x1fff815c                buffer_index
 *fill*         0x1fff815d        0x1 
 .bss           0x1fff815e        0x7 .\CortexM3\ARM_GCC_541\Debug\10_UART_with_swbuffer_talkback_capitalize.a(UART.o)
                0x1fff815e                UART_initVar
                0x1fff8160                UART_txBufferRead
                0x1fff8162                UART_txBufferWrite
 *(COMMON)
 *fill*         0x1fff8165        0x3 
 COMMON         0x1fff8168       0x64 .\CortexM3\ARM_GCC_541\Debug\main.o
                0x1fff8168                buffer
 COMMON         0x1fff81cc      0x200 .\CortexM3\ARM_GCC_541\Debug\10_UART_with_swbuffer_talkback_capitalize.a(UART.o)
                0x1fff81cc                UART_txBuffer
                0x1fff83d0                . = ALIGN (0x8)
 *fill*         0x1fff83cc        0x4 
 *(.ram.b)
                0x1fff83d0                _end = .
                0x1fff83d0                __end = .
                0x1fff83d0                PROVIDE (end, .)
                0x1fff83d0                PROVIDE (__bss_end__, .)
                0x00000820                __cy_region_init_ram = LOADADDR (.data)
                0x00000078                __cy_region_init_size_ram = (_edata - ADDR (.data))
                0x00000290                __cy_region_zero_size_ram = (_end - _edata)

.heap           0x1fff83d0       0x80 load address 0x00000898
                0x1fff83d0                . = _end
                0x1fff8450                . = (. + 0x80)
 *fill*         0x1fff83d0       0x80 
                0x1fff8450                __cy_heap_limit = .

.stack          0x20007800      0x800
                0x20007800                __cy_stack_limit = .
                0x20008000                . = (. + 0x800)
 *fill*         0x20007800      0x800 
                0x00000001                ASSERT ((__cy_stack_limit >= __cy_heap_limit), region RAM overflowed with stack)
                0x00000000                cy_checksum_exclude_size = (CY_APPL_LOADABLE == 0x1)?SIZEOF (.cy_checksum_exclude):0x0
                0x00000001                ASSERT ((cy_checksum_exclude_size <= CY_CHECKSUM_EXCLUDE_SIZE), CY_BOOT: Section .cy_checksum_exclude size exceedes specified limit.)

.cyloadermeta
 *(.cyloadermeta)

.cyloadablemeta
 *(.cyloadablemeta)

.cyconfigecc    0x80000000      0x358
 *(.cyconfigecc)
 .cyconfigecc   0x80000000      0x358 .\CortexM3\ARM_GCC_541\Debug\cymetadata.o
                0x80000000                cy_meta_configecc

.cycustnvl      0x90000000        0x4
 *(.cycustnvl)
 .cycustnvl     0x90000000        0x4 .\CortexM3\ARM_GCC_541\Debug\cymetadata.o
                0x90000000                cy_meta_custnvl

.cywolatch      0x90100000        0x4
 *(.cywolatch)
 .cywolatch     0x90100000        0x4 .\CortexM3\ARM_GCC_541\Debug\cymetadata.o
                0x90100000                cy_meta_wonvl

.cyeeprom       0x90200000        0x0
 *(.cyeeprom)
                0x00000001                ASSERT ((. <= ((0x90200000 + ee_offset) + ee_size)), .cyeeprom data will not fit in EEPROM)

.cyflashprotect
                0x90400000      0x100
 *(.cyflashprotect)
 .cyflashprotect
                0x90400000      0x100 .\CortexM3\ARM_GCC_541\Debug\cymetadata.o
                0x90400000                cy_meta_flashprotect

.cymeta         0x90500000        0xc
 *(.cymeta)
 .cymeta        0x90500000        0xc .\CortexM3\ARM_GCC_541\Debug\cymetadata.o
                0x90500000                cy_metadata

.rel.dyn        0x00000898        0x0 load address 0x9050000c
 .rel.iplt      0x00000898        0x0 c:/program files (x86)/cypress/psoc creator/4.2/psoc creator/import/gnu/arm/5.4.1/bin/../lib/gcc/arm-none-eabi/5.4.1/armv7-m/crtbegin.o

.stab
 *(.stab)

.stabstr
 *(.stabstr)

.debug
 *(.debug)

.line
 *(.line)

.debug_srcinfo
 *(.debug_srcinfo)

.debug_sfnames
 *(.debug_sfnames)

.debug_aranges  0x00000000      0x748
 *(.debug_aranges)
 .debug_aranges
                0x00000000       0x30 .\CortexM3\ARM_GCC_541\Debug\main.o
 .debug_aranges
                0x00000030       0x58 .\CortexM3\ARM_GCC_541\Debug\cyfitter_cfg.o
 .debug_aranges
                0x00000088       0x18 .\CortexM3\ARM_GCC_541\Debug\cymetadata.o
 .debug_aranges
                0x000000a0       0x48 .\CortexM3\ARM_GCC_541\Debug\Cm3Start.o
 .debug_aranges
                0x000000e8      0x2a0 .\CortexM3\ARM_GCC_541\Debug\10_UART_with_swbuffer_talkback_capitalize.a(CyLib.o)
 .debug_aranges
                0x00000388       0x98 .\CortexM3\ARM_GCC_541\Debug\10_UART_with_swbuffer_talkback_capitalize.a(cyPm.o)
 .debug_aranges
                0x00000420       0xf0 .\CortexM3\ARM_GCC_541\Debug\10_UART_with_swbuffer_talkback_capitalize.a(UART.o)
 .debug_aranges
                0x00000510       0x20 .\CortexM3\ARM_GCC_541\Debug\10_UART_with_swbuffer_talkback_capitalize.a(UART_INT.o)
 .debug_aranges
                0x00000530       0x70 .\CortexM3\ARM_GCC_541\Debug\10_UART_with_swbuffer_talkback_capitalize.a(UART_IntClock.o)
 .debug_aranges
                0x000005a0       0x80 .\CortexM3\ARM_GCC_541\Debug\10_UART_with_swbuffer_talkback_capitalize.a(ISR_UART_Rx.o)
 .debug_aranges
                0x00000620       0x20 .\CortexM3\ARM_GCC_541\Debug\10_UART_with_swbuffer_talkback_capitalize.a(CyBootAsmGnu.o)
 .debug_aranges
                0x00000640       0x88 .\CortexM3\ARM_GCC_541\Debug\10_UART_with_swbuffer_talkback_capitalize.a(CyFlash.o)
 .debug_aranges
                0x000006c8       0x80 .\CortexM3\ARM_GCC_541\Debug\10_UART_with_swbuffer_talkback_capitalize.a(CySpc.o)

.debug_pubnames
 *(.debug_pubnames)

.debug_info     0x00000000     0x440b
 *(.debug_info .gnu.linkonce.wi.*)
 .debug_info    0x00000000      0x27c .\CortexM3\ARM_GCC_541\Debug\main.o
 .debug_info    0x0000027c      0x583 .\CortexM3\ARM_GCC_541\Debug\cyfitter_cfg.o
 .debug_info    0x000007ff      0x135 .\CortexM3\ARM_GCC_541\Debug\cymetadata.o
 .debug_info    0x00000934      0x3bb .\CortexM3\ARM_GCC_541\Debug\Cm3Start.o
 .debug_info    0x00000cef     0x1374 .\CortexM3\ARM_GCC_541\Debug\10_UART_with_swbuffer_talkback_capitalize.a(CyLib.o)
 .debug_info    0x00002063      0xa2a .\CortexM3\ARM_GCC_541\Debug\10_UART_with_swbuffer_talkback_capitalize.a(cyPm.o)
 .debug_info    0x00002a8d      0x6d7 .\CortexM3\ARM_GCC_541\Debug\10_UART_with_swbuffer_talkback_capitalize.a(UART.o)
 .debug_info    0x00003164      0x108 .\CortexM3\ARM_GCC_541\Debug\10_UART_with_swbuffer_talkback_capitalize.a(UART_INT.o)
 .debug_info    0x0000326c      0x283 .\CortexM3\ARM_GCC_541\Debug\10_UART_with_swbuffer_talkback_capitalize.a(UART_IntClock.o)
 .debug_info    0x000034ef      0x2d2 .\CortexM3\ARM_GCC_541\Debug\10_UART_with_swbuffer_talkback_capitalize.a(ISR_UART_Rx.o)
 .debug_info    0x000037c1       0xad .\CortexM3\ARM_GCC_541\Debug\10_UART_with_swbuffer_talkback_capitalize.a(CyBootAsmGnu.o)
 .debug_info    0x0000386e      0x64d .\CortexM3\ARM_GCC_541\Debug\10_UART_with_swbuffer_talkback_capitalize.a(CyFlash.o)
 .debug_info    0x00003ebb      0x550 .\CortexM3\ARM_GCC_541\Debug\10_UART_with_swbuffer_talkback_capitalize.a(CySpc.o)

.debug_abbrev   0x00000000     0x1188
 *(.debug_abbrev)
 .debug_abbrev  0x00000000      0x14b .\CortexM3\ARM_GCC_541\Debug\main.o
 .debug_abbrev  0x0000014b      0x20d .\CortexM3\ARM_GCC_541\Debug\cyfitter_cfg.o
 .debug_abbrev  0x00000358       0x66 .\CortexM3\ARM_GCC_541\Debug\cymetadata.o
 .debug_abbrev  0x000003be      0x1e8 .\CortexM3\ARM_GCC_541\Debug\Cm3Start.o
 .debug_abbrev  0x000005a6      0x254 .\CortexM3\ARM_GCC_541\Debug\10_UART_with_swbuffer_talkback_capitalize.a(CyLib.o)
 .debug_abbrev  0x000007fa      0x1ab .\CortexM3\ARM_GCC_541\Debug\10_UART_with_swbuffer_talkback_capitalize.a(cyPm.o)
 .debug_abbrev  0x000009a5      0x16f .\CortexM3\ARM_GCC_541\Debug\10_UART_with_swbuffer_talkback_capitalize.a(UART.o)
 .debug_abbrev  0x00000b14       0x79 .\CortexM3\ARM_GCC_541\Debug\10_UART_with_swbuffer_talkback_capitalize.a(UART_INT.o)
 .debug_abbrev  0x00000b8d      0x139 .\CortexM3\ARM_GCC_541\Debug\10_UART_with_swbuffer_talkback_capitalize.a(UART_IntClock.o)
 .debug_abbrev  0x00000cc6      0x173 .\CortexM3\ARM_GCC_541\Debug\10_UART_with_swbuffer_talkback_capitalize.a(ISR_UART_Rx.o)
 .debug_abbrev  0x00000e39       0x14 .\CortexM3\ARM_GCC_541\Debug\10_UART_with_swbuffer_talkback_capitalize.a(CyBootAsmGnu.o)
 .debug_abbrev  0x00000e4d      0x1a7 .\CortexM3\ARM_GCC_541\Debug\10_UART_with_swbuffer_talkback_capitalize.a(CyFlash.o)
 .debug_abbrev  0x00000ff4      0x194 .\CortexM3\ARM_GCC_541\Debug\10_UART_with_swbuffer_talkback_capitalize.a(CySpc.o)

.debug_line     0x00000000     0x1dcf
 *(.debug_line)
 .debug_line    0x00000000      0x1e1 .\CortexM3\ARM_GCC_541\Debug\main.o
 .debug_line    0x000001e1      0x1f2 .\CortexM3\ARM_GCC_541\Debug\cyfitter_cfg.o
 .debug_line    0x000003d3      0x141 .\CortexM3\ARM_GCC_541\Debug\cymetadata.o
 .debug_line    0x00000514      0x234 .\CortexM3\ARM_GCC_541\Debug\Cm3Start.o
 .debug_line    0x00000748      0x816 .\CortexM3\ARM_GCC_541\Debug\10_UART_with_swbuffer_talkback_capitalize.a(CyLib.o)
 .debug_line    0x00000f5e      0x367 .\CortexM3\ARM_GCC_541\Debug\10_UART_with_swbuffer_talkback_capitalize.a(cyPm.o)
 .debug_line    0x000012c5      0x2f9 .\CortexM3\ARM_GCC_541\Debug\10_UART_with_swbuffer_talkback_capitalize.a(UART.o)
 .debug_line    0x000015be       0x7d .\CortexM3\ARM_GCC_541\Debug\10_UART_with_swbuffer_talkback_capitalize.a(UART_INT.o)
 .debug_line    0x0000163b      0x17c .\CortexM3\ARM_GCC_541\Debug\10_UART_with_swbuffer_talkback_capitalize.a(UART_IntClock.o)
 .debug_line    0x000017b7      0x138 .\CortexM3\ARM_GCC_541\Debug\10_UART_with_swbuffer_talkback_capitalize.a(ISR_UART_Rx.o)
 .debug_line    0x000018ef       0x66 .\CortexM3\ARM_GCC_541\Debug\10_UART_with_swbuffer_talkback_capitalize.a(CyBootAsmGnu.o)
 .debug_line    0x00001955      0x21a .\CortexM3\ARM_GCC_541\Debug\10_UART_with_swbuffer_talkback_capitalize.a(CyFlash.o)
 .debug_line    0x00001b6f      0x260 .\CortexM3\ARM_GCC_541\Debug\10_UART_with_swbuffer_talkback_capitalize.a(CySpc.o)

.debug_frame    0x00000000     0x1370
 *(.debug_frame)
 .debug_frame   0x00000000       0x68 .\CortexM3\ARM_GCC_541\Debug\main.o
 .debug_frame   0x00000068       0xe4 .\CortexM3\ARM_GCC_541\Debug\cyfitter_cfg.o
 .debug_frame   0x0000014c       0xb8 .\CortexM3\ARM_GCC_541\Debug\Cm3Start.o
 .debug_frame   0x00000204      0x738 .\CortexM3\ARM_GCC_541\Debug\10_UART_with_swbuffer_talkback_capitalize.a(CyLib.o)
 .debug_frame   0x0000093c      0x1f8 .\CortexM3\ARM_GCC_541\Debug\10_UART_with_swbuffer_talkback_capitalize.a(cyPm.o)
 .debug_frame   0x00000b34      0x268 .\CortexM3\ARM_GCC_541\Debug\10_UART_with_swbuffer_talkback_capitalize.a(UART.o)
 .debug_frame   0x00000d9c       0x20 .\CortexM3\ARM_GCC_541\Debug\10_UART_with_swbuffer_talkback_capitalize.a(UART_INT.o)
 .debug_frame   0x00000dbc       0xe0 .\CortexM3\ARM_GCC_541\Debug\10_UART_with_swbuffer_talkback_capitalize.a(UART_IntClock.o)
 .debug_frame   0x00000e9c      0x104 .\CortexM3\ARM_GCC_541\Debug\10_UART_with_swbuffer_talkback_capitalize.a(ISR_UART_Rx.o)
 .debug_frame   0x00000fa0      0x194 .\CortexM3\ARM_GCC_541\Debug\10_UART_with_swbuffer_talkback_capitalize.a(CyFlash.o)
 .debug_frame   0x00001134      0x180 .\CortexM3\ARM_GCC_541\Debug\10_UART_with_swbuffer_talkback_capitalize.a(CySpc.o)
 .debug_frame   0x000012b4       0x20 c:/program files (x86)/cypress/psoc creator/4.2/psoc creator/import/gnu/arm/5.4.1/bin/../lib/gcc/arm-none-eabi/5.4.1/../../../../arm-none-eabi/lib/armv7-m\libg_nano.a(lib_a-errno.o)
 .debug_frame   0x000012d4       0x28 c:/program files (x86)/cypress/psoc creator/4.2/psoc creator/import/gnu/arm/5.4.1/bin/../lib/gcc/arm-none-eabi/5.4.1/../../../../arm-none-eabi/lib/armv7-m\libg_nano.a(lib_a-exit.o)
 .debug_frame   0x000012fc       0x2c c:/program files (x86)/cypress/psoc creator/4.2/psoc creator/import/gnu/arm/5.4.1/bin/../lib/gcc/arm-none-eabi/5.4.1/../../../../arm-none-eabi/lib/armv7-m\libg_nano.a(lib_a-init.o)
 .debug_frame   0x00001328       0x28 c:/program files (x86)/cypress/psoc creator/4.2/psoc creator/import/gnu/arm/5.4.1/bin/../lib/gcc/arm-none-eabi/5.4.1/../../../../arm-none-eabi/lib/armv7-m\libg_nano.a(lib_a-memcpy-stub.o)
 .debug_frame   0x00001350       0x20 c:/program files (x86)/cypress/psoc creator/4.2/psoc creator/import/gnu/arm/5.4.1/bin/../lib/gcc/arm-none-eabi/5.4.1/../../../../arm-none-eabi/lib/armv7-m\libg_nano.a(lib_a-memset.o)

.debug_str      0x00000000     0x1935
 *(.debug_str)
 .debug_str     0x00000000      0x219 .\CortexM3\ARM_GCC_541\Debug\main.o
                                0x269 (size before relaxing)
 .debug_str     0x00000219      0x1bc .\CortexM3\ARM_GCC_541\Debug\cyfitter_cfg.o
                                0x361 (size before relaxing)
 .debug_str     0x000003d5       0x75 .\CortexM3\ARM_GCC_541\Debug\cymetadata.o
                                0x201 (size before relaxing)
 .debug_str     0x0000044a      0x144 .\CortexM3\ARM_GCC_541\Debug\Cm3Start.o
                                0x327 (size before relaxing)
 .debug_str     0x0000058e      0x84c .\CortexM3\ARM_GCC_541\Debug\10_UART_with_swbuffer_talkback_capitalize.a(CyLib.o)
                                0xa64 (size before relaxing)
 .debug_str     0x00000dda      0x365 .\CortexM3\ARM_GCC_541\Debug\10_UART_with_swbuffer_talkback_capitalize.a(cyPm.o)
                                0x750 (size before relaxing)
 .debug_str     0x0000113f      0x2c0 .\CortexM3\ARM_GCC_541\Debug\10_UART_with_swbuffer_talkback_capitalize.a(UART.o)
                                0x513 (size before relaxing)
 .debug_str     0x000013ff       0x2d .\CortexM3\ARM_GCC_541\Debug\10_UART_with_swbuffer_talkback_capitalize.a(UART_INT.o)
                                0x20a (size before relaxing)
 .debug_str     0x0000142c      0x183 .\CortexM3\ARM_GCC_541\Debug\10_UART_with_swbuffer_talkback_capitalize.a(UART_IntClock.o)
                                0x353 (size before relaxing)
 .debug_str     0x000015af      0x126 .\CortexM3\ARM_GCC_541\Debug\10_UART_with_swbuffer_talkback_capitalize.a(ISR_UART_Rx.o)
                                0x317 (size before relaxing)
 .debug_str     0x000016d5      0x1b4 .\CortexM3\ARM_GCC_541\Debug\10_UART_with_swbuffer_talkback_capitalize.a(CyFlash.o)
                                0x3dd (size before relaxing)
 .debug_str     0x00001889       0xac .\CortexM3\ARM_GCC_541\Debug\10_UART_with_swbuffer_talkback_capitalize.a(CySpc.o)
                                0x355 (size before relaxing)

.debug_loc      0x00000000     0x1ecd
 *(.debug_loc)
 .debug_loc     0x00000000       0x5c .\CortexM3\ARM_GCC_541\Debug\main.o
 .debug_loc     0x0000005c      0x289 .\CortexM3\ARM_GCC_541\Debug\cyfitter_cfg.o
 .debug_loc     0x000002e5      0x144 .\CortexM3\ARM_GCC_541\Debug\Cm3Start.o
 .debug_loc     0x00000429      0xa11 .\CortexM3\ARM_GCC_541\Debug\10_UART_with_swbuffer_talkback_capitalize.a(CyLib.o)
 .debug_loc     0x00000e3a      0x1e4 .\CortexM3\ARM_GCC_541\Debug\10_UART_with_swbuffer_talkback_capitalize.a(cyPm.o)
 .debug_loc     0x0000101e      0x276 .\CortexM3\ARM_GCC_541\Debug\10_UART_with_swbuffer_talkback_capitalize.a(UART.o)
 .debug_loc     0x00001294      0x12c .\CortexM3\ARM_GCC_541\Debug\10_UART_with_swbuffer_talkback_capitalize.a(UART_IntClock.o)
 .debug_loc     0x000013c0       0x56 .\CortexM3\ARM_GCC_541\Debug\10_UART_with_swbuffer_talkback_capitalize.a(ISR_UART_Rx.o)
 .debug_loc     0x00001416      0x3b2 .\CortexM3\ARM_GCC_541\Debug\10_UART_with_swbuffer_talkback_capitalize.a(CyFlash.o)
 .debug_loc     0x000017c8      0x705 .\CortexM3\ARM_GCC_541\Debug\10_UART_with_swbuffer_talkback_capitalize.a(CySpc.o)

.debug_macinfo
 *(.debug_macinfo)

.debug_ranges   0x00000000      0x678
 *(.debug_ranges)
 .debug_ranges  0x00000000       0x38 .\CortexM3\ARM_GCC_541\Debug\main.o
 .debug_ranges  0x00000038       0x48 .\CortexM3\ARM_GCC_541\Debug\cyfitter_cfg.o
 .debug_ranges  0x00000080       0x38 .\CortexM3\ARM_GCC_541\Debug\Cm3Start.o
 .debug_ranges  0x000000b8      0x290 .\CortexM3\ARM_GCC_541\Debug\10_UART_with_swbuffer_talkback_capitalize.a(CyLib.o)
 .debug_ranges  0x00000348       0x88 .\CortexM3\ARM_GCC_541\Debug\10_UART_with_swbuffer_talkback_capitalize.a(cyPm.o)
 .debug_ranges  0x000003d0       0xe0 .\CortexM3\ARM_GCC_541\Debug\10_UART_with_swbuffer_talkback_capitalize.a(UART.o)
 .debug_ranges  0x000004b0       0x10 .\CortexM3\ARM_GCC_541\Debug\10_UART_with_swbuffer_talkback_capitalize.a(UART_INT.o)
 .debug_ranges  0x000004c0       0x60 .\CortexM3\ARM_GCC_541\Debug\10_UART_with_swbuffer_talkback_capitalize.a(UART_IntClock.o)
 .debug_ranges  0x00000520       0x70 .\CortexM3\ARM_GCC_541\Debug\10_UART_with_swbuffer_talkback_capitalize.a(ISR_UART_Rx.o)
 .debug_ranges  0x00000590       0x78 .\CortexM3\ARM_GCC_541\Debug\10_UART_with_swbuffer_talkback_capitalize.a(CyFlash.o)
 .debug_ranges  0x00000608       0x70 .\CortexM3\ARM_GCC_541\Debug\10_UART_with_swbuffer_talkback_capitalize.a(CySpc.o)

.comment        0x00000000       0x6e
 .comment       0x00000000       0x6e .\CortexM3\ARM_GCC_541\Debug\main.o
                                 0x6f (size before relaxing)
 .comment       0x0000006e       0x6f .\CortexM3\ARM_GCC_541\Debug\cyfitter_cfg.o
 .comment       0x0000006e       0x6f .\CortexM3\ARM_GCC_541\Debug\cymetadata.o
 .comment       0x0000006e       0x6f .\CortexM3\ARM_GCC_541\Debug\Cm3Start.o
 .comment       0x0000006e       0x6f .\CortexM3\ARM_GCC_541\Debug\10_UART_with_swbuffer_talkback_capitalize.a(CyLib.o)
 .comment       0x0000006e       0x6f .\CortexM3\ARM_GCC_541\Debug\10_UART_with_swbuffer_talkback_capitalize.a(cyPm.o)
 .comment       0x0000006e       0x6f .\CortexM3\ARM_GCC_541\Debug\10_UART_with_swbuffer_talkback_capitalize.a(UART.o)
 .comment       0x0000006e       0x6f .\CortexM3\ARM_GCC_541\Debug\10_UART_with_swbuffer_talkback_capitalize.a(UART_INT.o)
 .comment       0x0000006e       0x6f .\CortexM3\ARM_GCC_541\Debug\10_UART_with_swbuffer_talkback_capitalize.a(UART_IntClock.o)
 .comment       0x0000006e       0x6f .\CortexM3\ARM_GCC_541\Debug\10_UART_with_swbuffer_talkback_capitalize.a(ISR_UART_Rx.o)
 .comment       0x0000006e       0x6f .\CortexM3\ARM_GCC_541\Debug\10_UART_with_swbuffer_talkback_capitalize.a(CyFlash.o)
 .comment       0x0000006e       0x6f .\CortexM3\ARM_GCC_541\Debug\10_UART_with_swbuffer_talkback_capitalize.a(CySpc.o)

.debug_weaknames
 *(.debug_weaknames)

.debug_funcnames
 *(.debug_funcnames)

.debug_typenames
 *(.debug_typenames)

.debug_varnames
 *(.debug_varnames)

.note.gnu.arm.ident
 *(.note.gnu.arm.ident)

.ARM.attributes
                0x00000000       0x29
 *(.ARM.attributes)
 .ARM.attributes
                0x00000000       0x1d c:/program files (x86)/cypress/psoc creator/4.2/psoc creator/import/gnu/arm/5.4.1/bin/../lib/gcc/arm-none-eabi/5.4.1/armv7-m/crti.o
 .ARM.attributes
                0x0000001d       0x2d c:/program files (x86)/cypress/psoc creator/4.2/psoc creator/import/gnu/arm/5.4.1/bin/../lib/gcc/arm-none-eabi/5.4.1/armv7-m/crtbegin.o
 .ARM.attributes
                0x0000004a       0x1b c:/program files (x86)/cypress/psoc creator/4.2/psoc creator/import/gnu/arm/5.4.1/bin/../lib/gcc/arm-none-eabi/5.4.1/../../../../arm-none-eabi/lib/armv7-m/crt0.o
 .ARM.attributes
                0x00000065       0x33 .\CortexM3\ARM_GCC_541\Debug\main.o
 .ARM.attributes
                0x00000098       0x33 .\CortexM3\ARM_GCC_541\Debug\cyfitter_cfg.o
 .ARM.attributes
                0x000000cb       0x33 .\CortexM3\ARM_GCC_541\Debug\cymetadata.o
 .ARM.attributes
                0x000000fe       0x33 .\CortexM3\ARM_GCC_541\Debug\Cm3Start.o
 .ARM.attributes
                0x00000131       0x33 .\CortexM3\ARM_GCC_541\Debug\10_UART_with_swbuffer_talkback_capitalize.a(CyLib.o)
 .ARM.attributes
                0x00000164       0x33 .\CortexM3\ARM_GCC_541\Debug\10_UART_with_swbuffer_talkback_capitalize.a(cyPm.o)
 .ARM.attributes
                0x00000197       0x33 .\CortexM3\ARM_GCC_541\Debug\10_UART_with_swbuffer_talkback_capitalize.a(UART.o)
 .ARM.attributes
                0x000001ca       0x33 .\CortexM3\ARM_GCC_541\Debug\10_UART_with_swbuffer_talkback_capitalize.a(UART_INT.o)
 .ARM.attributes
                0x000001fd       0x33 .\CortexM3\ARM_GCC_541\Debug\10_UART_with_swbuffer_talkback_capitalize.a(UART_IntClock.o)
 .ARM.attributes
                0x00000230       0x33 .\CortexM3\ARM_GCC_541\Debug\10_UART_with_swbuffer_talkback_capitalize.a(ISR_UART_Rx.o)
 .ARM.attributes
                0x00000263       0x21 .\CortexM3\ARM_GCC_541\Debug\10_UART_with_swbuffer_talkback_capitalize.a(CyBootAsmGnu.o)
 .ARM.attributes
                0x00000284       0x33 .\CortexM3\ARM_GCC_541\Debug\10_UART_with_swbuffer_talkback_capitalize.a(CyFlash.o)
 .ARM.attributes
                0x000002b7       0x33 .\CortexM3\ARM_GCC_541\Debug\10_UART_with_swbuffer_talkback_capitalize.a(CySpc.o)
 .ARM.attributes
                0x000002ea       0x2d c:/program files (x86)/cypress/psoc creator/4.2/psoc creator/import/gnu/arm/5.4.1/bin/../lib/gcc/arm-none-eabi/5.4.1/../../../../arm-none-eabi/lib/armv7-m\libg_nano.a(lib_a-errno.o)
 .ARM.attributes
                0x00000317       0x2d c:/program files (x86)/cypress/psoc creator/4.2/psoc creator/import/gnu/arm/5.4.1/bin/../lib/gcc/arm-none-eabi/5.4.1/../../../../arm-none-eabi/lib/armv7-m\libg_nano.a(lib_a-exit.o)
 .ARM.attributes
                0x00000344       0x2d c:/program files (x86)/cypress/psoc creator/4.2/psoc creator/import/gnu/arm/5.4.1/bin/../lib/gcc/arm-none-eabi/5.4.1/../../../../arm-none-eabi/lib/armv7-m\libg_nano.a(lib_a-impure.o)
 .ARM.attributes
                0x00000371       0x2d c:/program files (x86)/cypress/psoc creator/4.2/psoc creator/import/gnu/arm/5.4.1/bin/../lib/gcc/arm-none-eabi/5.4.1/../../../../arm-none-eabi/lib/armv7-m\libg_nano.a(lib_a-init.o)
 .ARM.attributes
                0x0000039e       0x2d c:/program files (x86)/cypress/psoc creator/4.2/psoc creator/import/gnu/arm/5.4.1/bin/../lib/gcc/arm-none-eabi/5.4.1/../../../../arm-none-eabi/lib/armv7-m\libg_nano.a(lib_a-memcpy-stub.o)
 .ARM.attributes
                0x000003cb       0x2d c:/program files (x86)/cypress/psoc creator/4.2/psoc creator/import/gnu/arm/5.4.1/bin/../lib/gcc/arm-none-eabi/5.4.1/../../../../arm-none-eabi/lib/armv7-m\libg_nano.a(lib_a-memset.o)
 .ARM.attributes
                0x000003f8       0x2d c:/program files (x86)/cypress/psoc creator/4.2/psoc creator/import/gnu/arm/5.4.1/bin/../lib/gcc/arm-none-eabi/5.4.1/armv7-m/crtend.o
 .ARM.attributes
                0x00000425       0x1d c:/program files (x86)/cypress/psoc creator/4.2/psoc creator/import/gnu/arm/5.4.1/bin/../lib/gcc/arm-none-eabi/5.4.1/armv7-m/crtn.o

/DISCARD/
 *(.note.GNU-stack)
OUTPUT(D:\h_da\Lecturs\Basic Embedded\Embedded_basics\10_UART_with_swbuffer_talkback_capitalize.cydsn\CortexM3\ARM_GCC_541\Debug\10_UART_with_swbuffer_talkback_capitalize.elf elf32-littlearm)
