Archive member included to satisfy reference by file (symbol)

.\CortexM3\ARM_GCC_541\Debug\08_CAPACITOR_PWM.a(ADC.o)
                              .\CortexM3\ARM_GCC_541\Debug\main.o (ADC_Start)
.\CortexM3\ARM_GCC_541\Debug\08_CAPACITOR_PWM.a(ADC_INT.o)
                              .\CortexM3\ARM_GCC_541\Debug\08_CAPACITOR_PWM.a(ADC.o) (ADC_ISR)
.\CortexM3\ARM_GCC_541\Debug\08_CAPACITOR_PWM.a(PWM.o)
                              .\CortexM3\ARM_GCC_541\Debug\main.o (PWM_WritePeriod)
.\CortexM3\ARM_GCC_541\Debug\08_CAPACITOR_PWM.a(ADC_theACLK.o)
                              .\CortexM3\ARM_GCC_541\Debug\08_CAPACITOR_PWM.a(ADC.o) (ADC_theACLK_SetModeRegister)
.\CortexM3\ARM_GCC_541\Debug\08_CAPACITOR_PWM.a(CyLib.o)
                              .\CortexM3\ARM_GCC_541\Debug\Cm3Start.o (CyHalt)
.\CortexM3\ARM_GCC_541\Debug\08_CAPACITOR_PWM.a(cyPm.o)
                              .\CortexM3\ARM_GCC_541\Debug\08_CAPACITOR_PWM.a(CyLib.o) (CyPmReadStatus)
.\CortexM3\ARM_GCC_541\Debug\08_CAPACITOR_PWM.a(UART.o)
                              .\CortexM3\ARM_GCC_541\Debug\main.o (UART_Start)
.\CortexM3\ARM_GCC_541\Debug\08_CAPACITOR_PWM.a(UART_INT.o)
                              .\CortexM3\ARM_GCC_541\Debug\08_CAPACITOR_PWM.a(UART.o) (UART_TXISR)
.\CortexM3\ARM_GCC_541\Debug\08_CAPACITOR_PWM.a(UART_IntClock.o)
                              .\CortexM3\ARM_GCC_541\Debug\08_CAPACITOR_PWM.a(UART.o) (UART_IntClock_Start)
.\CortexM3\ARM_GCC_541\Debug\08_CAPACITOR_PWM.a(ADC_out.o)
                              .\CortexM3\ARM_GCC_541\Debug\main.o (ADC_out_Start)
.\CortexM3\ARM_GCC_541\Debug\08_CAPACITOR_PWM.a(ADC_out_INT.o)
                              .\CortexM3\ARM_GCC_541\Debug\08_CAPACITOR_PWM.a(ADC_out.o) (ADC_out_ISR)
.\CortexM3\ARM_GCC_541\Debug\08_CAPACITOR_PWM.a(ADC_out_theACLK.o)
                              .\CortexM3\ARM_GCC_541\Debug\08_CAPACITOR_PWM.a(ADC_out.o) (ADC_out_theACLK_SetModeRegister)
.\CortexM3\ARM_GCC_541\Debug\08_CAPACITOR_PWM.a(CyBootAsmGnu.o)
                              .\CortexM3\ARM_GCC_541\Debug\cyfitter_cfg.o (CyDelayCycles)
.\CortexM3\ARM_GCC_541\Debug\08_CAPACITOR_PWM.a(CyFlash.o)
                              .\CortexM3\ARM_GCC_541\Debug\08_CAPACITOR_PWM.a(cyPm.o) (CyFlash_SetWaitCycles)
.\CortexM3\ARM_GCC_541\Debug\08_CAPACITOR_PWM.a(CySpc.o)
                              .\CortexM3\ARM_GCC_541\Debug\08_CAPACITOR_PWM.a(CyFlash.o) (CySpcStart)
c:/program files (x86)/cypress/psoc creator/4.2/psoc creator/import/gnu/arm/5.4.1/bin/../lib/gcc/arm-none-eabi/5.4.1/armv7-m\libgcc.a(_arm_addsubsf3.o)
                              .\CortexM3\ARM_GCC_541\Debug\main.o (__aeabi_i2f)
c:/program files (x86)/cypress/psoc creator/4.2/psoc creator/import/gnu/arm/5.4.1/bin/../lib/gcc/arm-none-eabi/5.4.1/armv7-m\libgcc.a(_arm_muldivsf3.o)
                              .\CortexM3\ARM_GCC_541\Debug\main.o (__aeabi_fmul)
c:/program files (x86)/cypress/psoc creator/4.2/psoc creator/import/gnu/arm/5.4.1/bin/../lib/gcc/arm-none-eabi/5.4.1/armv7-m\libgcc.a(_arm_cmpsf2.o)
                              .\CortexM3\ARM_GCC_541\Debug\main.o (__aeabi_fcmplt)
c:/program files (x86)/cypress/psoc creator/4.2/psoc creator/import/gnu/arm/5.4.1/bin/../lib/gcc/arm-none-eabi/5.4.1/armv7-m\libgcc.a(_arm_fixsfsi.o)
                              .\CortexM3\ARM_GCC_541\Debug\main.o (__aeabi_f2iz)
c:/program files (x86)/cypress/psoc creator/4.2/psoc creator/import/gnu/arm/5.4.1/bin/../lib/gcc/arm-none-eabi/5.4.1/armv7-m\libgcc.a(_aeabi_ldivmod.o)
                              .\CortexM3\ARM_GCC_541\Debug\08_CAPACITOR_PWM.a(ADC.o) (__aeabi_ldivmod)
c:/program files (x86)/cypress/psoc creator/4.2/psoc creator/import/gnu/arm/5.4.1/bin/../lib/gcc/arm-none-eabi/5.4.1/armv7-m\libgcc.a(_udivmoddi4.o)
                              c:/program files (x86)/cypress/psoc creator/4.2/psoc creator/import/gnu/arm/5.4.1/bin/../lib/gcc/arm-none-eabi/5.4.1/armv7-m\libgcc.a(_aeabi_ldivmod.o) (__udivmoddi4)
c:/program files (x86)/cypress/psoc creator/4.2/psoc creator/import/gnu/arm/5.4.1/bin/../lib/gcc/arm-none-eabi/5.4.1/armv7-m\libgcc.a(_dvmd_tls.o)
                              c:/program files (x86)/cypress/psoc creator/4.2/psoc creator/import/gnu/arm/5.4.1/bin/../lib/gcc/arm-none-eabi/5.4.1/armv7-m\libgcc.a(_aeabi_ldivmod.o) (__aeabi_ldiv0)
c:/program files (x86)/cypress/psoc creator/4.2/psoc creator/import/gnu/arm/5.4.1/bin/../lib/gcc/arm-none-eabi/5.4.1/../../../../arm-none-eabi/lib/armv7-m\libg_nano.a(lib_a-errno.o)
                              .\CortexM3\ARM_GCC_541\Debug\Cm3Start.o (__errno)
c:/program files (x86)/cypress/psoc creator/4.2/psoc creator/import/gnu/arm/5.4.1/bin/../lib/gcc/arm-none-eabi/5.4.1/../../../../arm-none-eabi/lib/armv7-m\libg_nano.a(lib_a-exit.o)
                              c:/program files (x86)/cypress/psoc creator/4.2/psoc creator/import/gnu/arm/5.4.1/bin/../lib/gcc/arm-none-eabi/5.4.1/../../../../arm-none-eabi/lib/armv7-m/crt0.o (exit)
[...]
Memory Configuration

Name             Origin             Length             Attributes
rom              0x00000000         0x00040000         xr
ram              0x1fff8000         0x00010000         xrw
*default*        0x00000000         0xffffffff

Linker script and memory map

LOAD c:/program files (x86)/cypress/psoc creator/4.2/psoc creator/import/gnu/arm/5.4.1/bin/../lib/gcc/arm-none-eabi/5.4.1/armv7-m/crti.o
LOAD c:/program files (x86)/cypress/psoc creator/4.2/psoc creator/import/gnu/arm/5.4.1/bin/../lib/gcc/arm-none-eabi/5.4.1/armv7-m/crtbegin.o
LOAD c:/program files (x86)/cypress/psoc creator/4.2/psoc creator/import/gnu/arm/5.4.1/bin/../lib/gcc/arm-none-eabi/5.4.1/../../../../arm-none-eabi/lib/armv7-m/crt0.o
START GROUP
LOAD .\CortexM3\ARM_GCC_541\Debug\main.o
LOAD .\CortexM3\ARM_GCC_541\Debug\cyfitter_cfg.o
LOAD .\CortexM3\ARM_GCC_541\Debug\cymetadata.o
LOAD .\CortexM3\ARM_GCC_541\Debug\Cm3Start.o
LOAD .\CortexM3\ARM_GCC_541\Debug\08_CAPACITOR_PWM.a
LOAD C:\Program Files (x86)\Cypress\PSoC Creator\4.2\PSoC Creator\psoc\content\cycomponentlibrary\CyComponentLibrary.cylib\CortexM3\ARM_GCC_541\Debug\CyComponentLibrary.a
END GROUP
START GROUP
LOAD c:/program files (x86)/cypress/psoc creator/4.2/psoc creator/import/gnu/arm/5.4.1/bin/../lib/gcc/arm-none-eabi/5.4.1/armv7-m\libgcc.a
LOAD c:/program files (x86)/cypress/psoc creator/4.2/psoc creator/import/gnu/arm/5.4.1/bin/../lib/gcc/arm-none-eabi/5.4.1/../../../../arm-none-eabi/lib/armv7-m\libg_nano.a
LOAD c:/program files (x86)/cypress/psoc creator/4.2/psoc creator/import/gnu/arm/5.4.1/bin/../lib/gcc/arm-none-eabi/5.4.1/../../../../arm-none-eabi/lib/armv7-m\libc_nano.a
END GROUP
START GROUP
LOAD c:/program files (x86)/cypress/psoc creator/4.2/psoc creator/import/gnu/arm/5.4.1/bin/../lib/gcc/arm-none-eabi/5.4.1/armv7-m\libgcc.a
LOAD c:/program files (x86)/cypress/psoc creator/4.2/psoc creator/import/gnu/arm/5.4.1/bin/../lib/gcc/arm-none-eabi/5.4.1/../../../../arm-none-eabi/lib/armv7-m\libc_nano.a
END GROUP
LOAD c:/program files (x86)/cypress/psoc creator/4.2/psoc creator/import/gnu/arm/5.4.1/bin/../lib/gcc/arm-none-eabi/5.4.1/armv7-m/crtend.o
LOAD c:/program files (x86)/cypress/psoc creator/4.2/psoc creator/import/gnu/arm/5.4.1/bin/../lib/gcc/arm-none-eabi/5.4.1/armv7-m/crtn.o
START GROUP
LOAD c:/program files (x86)/cypress/psoc creator/4.2/psoc creator/import/gnu/arm/5.4.1/bin/../lib/gcc/arm-none-eabi/5.4.1/armv7-m\libgcc.a
LOAD c:/program files (x86)/cypress/psoc creator/4.2/psoc creator/import/gnu/arm/5.4.1/bin/../lib/gcc/arm-none-eabi/5.4.1/../../../../arm-none-eabi/lib/armv7-m\libc.a
LOAD c:/program files (x86)/cypress/psoc creator/4.2/psoc creator/import/gnu/arm/5.4.1/bin/../lib/gcc/arm-none-eabi/5.4.1/../../../../arm-none-eabi/lib/armv7-m\libnosys.a
END GROUP
                0x00000000                CY_APPL_ORIGIN = 0x0
                0x00000100                CY_FLASH_ROW_SIZE = 0x100
                0x00000020                CY_ECC_ROW_SIZE = 0x20
                0x00000000                CY_EE_IN_BTLDR = 0x0
                0x00000000                CY_APPL_LOADABLE = 0x0
                0x00000800                CY_EE_SIZE = 0x800
                0x00000001                CY_APPL_NUM = 0x1
                0x00000001                CY_APPL_MAX = 0x1
                0x00000040                CY_METADATA_SIZE = 0x40
                0x00000000                CY_APPL_LOADABLE = 0x0
                0x00000000                CY_CHECKSUM_EXCLUDE_SIZE = ALIGN (0x0, CY_FLASH_ROW_SIZE)
                [!provide]                PROVIDE (__cy_heap_start, _end)
                0x00000001                PROVIDE (__cy_region_num, ((__cy_regions_end - __cy_regions) / 0x10))
                0x20008000                PROVIDE (__cy_stack, (ORIGIN (ram) + LENGTH (ram)))
                [!provide]                PROVIDE (__cy_heap_end, (__cy_stack - 0x800))

.cybootloader   0x00000000        0x0
 *(.cybootloader)
                0x00000000                appl1_start = CY_APPL_ORIGIN?CY_APPL_ORIGIN:ALIGN (CY_FLASH_ROW_SIZE)
                0x0001ff00                appl2_start = (appl1_start + ALIGN ((((LENGTH (rom) - appl1_start) - (0x2 * CY_FLASH_ROW_SIZE)) / 0x2), CY_FLASH_ROW_SIZE))
                0x00000000                appl_start = (CY_APPL_NUM == 0x1)?appl1_start:appl2_start
                0x00000000                ecc_offset = ((appl_start / CY_FLASH_ROW_SIZE) * CY_ECC_ROW_SIZE)
                0x00000000                ee_offset = (CY_APPL_LOADABLE && ! (CY_EE_IN_BTLDR))?((CY_EE_SIZE / CY_APPL_MAX) * (CY_APPL_NUM - 0x1)):0x0
                0x00000800                ee_size = (CY_APPL_LOADABLE && ! (CY_EE_IN_BTLDR))?(CY_EE_SIZE / CY_APPL_MAX):CY_EE_SIZE
                [!provide]                PROVIDE (CY_ECC_OFFSET, ecc_offset)

.text           0x00000000     0x1bec
 CREATE_OBJECT_SYMBOLS
                0x00000000                PROVIDE (__cy_interrupt_vector, RomVectors)
 *(.romvectors)
 .romvectors    0x00000000       0x10 .\CortexM3\ARM_GCC_541\Debug\Cm3Start.o
                0x00000000                RomVectors
                0x00000001                ASSERT ((. != __cy_interrupt_vector), No interrupt vector)
                0x00000001                ASSERT (CY_APPL_ORIGIN?(SIZEOF (.cybootloader) <= CY_APPL_ORIGIN):0x1, Wrong image location)
                0x00000010                PROVIDE (__cy_reset, Reset)
 *(.text.Reset)
 .text.Reset    0x00000010       0x18 .\CortexM3\ARM_GCC_541\Debug\Cm3Start.o
                0x00000010                Reset
                0x00000001                ASSERT ((. != __cy_reset), No reset code)
 *(.dma_init)
                0x00000001                ASSERT ((((appl_start + .) <= 0x10000) || 0x1), DMA Init must be within the first 64k of flash)
 *(.text .text.* .gnu.linkonce.t.*)
 .text          0x00000028       0x5c c:/program files (x86)/cypress/psoc creator/4.2/psoc creator/import/gnu/arm/5.4.1/bin/../lib/gcc/arm-none-eabi/5.4.1/armv7-m/crtbegin.o
 .text.main     0x00000084      0x1d4 .\CortexM3\ARM_GCC_541\Debug\main.o
                0x00000084                main
 .text.CyClockStartupError
                0x00000258        0x4 .\CortexM3\ARM_GCC_541\Debug\cyfitter_cfg.o
 .text.cfg_write_bytes32
                0x0000025c       0x34 .\CortexM3\ARM_GCC_541\Debug\cyfitter_cfg.o
 .text.CYMEMZERO
                0x00000290        0xc .\CortexM3\ARM_GCC_541\Debug\cyfitter_cfg.o
 .text.AnalogSetDefault
                0x0000029c       0x98 .\CortexM3\ARM_GCC_541\Debug\cyfitter_cfg.o
 .text.CYCONFIGCPY
                0x00000334        0x8 .\CortexM3\ARM_GCC_541\Debug\cyfitter_cfg.o
 .text.ClockSetup
                0x0000033c       0xf4 .\CortexM3\ARM_GCC_541\Debug\cyfitter_cfg.o
 .text.cyfitter_cfg
                0x00000430      0x110 .\CortexM3\ARM_GCC_541\Debug\cyfitter_cfg.o
                0x00000430                cyfitter_cfg
 .text.IntDefaultHandler
                0x00000540       0x10 .\CortexM3\ARM_GCC_541\Debug\Cm3Start.o
                0x00000540                IntDefaultHandler
 .text._sbrk    0x00000550       0x30 .\CortexM3\ARM_GCC_541\Debug\Cm3Start.o
                0x00000550                _sbrk
 .text.Start_c  0x00000580       0x4c .\CortexM3\ARM_GCC_541\Debug\Cm3Start.o
                0x00000580                Start_c
 .text.initialize_psoc
                0x000005cc       0x68 .\CortexM3\ARM_GCC_541\Debug\Cm3Start.o
                0x000005cc                initialize_psoc
 .text.ADC_CalcGain
                0x00000634       0x64 .\CortexM3\ARM_GCC_541\Debug\08_CAPACITOR_PWM.a(ADC.o)
 .text.ADC_Enable
                0x00000698       0x94 .\CortexM3\ARM_GCC_541\Debug\08_CAPACITOR_PWM.a(ADC.o)
                0x00000698                ADC_Enable
 .text.ADC_SetResolution
                0x0000072c       0x38 .\CortexM3\ARM_GCC_541\Debug\08_CAPACITOR_PWM.a(ADC.o)
                0x0000072c                ADC_SetResolution
 .text.ADC_Init
                0x00000764       0x3c .\CortexM3\ARM_GCC_541\Debug\08_CAPACITOR_PWM.a(ADC.o)
                0x00000764                ADC_Init
 .text.ADC_Start
                0x000007a0       0x1c .\CortexM3\ARM_GCC_541\Debug\08_CAPACITOR_PWM.a(ADC.o)
                0x000007a0                ADC_Start
 .text.ADC_StartConvert
                0x000007bc       0x10 .\CortexM3\ARM_GCC_541\Debug\08_CAPACITOR_PWM.a(ADC.o)
                0x000007bc                ADC_StartConvert
 .text.ADC_ISR  0x000007cc        0x4 .\CortexM3\ARM_GCC_541\Debug\08_CAPACITOR_PWM.a(ADC_INT.o)
                0x000007cc                ADC_ISR
 .text.PWM_Enable
                0x000007d0       0x10 .\CortexM3\ARM_GCC_541\Debug\08_CAPACITOR_PWM.a(PWM.o)
                0x000007d0                PWM_Enable
 .text.PWM_WriteCounter
                0x000007e0        0xc .\CortexM3\ARM_GCC_541\Debug\08_CAPACITOR_PWM.a(PWM.o)
                0x000007e0                PWM_WriteCounter
 .text.PWM_WritePeriod
                0x000007ec        0xc .\CortexM3\ARM_GCC_541\Debug\08_CAPACITOR_PWM.a(PWM.o)
                0x000007ec                PWM_WritePeriod
 .text.PWM_WriteCompare
                0x000007f8        0xc .\CortexM3\ARM_GCC_541\Debug\08_CAPACITOR_PWM.a(PWM.o)
                0x000007f8                PWM_WriteCompare
 .text.PWM_SetInterruptMode
                0x00000804        0xc .\CortexM3\ARM_GCC_541\Debug\08_CAPACITOR_PWM.a(PWM.o)
                0x00000804                PWM_SetInterruptMode
 .text.PWM_ReadStatusRegister
                0x00000810        0xc .\CortexM3\ARM_GCC_541\Debug\08_CAPACITOR_PWM.a(PWM.o)
                0x00000810                PWM_ReadStatusRegister
 .text.PWM_ReadCapture
                0x0000081c        0xc .\CortexM3\ARM_GCC_541\Debug\08_CAPACITOR_PWM.a(PWM.o)
                0x0000081c                PWM_ReadCapture
 .text.PWM_ClearFIFO
                0x00000828       0x14 .\CortexM3\ARM_GCC_541\Debug\08_CAPACITOR_PWM.a(PWM.o)
                0x00000828                PWM_ClearFIFO
 .text.PWM_Init
                0x0000083c       0x5c .\CortexM3\ARM_GCC_541\Debug\08_CAPACITOR_PWM.a(PWM.o)
                0x0000083c                PWM_Init
 .text.PWM_Start
                0x00000898       0x1c .\CortexM3\ARM_GCC_541\Debug\08_CAPACITOR_PWM.a(PWM.o)
                0x00000898                PWM_Start
 .text.ADC_theACLK_SetModeRegister
                0x000008b4       0x14 .\CortexM3\ARM_GCC_541\Debug\08_CAPACITOR_PWM.a(ADC_theACLK.o)
                0x000008b4                ADC_theACLK_SetModeRegister
 .text.CyHalt   0x000008c8        0x4 .\CortexM3\ARM_GCC_541\Debug\08_CAPACITOR_PWM.a(CyLib.o)
                0x000008c8                CyHalt
 .text.CyDelay  0x000008cc       0x2c .\CortexM3\ARM_GCC_541\Debug\08_CAPACITOR_PWM.a(CyLib.o)
                0x000008cc                CyDelay
 .text.CyDelayUs
                0x000008f8       0x14 .\CortexM3\ARM_GCC_541\Debug\08_CAPACITOR_PWM.a(CyLib.o)
                0x000008f8                CyDelayUs
 .text.CyIntSetVector
                0x0000090c       0x28 .\CortexM3\ARM_GCC_541\Debug\08_CAPACITOR_PWM.a(CyLib.o)
                0x0000090c                CyIntSetVector
 .text.CyIntSetPriority
                0x00000934       0x30 .\CortexM3\ARM_GCC_541\Debug\08_CAPACITOR_PWM.a(CyLib.o)
                0x00000934                CyIntSetPriority
 .text.UART_Init
                0x00000964       0x44 .\CortexM3\ARM_GCC_541\Debug\08_CAPACITOR_PWM.a(UART.o)
                0x00000964                UART_Init
 .text.UART_Enable
                0x000009a8       0x48 .\CortexM3\ARM_GCC_541\Debug\08_CAPACITOR_PWM.a(UART.o)
                0x000009a8                UART_Enable
 .text.UART_Start
                0x000009f0       0x1c .\CortexM3\ARM_GCC_541\Debug\08_CAPACITOR_PWM.a(UART.o)
                0x000009f0                UART_Start
 .text.UART_PutChar
                0x00000a0c       0x7c .\CortexM3\ARM_GCC_541\Debug\08_CAPACITOR_PWM.a(UART.o)
                0x00000a0c                UART_PutChar
 .text.UART_PutString
                0x00000a88       0x24 .\CortexM3\ARM_GCC_541\Debug\08_CAPACITOR_PWM.a(UART.o)
                0x00000a88                UART_PutString
 .text.UART_TXISR
                0x00000aac       0x5c .\CortexM3\ARM_GCC_541\Debug\08_CAPACITOR_PWM.a(UART_INT.o)
                0x00000aac                UART_TXISR
 .text.UART_IntClock_Start
                0x00000b08       0x1c .\CortexM3\ARM_GCC_541\Debug\08_CAPACITOR_PWM.a(UART_IntClock.o)
                0x00000b08                UART_IntClock_Start
 .text.ADC_out_CalcGain
                0x00000b24       0x64 .\CortexM3\ARM_GCC_541\Debug\08_CAPACITOR_PWM.a(ADC_out.o)
 .text.ADC_out_Enable
                0x00000b88       0x94 .\CortexM3\ARM_GCC_541\Debug\08_CAPACITOR_PWM.a(ADC_out.o)
                0x00000b88                ADC_out_Enable
 .text.ADC_out_SetResolution
                0x00000c1c       0x38 .\CortexM3\ARM_GCC_541\Debug\08_CAPACITOR_PWM.a(ADC_out.o)
                0x00000c1c                ADC_out_SetResolution
 .text.ADC_out_Init
                0x00000c54       0x3c .\CortexM3\ARM_GCC_541\Debug\08_CAPACITOR_PWM.a(ADC_out.o)
                0x00000c54                ADC_out_Init
 .text.ADC_out_Start
                0x00000c90       0x1c .\CortexM3\ARM_GCC_541\Debug\08_CAPACITOR_PWM.a(ADC_out.o)
                0x00000c90                ADC_out_Start
 .text.ADC_out_StartConvert
                0x00000cac       0x10 .\CortexM3\ARM_GCC_541\Debug\08_CAPACITOR_PWM.a(ADC_out.o)
                0x00000cac                ADC_out_StartConvert
 .text.ADC_out_IsEndConversion
                0x00000cbc       0x24 .\CortexM3\ARM_GCC_541\Debug\08_CAPACITOR_PWM.a(ADC_out.o)
                0x00000cbc                ADC_out_IsEndConversion
 .text.ADC_out_GetResult8
                0x00000ce0       0x18 .\CortexM3\ARM_GCC_541\Debug\08_CAPACITOR_PWM.a(ADC_out.o)
                0x00000ce0                ADC_out_GetResult8
 .text.ADC_out_ISR
                0x00000cf8        0x4 .\CortexM3\ARM_GCC_541\Debug\08_CAPACITOR_PWM.a(ADC_out_INT.o)
                0x00000cf8                ADC_out_ISR
 .text.ADC_out_theACLK_SetModeRegister
                0x00000cfc       0x14 .\CortexM3\ARM_GCC_541\Debug\08_CAPACITOR_PWM.a(ADC_out_theACLK.o)
                0x00000cfc                ADC_out_theACLK_SetModeRegister
 .text          0x00000d10       0x20 .\CortexM3\ARM_GCC_541\Debug\08_CAPACITOR_PWM.a(CyBootAsmGnu.o)
                0x00000d10                CyDelayCycles
                0x00000d20                CyEnterCriticalSection
                0x00000d28                CyExitCriticalSection
 .text          0x00000d30      0x21c c:/program files (x86)/cypress/psoc creator/4.2/psoc creator/import/gnu/arm/5.4.1/bin/../lib/gcc/arm-none-eabi/5.4.1/armv7-m\libgcc.a(_arm_addsubsf3.o)
                0x00000d30                __aeabi_frsub
                0x00000d38                __subsf3
                0x00000d38                __aeabi_fsub
                0x00000d3c                __aeabi_fadd
                0x00000d3c                __addsf3
                0x00000e9c                __aeabi_ui2f
                0x00000e9c                __floatunsisf
                0x00000ea4                __aeabi_i2f
                0x00000ea4                __floatsisf
                0x00000ec0                __aeabi_ul2f
                0x00000ec0                __floatundisf
                0x00000ed0                __aeabi_l2f
                0x00000ed0                __floatdisf
 .text          0x00000f4c      0x2a0 c:/program files (x86)/cypress/psoc creator/4.2/psoc creator/import/gnu/arm/5.4.1/bin/../lib/gcc/arm-none-eabi/5.4.1/armv7-m\libgcc.a(_arm_muldivsf3.o)
                0x00000f4c                __mulsf3
                0x00000f4c                __aeabi_fmul
                0x000010b4                __aeabi_fdiv
                0x000010b4                __divsf3
 .text          0x000011ec       0xec c:/program files (x86)/cypress/psoc creator/4.2/psoc creator/import/gnu/arm/5.4.1/bin/../lib/gcc/arm-none-eabi/5.4.1/armv7-m\libgcc.a(_arm_cmpsf2.o)
                0x000011ec                __gesf2
                0x000011ec                __gtsf2
                0x000011f4                __lesf2
                0x000011f4                __ltsf2
                0x000011fc                __nesf2
                0x000011fc                __eqsf2
                0x000011fc                __cmpsf2
                0x0000125c                __aeabi_cfrcmple
                0x00001264                __aeabi_cfcmpeq
                0x00001264                __aeabi_cfcmple
                0x00001274                __aeabi_fcmpeq
                0x00001288                __aeabi_fcmplt
                0x0000129c                __aeabi_fcmple
                0x000012b0                __aeabi_fcmpge
                0x000012c4                __aeabi_fcmpgt
 .text          0x000012d8       0x4c c:/program files (x86)/cypress/psoc creator/4.2/psoc creator/import/gnu/arm/5.4.1/bin/../lib/gcc/arm-none-eabi/5.4.1/armv7-m\libgcc.a(_arm_fixsfsi.o)
                0x000012d8                __aeabi_f2iz
                0x000012d8                __fixsfsi
 .text.__errno  0x00001324        0xc c:/program files (x86)/cypress/psoc creator/4.2/psoc creator/import/gnu/arm/5.4.1/bin/../lib/gcc/arm-none-eabi/5.4.1/../../../../arm-none-eabi/lib/armv7-m\libg_nano.a(lib_a-errno.o)
                0x00001324                __errno
 .text.__libc_init_array
                0x00001330       0x4c c:/program files (x86)/cypress/psoc creator/4.2/psoc creator/import/gnu/arm/5.4.1/bin/../lib/gcc/arm-none-eabi/5.4.1/../../../../arm-none-eabi/lib/armv7-m\libg_nano.a(lib_a-init.o)
                0x00001330                __libc_init_array
 .text.memcpy   0x0000137c       0x16 c:/program files (x86)/cypress/psoc creator/4.2/psoc creator/import/gnu/arm/5.4.1/bin/../lib/gcc/arm-none-eabi/5.4.1/../../../../arm-none-eabi/lib/armv7-m\libg_nano.a(lib_a-memcpy-stub.o)
                0x0000137c                memcpy
 .text.memset   0x00001392       0x10 c:/program files (x86)/cypress/psoc creator/4.2/psoc creator/import/gnu/arm/5.4.1/bin/../lib/gcc/arm-none-eabi/5.4.1/../../../../arm-none-eabi/lib/armv7-m\libg_nano.a(lib_a-memset.o)
                0x00001392                memset
 *fill*         0x000013a2        0x2 
 .text.sprintf  0x000013a4       0x48 c:/program files (x86)/cypress/psoc creator/4.2/psoc creator/import/gnu/arm/5.4.1/bin/../lib/gcc/arm-none-eabi/5.4.1/../../../../arm-none-eabi/lib/armv7-m\libg_nano.a(lib_a-sprintf.o)
                0x000013a4                siprintf
                0x000013a4                sprintf
 .text.__ssputs_r
                0x000013ec       0xb2 c:/program files (x86)/cypress/psoc creator/4.2/psoc creator/import/gnu/arm/5.4.1/bin/../lib/gcc/arm-none-eabi/5.4.1/../../../../arm-none-eabi/lib/armv7-m\libg_nano.a(lib_a-nano-svfprintf.o)
                0x000013ec                __ssputs_r
 *fill*         0x0000149e        0x2 
 .text._svfprintf_r
                0x000014a0      0x1e8 c:/program files (x86)/cypress/psoc creator/4.2/psoc creator/import/gnu/arm/5.4.1/bin/../lib/gcc/arm-none-eabi/5.4.1/../../../../arm-none-eabi/lib/armv7-m\libg_nano.a(lib_a-nano-svfprintf.o)
                0x000014a0                _svfiprintf_r
                0x000014a0                _svfprintf_r
 .text._printf_common
                0x00001688       0xec c:/program files (x86)/cypress/psoc creator/4.2/psoc creator/import/gnu/arm/5.4.1/bin/../lib/gcc/arm-none-eabi/5.4.1/../../../../arm-none-eabi/lib/armv7-m\libg_nano.a(lib_a-nano-vfprintf_i.o)
                0x00001688                _printf_common
 .text._printf_i
                0x00001774      0x24c c:/program files (x86)/cypress/psoc creator/4.2/psoc creator/import/gnu/arm/5.4.1/bin/../lib/gcc/arm-none-eabi/5.4.1/../../../../arm-none-eabi/lib/armv7-m\libg_nano.a(lib_a-nano-vfprintf_i.o)
                0x00001774                _printf_i
 .text.memchr   0x000019c0       0x1c c:/program files (x86)/cypress/psoc creator/4.2/psoc creator/import/gnu/arm/5.4.1/bin/../lib/gcc/arm-none-eabi/5.4.1/../../../../arm-none-eabi/lib/armv7-m\libg_nano.a(lib_a-memchr-stub.o)
                0x000019c0                memchr
 .text.memmove  0x000019dc       0x36 c:/program files (x86)/cypress/psoc creator/4.2/psoc creator/import/gnu/arm/5.4.1/bin/../lib/gcc/arm-none-eabi/5.4.1/../../../../arm-none-eabi/lib/armv7-m\libg_nano.a(lib_a-memmove.o)
                0x000019dc                memmove
 *fill*         0x00001a12        0x2 
 .text._free_r  0x00001a14       0x98 c:/program files (x86)/cypress/psoc creator/4.2/psoc creator/import/gnu/arm/5.4.1/bin/../lib/gcc/arm-none-eabi/5.4.1/../../../../arm-none-eabi/lib/armv7-m\libg_nano.a(lib_a-nano-freer.o)
                0x00001a14                _free_r
 .text._malloc_r
                0x00001aac       0xbc c:/program files (x86)/cypress/psoc creator/4.2/psoc creator/import/gnu/arm/5.4.1/bin/../lib/gcc/arm-none-eabi/5.4.1/../../../../arm-none-eabi/lib/armv7-m\libg_nano.a(lib_a-nano-mallocr.o)
                0x00001aac                _malloc_r
 .text._realloc_r
                0x00001b68       0x4c c:/program files (x86)/cypress/psoc creator/4.2/psoc creator/import/gnu/arm/5.4.1/bin/../lib/gcc/arm-none-eabi/5.4.1/../../../../arm-none-eabi/lib/armv7-m\libg_nano.a(lib_a-nano-reallocr.o)
                0x00001b68                _realloc_r
 .text._sbrk_r  0x00001bb4       0x20 c:/program files (x86)/cypress/psoc creator/4.2/psoc creator/import/gnu/arm/5.4.1/bin/../lib/gcc/arm-none-eabi/5.4.1/../../../../arm-none-eabi/lib/armv7-m\libg_nano.a(lib_a-sbrkr.o)
                0x00001bb4                _sbrk_r
 .text.__malloc_lock
                0x00001bd4        0x2 c:/program files (x86)/cypress/psoc creator/4.2/psoc creator/import/gnu/arm/5.4.1/bin/../lib/gcc/arm-none-eabi/5.4.1/../../../../arm-none-eabi/lib/armv7-m\libg_nano.a(lib_a-mlock.o)
                0x00001bd4                __malloc_lock
 .text.__malloc_unlock
                0x00001bd6        0x2 c:/program files (x86)/cypress/psoc creator/4.2/psoc creator/import/gnu/arm/5.4.1/bin/../lib/gcc/arm-none-eabi/5.4.1/../../../../arm-none-eabi/lib/armv7-m\libg_nano.a(lib_a-mlock.o)
                0x00001bd6                __malloc_unlock
 .text._malloc_usable_size_r
                0x00001bd8       0x14 c:/program files (x86)/cypress/psoc creator/4.2/psoc creator/import/gnu/arm/5.4.1/bin/../lib/gcc/arm-none-eabi/5.4.1/../../../../arm-none-eabi/lib/armv7-m\libg_nano.a(lib_a-nano-msizer.o)
                0x00001bd8                _malloc_usable_size_r
 *(.plt)
 *(.gnu.warning)
 *(.glue_7t)
 .glue_7t       0x00001bec        0x0 linker stubs
 *(.glue_7)
 .glue_7        0x00001bec        0x0 linker stubs
 *(.vfp11_veneer)
 .vfp11_veneer  0x00001bec        0x0 linker stubs
 *(.bootloader)
 *(.ARM.extab* .gnu.linkonce.armextab.*)
 *(.gcc_except_table)

.v4_bx          0x00001bec        0x0
 .v4_bx         0x00001bec        0x0 linker stubs

.iplt           0x00001bec        0x0
 .iplt          0x00001bec        0x0 c:/program files (x86)/cypress/psoc creator/4.2/psoc creator/import/gnu/arm/5.4.1/bin/../lib/gcc/arm-none-eabi/5.4.1/armv7-m/crtbegin.o

.eh_frame_hdr
 *(.eh_frame_hdr)

.eh_frame       0x00001bec        0x4
 *(.eh_frame)
 .eh_frame      0x00001bec        0x0 c:/program files (x86)/cypress/psoc creator/4.2/psoc creator/import/gnu/arm/5.4.1/bin/../lib/gcc/arm-none-eabi/5.4.1/armv7-m/crtbegin.o
 .eh_frame      0x00001bec        0x4 c:/program files (x86)/cypress/psoc creator/4.2/psoc creator/import/gnu/arm/5.4.1/bin/../lib/gcc/arm-none-eabi/5.4.1/armv7-m/crtend.o
                [!provide]                PROVIDE (__exidx_start, .)

.ARM.exidx
 *(.ARM.exidx* .gnu.linkonce.armexidx.*)
                0x00001bf0                __exidx_end = .

.rodata         0x00001bf0       0xc0
 *(.rodata .rodata.* .gnu.linkonce.r.*)
 .rodata.str1.4
                0x00001bf0       0x18 .\CortexM3\ARM_GCC_541\Debug\main.o
                                 0x15 (size before relaxing)
 .rodata        0x00001c08       0x3a .\CortexM3\ARM_GCC_541\Debug\cyfitter_cfg.o
 .rodata.str1.1
                0x00001c42        0x2 c:/program files (x86)/cypress/psoc creator/4.2/psoc creator/import/gnu/arm/5.4.1/bin/../lib/gcc/arm-none-eabi/5.4.1/../../../../arm-none-eabi/lib/armv7-m\libg_nano.a(lib_a-impure.o)
 .rodata.str1.1
                0x00001c44       0x11 c:/program files (x86)/cypress/psoc creator/4.2/psoc creator/import/gnu/arm/5.4.1/bin/../lib/gcc/arm-none-eabi/5.4.1/../../../../arm-none-eabi/lib/armv7-m\libg_nano.a(lib_a-nano-svfprintf.o)
 .rodata.str1.1
                0x00001c55       0x22 c:/program files (x86)/cypress/psoc creator/4.2/psoc creator/import/gnu/arm/5.4.1/bin/../lib/gcc/arm-none-eabi/5.4.1/../../../../arm-none-eabi/lib/armv7-m\libg_nano.a(lib_a-nano-vfprintf_i.o)
                0x00001c78                . = ALIGN (0x4)
 *fill*         0x00001c77        0x1 
 *(.init)
 .init          0x00001c78        0x4 c:/program files (x86)/cypress/psoc creator/4.2/psoc creator/import/gnu/arm/5.4.1/bin/../lib/gcc/arm-none-eabi/5.4.1/armv7-m/crti.o
                0x00001c78                _init
 .init          0x00001c7c        0x8 c:/program files (x86)/cypress/psoc creator/4.2/psoc creator/import/gnu/arm/5.4.1/bin/../lib/gcc/arm-none-eabi/5.4.1/armv7-m/crtn.o
                0x00001c84                . = ALIGN (0x4)
                0x00001c84                __preinit_array_start = .
 *(.preinit_array)
                0x00001c84                __preinit_array_end = .
                0x00001c84                . = ALIGN (0x4)
                0x00001c84                __init_array_start = .
 *(SORT(.init_array.*))
 *(.init_array)
 .init_array    0x00001c84        0x4 c:/program files (x86)/cypress/psoc creator/4.2/psoc creator/import/gnu/arm/5.4.1/bin/../lib/gcc/arm-none-eabi/5.4.1/armv7-m/crtbegin.o
 .init_array    0x00001c88        0x4 .\CortexM3\ARM_GCC_541\Debug\Cm3Start.o
                0x00001c8c                __init_array_end = .
                0x00001c8c                . = ALIGN (0x4)
 *(.fini)
 .fini          0x00001c8c        0x4 c:/program files (x86)/cypress/psoc creator/4.2/psoc creator/import/gnu/arm/5.4.1/bin/../lib/gcc/arm-none-eabi/5.4.1/armv7-m/crti.o
                0x00001c8c                _fini
 .fini          0x00001c90        0x8 c:/program files (x86)/cypress/psoc creator/4.2/psoc creator/import/gnu/arm/5.4.1/bin/../lib/gcc/arm-none-eabi/5.4.1/armv7-m/crtn.o
                0x00001c98                . = ALIGN (0x4)
                0x00001c98                __fini_array_start = .
 *(.fini_array)
 .fini_array    0x00001c98        0x4 c:/program files (x86)/cypress/psoc creator/4.2/psoc creator/import/gnu/arm/5.4.1/bin/../lib/gcc/arm-none-eabi/5.4.1/armv7-m/crtbegin.o
 *(SORT(.fini_array.*))
                0x00001c9c                __fini_array_end = .
                0x00001c9c                . = ALIGN (0x4)
 *crtbegin.o(.ctors)
 *(EXCLUDE_FILE(*crtend.o) .ctors)
 *(SORT(.ctors.*))
 *crtend.o(.ctors)
                0x00001c9c                . = ALIGN (0x4)
 *crtbegin.o(.dtors)
 *(EXCLUDE_FILE(*crtend.o) .dtors)
 *(SORT(.dtors.*))
 *crtend.o(.dtors)
                0x00001c9c                . = ALIGN (0x4)
                0x00001c9c                __cy_regions = .
                0x00001c9c        0x4 LONG 0x1cb0 __cy_region_init_ram
                0x00001ca0        0x4 LONG 0x1fff80c8 __cy_region_start_data
                0x00001ca4        0x4 LONG 0x80 __cy_region_init_size_ram
                0x00001ca8        0x4 LONG 0x450 __cy_region_zero_size_ram
                0x00001cac                __cy_regions_end = .
                0x00001cb0                . = ALIGN (0x8)
 *fill*         0x00001cac        0x4 
                0x00001cb0                _etext = .

.cy_checksum_exclude
                0x00001cb0        0x0
 *(.cy_checksum_exclude)

.ramvectors     0x1fff8000       0xc0
                0x1fff8000                __cy_region_start_ram = .
 *(.ramvectors)
 .ramvectors    0x1fff8000       0xc0 .\CortexM3\ARM_GCC_541\Debug\Cm3Start.o
                0x1fff8000                CyRamVectors

.noinit         0x1fff80c0        0x1
 *(.noinit)
 .noinit        0x1fff80c0        0x1 .\CortexM3\ARM_GCC_541\Debug\08_CAPACITOR_PWM.a(CyLib.o)
                0x1fff80c0                CyResetStatus

.data           0x1fff80c8       0x80 load address 0x00001cb0
                0x1fff80c8                __cy_region_start_data = .
 *(.jcr)
 .jcr           0x1fff80c8        0x0 c:/program files (x86)/cypress/psoc creator/4.2/psoc creator/import/gnu/arm/5.4.1/bin/../lib/gcc/arm-none-eabi/5.4.1/armv7-m/crtbegin.o
 .jcr           0x1fff80c8        0x4 c:/program files (x86)/cypress/psoc creator/4.2/psoc creator/import/gnu/arm/5.4.1/bin/../lib/gcc/arm-none-eabi/5.4.1/armv7-m/crtend.o
 *(.got.plt)
 *(.got)
 *(.shdata)
 *(.data .data.* .gnu.linkonce.d.*)
 .data          0x1fff80cc        0x4 .\CortexM3\ARM_GCC_541\Debug\Cm3Start.o
 .data          0x1fff80d0       0x10 .\CortexM3\ARM_GCC_541\Debug\08_CAPACITOR_PWM.a(CyLib.o)
                0x1fff80d0                cydelay_32k_ms
                0x1fff80d4                cydelay_freq_khz
                0x1fff80d8                cydelay_freq_mhz
                0x1fff80dc                cydelay_freq_hz
 .data.impure_data
                0x1fff80e0       0x60 c:/program files (x86)/cypress/psoc creator/4.2/psoc creator/import/gnu/arm/5.4.1/bin/../lib/gcc/arm-none-eabi/5.4.1/../../../../arm-none-eabi/lib/armv7-m\libg_nano.a(lib_a-impure.o)
 .data._impure_ptr
                0x1fff8140        0x4 c:/program files (x86)/cypress/psoc creator/4.2/psoc creator/import/gnu/arm/5.4.1/bin/../lib/gcc/arm-none-eabi/5.4.1/../../../../arm-none-eabi/lib/armv7-m\libg_nano.a(lib_a-impure.o)
                0x1fff8140                _impure_ptr
                0x1fff8148                . = ALIGN (0x8)
 *fill*         0x1fff8144        0x4 
 *(.ram)
                0x1fff8148                _edata = .

.igot.plt       0x1fff8148        0x0 load address 0x00001d30
 .igot.plt      0x1fff8148        0x0 c:/program files (x86)/cypress/psoc creator/4.2/psoc creator/import/gnu/arm/5.4.1/bin/../lib/gcc/arm-none-eabi/5.4.1/armv7-m/crtbegin.o

.bss            0x1fff8148      0x450 load address 0x00001d30
                0x1fff8148                PROVIDE (__bss_start__, .)
 *(.shbss)
 *(.bss .bss.* .gnu.linkonce.b.*)
 .bss           0x1fff8148       0x1c c:/program files (x86)/cypress/psoc creator/4.2/psoc creator/import/gnu/arm/5.4.1/bin/../lib/gcc/arm-none-eabi/5.4.1/armv7-m/crtbegin.o
 .bss           0x1fff8164        0x1 .\CortexM3\ARM_GCC_541\Debug\08_CAPACITOR_PWM.a(ADC.o)
                0x1fff8164                ADC_initVar
 .bss           0x1fff8165        0x1 .\CortexM3\ARM_GCC_541\Debug\08_CAPACITOR_PWM.a(PWM.o)
                0x1fff8165                PWM_initVar
 .bss           0x1fff8166        0x7 .\CortexM3\ARM_GCC_541\Debug\08_CAPACITOR_PWM.a(UART.o)
                0x1fff8166                UART_initVar
                0x1fff8168                UART_txBufferRead
                0x1fff816a                UART_txBufferWrite
 .bss           0x1fff816d        0x1 .\CortexM3\ARM_GCC_541\Debug\08_CAPACITOR_PWM.a(ADC_out.o)
                0x1fff816d                ADC_out_initVar
 *fill*         0x1fff816e        0x2 
 .bss.__malloc_sbrk_start
                0x1fff8170        0x4 c:/program files (x86)/cypress/psoc creator/4.2/psoc creator/import/gnu/arm/5.4.1/bin/../lib/gcc/arm-none-eabi/5.4.1/../../../../arm-none-eabi/lib/armv7-m\libg_nano.a(lib_a-nano-mallocr.o)
                0x1fff8170                __malloc_sbrk_start
 .bss.__malloc_free_list
                0x1fff8174        0x4 c:/program files (x86)/cypress/psoc creator/4.2/psoc creator/import/gnu/arm/5.4.1/bin/../lib/gcc/arm-none-eabi/5.4.1/../../../../arm-none-eabi/lib/armv7-m\libg_nano.a(lib_a-nano-mallocr.o)
                0x1fff8174                __malloc_free_list
 *(COMMON)
 COMMON         0x1fff8178        0xa .\CortexM3\ARM_GCC_541\Debug\08_CAPACITOR_PWM.a(ADC.o)
                0x1fff8178                ADC_countsPer10Volt
                0x1fff817c                ADC_shift
                0x1fff817e                ADC_countsPerVolt
                0x1fff8180                ADC_offset
 *fill*         0x1fff8182        0x2 
 COMMON         0x1fff8184      0x400 .\CortexM3\ARM_GCC_541\Debug\08_CAPACITOR_PWM.a(UART.o)
                0x1fff8184                UART_txBuffer
 COMMON         0x1fff8584        0xc .\CortexM3\ARM_GCC_541\Debug\08_CAPACITOR_PWM.a(ADC_out.o)
                0x1fff8584                ADC_out_offset
                0x1fff8586                ADC_out_shift
                0x1fff8588                ADC_out_countsPerVolt
                0x1fff858c                ADC_out_countsPer10Volt
 COMMON         0x1fff8590        0x4 c:/program files (x86)/cypress/psoc creator/4.2/psoc creator/import/gnu/arm/5.4.1/bin/../lib/gcc/arm-none-eabi/5.4.1/../../../../arm-none-eabi/lib/armv7-m\libg_nano.a(lib_a-reent.o)
                0x1fff8590                errno
                0x1fff8598                . = ALIGN (0x8)
 *fill*         0x1fff8594        0x4 
 *(.ram.b)
                0x1fff8598                _end = .
                0x1fff8598                __end = .
                0x1fff8598                PROVIDE (end, .)
                0x1fff8598                PROVIDE (__bss_end__, .)
                0x00001cb0                __cy_region_init_ram = LOADADDR (.data)
                0x00000080                __cy_region_init_size_ram = (_edata - ADDR (.data))
                0x00000450                __cy_region_zero_size_ram = (_end - _edata)

.heap           0x1fff8598       0x80 load address 0x00001d30
                0x1fff8598                . = _end
                0x1fff8618                . = (. + 0x80)
 *fill*         0x1fff8598       0x80 
                0x1fff8618                __cy_heap_limit = .

.stack          0x20007800      0x800
                0x20007800                __cy_stack_limit = .
                0x20008000                . = (. + 0x800)
 *fill*         0x20007800      0x800 
                0x00000001                ASSERT ((__cy_stack_limit >= __cy_heap_limit), region RAM overflowed with stack)
                0x00000000                cy_checksum_exclude_size = (CY_APPL_LOADABLE == 0x1)?SIZEOF (.cy_checksum_exclude):0x0
                0x00000001                ASSERT ((cy_checksum_exclude_size <= CY_CHECKSUM_EXCLUDE_SIZE), CY_BOOT: Section .cy_checksum_exclude size exceedes specified limit.)

.cyloadermeta
 *(.cyloadermeta)

.cyloadablemeta
 *(.cyloadablemeta)

.cyconfigecc    0x80000000      0x4a0
 *(.cyconfigecc)
 .cyconfigecc   0x80000000      0x4a0 .\CortexM3\ARM_GCC_541\Debug\cymetadata.o
                0x80000000                cy_meta_configecc

.cycustnvl      0x90000000        0x4
 *(.cycustnvl)
 .cycustnvl     0x90000000        0x4 .\CortexM3\ARM_GCC_541\Debug\cymetadata.o
                0x90000000                cy_meta_custnvl

.cywolatch      0x90100000        0x4
 *(.cywolatch)
 .cywolatch     0x90100000        0x4 .\CortexM3\ARM_GCC_541\Debug\cymetadata.o
                0x90100000                cy_meta_wonvl

.cyeeprom       0x90200000        0x0
 *(.cyeeprom)
                0x00000001                ASSERT ((. <= ((0x90200000 + ee_offset) + ee_size)), .cyeeprom data will not fit in EEPROM)

.cyflashprotect
                0x90400000      0x100
 *(.cyflashprotect)
 .cyflashprotect
                0x90400000      0x100 .\CortexM3\ARM_GCC_541\Debug\cymetadata.o
                0x90400000                cy_meta_flashprotect

.cymeta         0x90500000        0xc
 *(.cymeta)
 .cymeta        0x90500000        0xc .\CortexM3\ARM_GCC_541\Debug\cymetadata.o
                0x90500000                cy_metadata

.rel.dyn        0x00001d30        0x0 load address 0x9050000c
 .rel.iplt      0x00001d30        0x0 c:/program files (x86)/cypress/psoc creator/4.2/psoc creator/import/gnu/arm/5.4.1/bin/../lib/gcc/arm-none-eabi/5.4.1/armv7-m/crtbegin.o

.stab
 *(.stab)

.stabstr
 *(.stabstr)

.debug
 *(.debug)

.line
 *(.line)

.debug_srcinfo
 *(.debug_srcinfo)

.debug_sfnames
 *(.debug_sfnames)

.debug_aranges  0x00000000      0x9e0
 *(.debug_aranges)
 .debug_aranges
                0x00000000       0x20 .\CortexM3\ARM_GCC_541\Debug\main.o
 .debug_aranges
                0x00000020       0x58 .\CortexM3\ARM_GCC_541\Debug\cyfitter_cfg.o
 .debug_aranges
                0x00000078       0x18 .\CortexM3\ARM_GCC_541\Debug\cymetadata.o
 .debug_aranges
                0x00000090       0x48 .\CortexM3\ARM_GCC_541\Debug\Cm3Start.o
 .debug_aranges
                0x000000d8       0xa8 .\CortexM3\ARM_GCC_541\Debug\08_CAPACITOR_PWM.a(ADC.o)
 .debug_aranges
                0x00000180       0x20 .\CortexM3\ARM_GCC_541\Debug\08_CAPACITOR_PWM.a(ADC_INT.o)
 .debug_aranges
                0x000001a0       0x98 .\CortexM3\ARM_GCC_541\Debug\08_CAPACITOR_PWM.a(PWM.o)
 .debug_aranges
                0x00000238       0x80 .\CortexM3\ARM_GCC_541\Debug\08_CAPACITOR_PWM.a(ADC_theACLK.o)
 .debug_aranges
                0x000002b8      0x2a0 .\CortexM3\ARM_GCC_541\Debug\08_CAPACITOR_PWM.a(CyLib.o)
 .debug_aranges
                0x00000558       0x98 .\CortexM3\ARM_GCC_541\Debug\08_CAPACITOR_PWM.a(cyPm.o)
 .debug_aranges
                0x000005f0       0xf0 .\CortexM3\ARM_GCC_541\Debug\08_CAPACITOR_PWM.a(UART.o)
 .debug_aranges
                0x000006e0       0x20 .\CortexM3\ARM_GCC_541\Debug\08_CAPACITOR_PWM.a(UART_INT.o)
 .debug_aranges
                0x00000700       0x70 .\CortexM3\ARM_GCC_541\Debug\08_CAPACITOR_PWM.a(UART_IntClock.o)
 .debug_aranges
                0x00000770       0xa8 .\CortexM3\ARM_GCC_541\Debug\08_CAPACITOR_PWM.a(ADC_out.o)
 .debug_aranges
                0x00000818       0x20 .\CortexM3\ARM_GCC_541\Debug\08_CAPACITOR_PWM.a(ADC_out_INT.o)
 .debug_aranges
                0x00000838       0x80 .\CortexM3\ARM_GCC_541\Debug\08_CAPACITOR_PWM.a(ADC_out_theACLK.o)
 .debug_aranges
                0x000008b8       0x20 .\CortexM3\ARM_GCC_541\Debug\08_CAPACITOR_PWM.a(CyBootAsmGnu.o)
 .debug_aranges
                0x000008d8       0x88 .\CortexM3\ARM_GCC_541\Debug\08_CAPACITOR_PWM.a(CyFlash.o)
 .debug_aranges
                0x00000960       0x80 .\CortexM3\ARM_GCC_541\Debug\08_CAPACITOR_PWM.a(CySpc.o)

.debug_pubnames
 *(.debug_pubnames)

.debug_info     0x00000000     0x588b
 *(.debug_info .gnu.linkonce.wi.*)
 .debug_info    0x00000000      0x3f9 .\CortexM3\ARM_GCC_541\Debug\main.o
 .debug_info    0x000003f9      0x5f3 .\CortexM3\ARM_GCC_541\Debug\cyfitter_cfg.o
 .debug_info    0x000009ec      0x136 .\CortexM3\ARM_GCC_541\Debug\cymetadata.o
 .debug_info    0x00000b22      0x3bb .\CortexM3\ARM_GCC_541\Debug\Cm3Start.o
 .debug_info    0x00000edd      0x5c0 .\CortexM3\ARM_GCC_541\Debug\08_CAPACITOR_PWM.a(ADC.o)
 .debug_info    0x0000149d       0x92 .\CortexM3\ARM_GCC_541\Debug\08_CAPACITOR_PWM.a(ADC_INT.o)
 .debug_info    0x0000152f      0x351 .\CortexM3\ARM_GCC_541\Debug\08_CAPACITOR_PWM.a(PWM.o)
 .debug_info    0x00001880      0x2c4 .\CortexM3\ARM_GCC_541\Debug\08_CAPACITOR_PWM.a(ADC_theACLK.o)
 .debug_info    0x00001b44     0x1374 .\CortexM3\ARM_GCC_541\Debug\08_CAPACITOR_PWM.a(CyLib.o)
 .debug_info    0x00002eb8      0xa2a .\CortexM3\ARM_GCC_541\Debug\08_CAPACITOR_PWM.a(cyPm.o)
 .debug_info    0x000038e2      0x6d7 .\CortexM3\ARM_GCC_541\Debug\08_CAPACITOR_PWM.a(UART.o)
 .debug_info    0x00003fb9      0x108 .\CortexM3\ARM_GCC_541\Debug\08_CAPACITOR_PWM.a(UART_INT.o)
 .debug_info    0x000040c1      0x283 .\CortexM3\ARM_GCC_541\Debug\08_CAPACITOR_PWM.a(UART_IntClock.o)
 .debug_info    0x00004344      0x5c0 .\CortexM3\ARM_GCC_541\Debug\08_CAPACITOR_PWM.a(ADC_out.o)
 .debug_info    0x00004904       0x92 .\CortexM3\ARM_GCC_541\Debug\08_CAPACITOR_PWM.a(ADC_out_INT.o)
 .debug_info    0x00004996      0x2c4 .\CortexM3\ARM_GCC_541\Debug\08_CAPACITOR_PWM.a(ADC_out_theACLK.o)
 .debug_info    0x00004c5a       0x94 .\CortexM3\ARM_GCC_541\Debug\08_CAPACITOR_PWM.a(CyBootAsmGnu.o)
 .debug_info    0x00004cee      0x64d .\CortexM3\ARM_GCC_541\Debug\08_CAPACITOR_PWM.a(CyFlash.o)
 .debug_info    0x0000533b      0x550 .\CortexM3\ARM_GCC_541\Debug\08_CAPACITOR_PWM.a(CySpc.o)

.debug_abbrev   0x00000000     0x1743
 *(.debug_abbrev)
 .debug_abbrev  0x00000000      0x117 .\CortexM3\ARM_GCC_541\Debug\main.o
 .debug_abbrev  0x00000117      0x20d .\CortexM3\ARM_GCC_541\Debug\cyfitter_cfg.o
 .debug_abbrev  0x00000324       0x77 .\CortexM3\ARM_GCC_541\Debug\cymetadata.o
 .debug_abbrev  0x0000039b      0x1e8 .\CortexM3\ARM_GCC_541\Debug\Cm3Start.o
 .debug_abbrev  0x00000583      0x1ac .\CortexM3\ARM_GCC_541\Debug\08_CAPACITOR_PWM.a(ADC.o)
 .debug_abbrev  0x0000072f       0x42 .\CortexM3\ARM_GCC_541\Debug\08_CAPACITOR_PWM.a(ADC_INT.o)
 .debug_abbrev  0x00000771      0x133 .\CortexM3\ARM_GCC_541\Debug\08_CAPACITOR_PWM.a(PWM.o)
 .debug_abbrev  0x000008a4      0x121 .\CortexM3\ARM_GCC_541\Debug\08_CAPACITOR_PWM.a(ADC_theACLK.o)
 .debug_abbrev  0x000009c5      0x254 .\CortexM3\ARM_GCC_541\Debug\08_CAPACITOR_PWM.a(CyLib.o)
 .debug_abbrev  0x00000c19      0x1ab .\CortexM3\ARM_GCC_541\Debug\08_CAPACITOR_PWM.a(cyPm.o)
 .debug_abbrev  0x00000dc4      0x16f .\CortexM3\ARM_GCC_541\Debug\08_CAPACITOR_PWM.a(UART.o)
 .debug_abbrev  0x00000f33       0x79 .\CortexM3\ARM_GCC_541\Debug\08_CAPACITOR_PWM.a(UART_INT.o)
 .debug_abbrev  0x00000fac      0x139 .\CortexM3\ARM_GCC_541\Debug\08_CAPACITOR_PWM.a(UART_IntClock.o)
 .debug_abbrev  0x000010e5      0x1ac .\CortexM3\ARM_GCC_541\Debug\08_CAPACITOR_PWM.a(ADC_out.o)
 .debug_abbrev  0x00001291       0x42 .\CortexM3\ARM_GCC_541\Debug\08_CAPACITOR_PWM.a(ADC_out_INT.o)
 .debug_abbrev  0x000012d3      0x121 .\CortexM3\ARM_GCC_541\Debug\08_CAPACITOR_PWM.a(ADC_out_theACLK.o)
 .debug_abbrev  0x000013f4       0x14 .\CortexM3\ARM_GCC_541\Debug\08_CAPACITOR_PWM.a(CyBootAsmGnu.o)
 .debug_abbrev  0x00001408      0x1a7 .\CortexM3\ARM_GCC_541\Debug\08_CAPACITOR_PWM.a(CyFlash.o)
 .debug_abbrev  0x000015af      0x194 .\CortexM3\ARM_GCC_541\Debug\08_CAPACITOR_PWM.a(CySpc.o)

.debug_line     0x00000000     0x2709
 *(.debug_line)
 .debug_line    0x00000000      0x2a2 .\CortexM3\ARM_GCC_541\Debug\main.o
 .debug_line    0x000002a2      0x20b .\CortexM3\ARM_GCC_541\Debug\cyfitter_cfg.o
 .debug_line    0x000004ad      0x141 .\CortexM3\ARM_GCC_541\Debug\cymetadata.o
 .debug_line    0x000005ee      0x234 .\CortexM3\ARM_GCC_541\Debug\Cm3Start.o
 .debug_line    0x00000822      0x214 .\CortexM3\ARM_GCC_541\Debug\08_CAPACITOR_PWM.a(ADC.o)
 .debug_line    0x00000a36       0x50 .\CortexM3\ARM_GCC_541\Debug\08_CAPACITOR_PWM.a(ADC_INT.o)
 .debug_line    0x00000a86      0x186 .\CortexM3\ARM_GCC_541\Debug\08_CAPACITOR_PWM.a(PWM.o)
 .debug_line    0x00000c0c      0x19d .\CortexM3\ARM_GCC_541\Debug\08_CAPACITOR_PWM.a(ADC_theACLK.o)
 .debug_line    0x00000da9      0x816 .\CortexM3\ARM_GCC_541\Debug\08_CAPACITOR_PWM.a(CyLib.o)
 .debug_line    0x000015bf      0x367 .\CortexM3\ARM_GCC_541\Debug\08_CAPACITOR_PWM.a(cyPm.o)
 .debug_line    0x00001926      0x2f9 .\CortexM3\ARM_GCC_541\Debug\08_CAPACITOR_PWM.a(UART.o)
 .debug_line    0x00001c1f       0x7d .\CortexM3\ARM_GCC_541\Debug\08_CAPACITOR_PWM.a(UART_INT.o)
 .debug_line    0x00001c9c      0x17c .\CortexM3\ARM_GCC_541\Debug\08_CAPACITOR_PWM.a(UART_IntClock.o)
 .debug_line    0x00001e18      0x21c .\CortexM3\ARM_GCC_541\Debug\08_CAPACITOR_PWM.a(ADC_out.o)
 .debug_line    0x00002034       0x54 .\CortexM3\ARM_GCC_541\Debug\08_CAPACITOR_PWM.a(ADC_out_INT.o)
 .debug_line    0x00002088      0x1a1 .\CortexM3\ARM_GCC_541\Debug\08_CAPACITOR_PWM.a(ADC_out_theACLK.o)
 .debug_line    0x00002229       0x66 .\CortexM3\ARM_GCC_541\Debug\08_CAPACITOR_PWM.a(CyBootAsmGnu.o)
 .debug_line    0x0000228f      0x21a .\CortexM3\ARM_GCC_541\Debug\08_CAPACITOR_PWM.a(CyFlash.o)
 .debug_line    0x000024a9      0x260 .\CortexM3\ARM_GCC_541\Debug\08_CAPACITOR_PWM.a(CySpc.o)

.debug_frame    0x00000000     0x1cd4
 *(.debug_frame)
 .debug_frame   0x00000000       0x3c .\CortexM3\ARM_GCC_541\Debug\main.o
 .debug_frame   0x0000003c       0xfc .\CortexM3\ARM_GCC_541\Debug\cyfitter_cfg.o
 .debug_frame   0x00000138       0xb8 .\CortexM3\ARM_GCC_541\Debug\Cm3Start.o
 .debug_frame   0x000001f0      0x1b0 .\CortexM3\ARM_GCC_541\Debug\08_CAPACITOR_PWM.a(ADC.o)
 .debug_frame   0x000003a0       0x20 .\CortexM3\ARM_GCC_541\Debug\08_CAPACITOR_PWM.a(ADC_INT.o)
 .debug_frame   0x000003c0      0x134 .\CortexM3\ARM_GCC_541\Debug\08_CAPACITOR_PWM.a(PWM.o)
 .debug_frame   0x000004f4      0x100 .\CortexM3\ARM_GCC_541\Debug\08_CAPACITOR_PWM.a(ADC_theACLK.o)
 .debug_frame   0x000005f4      0x738 .\CortexM3\ARM_GCC_541\Debug\08_CAPACITOR_PWM.a(CyLib.o)
 .debug_frame   0x00000d2c      0x1f8 .\CortexM3\ARM_GCC_541\Debug\08_CAPACITOR_PWM.a(cyPm.o)
 .debug_frame   0x00000f24      0x268 .\CortexM3\ARM_GCC_541\Debug\08_CAPACITOR_PWM.a(UART.o)
 .debug_frame   0x0000118c       0x20 .\CortexM3\ARM_GCC_541\Debug\08_CAPACITOR_PWM.a(UART_INT.o)
 .debug_frame   0x000011ac       0xe0 .\CortexM3\ARM_GCC_541\Debug\08_CAPACITOR_PWM.a(UART_IntClock.o)
 .debug_frame   0x0000128c      0x1b4 .\CortexM3\ARM_GCC_541\Debug\08_CAPACITOR_PWM.a(ADC_out.o)
 .debug_frame   0x00001440       0x20 .\CortexM3\ARM_GCC_541\Debug\08_CAPACITOR_PWM.a(ADC_out_INT.o)
 .debug_frame   0x00001460      0x100 .\CortexM3\ARM_GCC_541\Debug\08_CAPACITOR_PWM.a(ADC_out_theACLK.o)
 .debug_frame   0x00001560      0x194 .\CortexM3\ARM_GCC_541\Debug\08_CAPACITOR_PWM.a(CyFlash.o)
 .debug_frame   0x000016f4      0x180 .\CortexM3\ARM_GCC_541\Debug\08_CAPACITOR_PWM.a(CySpc.o)
 .debug_frame   0x00001874       0x44 c:/program files (x86)/cypress/psoc creator/4.2/psoc creator/import/gnu/arm/5.4.1/bin/../lib/gcc/arm-none-eabi/5.4.1/armv7-m\libgcc.a(_aeabi_ldivmod.o)
 .debug_frame   0x000018b8       0x38 c:/program files (x86)/cypress/psoc creator/4.2/psoc creator/import/gnu/arm/5.4.1/bin/../lib/gcc/arm-none-eabi/5.4.1/armv7-m\libgcc.a(_udivmoddi4.o)
 .debug_frame   0x000018f0       0x20 c:/program files (x86)/cypress/psoc creator/4.2/psoc creator/import/gnu/arm/5.4.1/bin/../lib/gcc/arm-none-eabi/5.4.1/../../../../arm-none-eabi/lib/armv7-m\libg_nano.a(lib_a-errno.o)
 .debug_frame   0x00001910       0x28 c:/program files (x86)/cypress/psoc creator/4.2/psoc creator/import/gnu/arm/5.4.1/bin/../lib/gcc/arm-none-eabi/5.4.1/../../../../arm-none-eabi/lib/armv7-m\libg_nano.a(lib_a-exit.o)
 .debug_frame   0x00001938       0x2c c:/program files (x86)/cypress/psoc creator/4.2/psoc creator/import/gnu/arm/5.4.1/bin/../lib/gcc/arm-none-eabi/5.4.1/../../../../arm-none-eabi/lib/armv7-m\libg_nano.a(lib_a-init.o)
 .debug_frame   0x00001964       0x28 c:/program files (x86)/cypress/psoc creator/4.2/psoc creator/import/gnu/arm/5.4.1/bin/../lib/gcc/arm-none-eabi/5.4.1/../../../../arm-none-eabi/lib/armv7-m\libg_nano.a(lib_a-memcpy-stub.o)
 .debug_frame   0x0000198c       0x20 c:/program files (x86)/cypress/psoc creator/4.2/psoc creator/import/gnu/arm/5.4.1/bin/../lib/gcc/arm-none-eabi/5.4.1/../../../../arm-none-eabi/lib/armv7-m\libg_nano.a(lib_a-memset.o)
 .debug_frame   0x000019ac       0x70 c:/program files (x86)/cypress/psoc creator/4.2/psoc creator/import/gnu/arm/5.4.1/bin/../lib/gcc/arm-none-eabi/5.4.1/../../../../arm-none-eabi/lib/armv7-m\libg_nano.a(lib_a-sprintf.o)
 .debug_frame   0x00001a1c       0x90 c:/program files (x86)/cypress/psoc creator/4.2/psoc creator/import/gnu/arm/5.4.1/bin/../lib/gcc/arm-none-eabi/5.4.1/../../../../arm-none-eabi/lib/armv7-m\libg_nano.a(lib_a-nano-svfprintf.o)
 .debug_frame   0x00001aac       0x60 c:/program files (x86)/cypress/psoc creator/4.2/psoc creator/import/gnu/arm/5.4.1/bin/../lib/gcc/arm-none-eabi/5.4.1/../../../../arm-none-eabi/lib/armv7-m\libg_nano.a(lib_a-nano-vfprintf_i.o)
 .debug_frame   0x00001b0c       0x28 c:/program files (x86)/cypress/psoc creator/4.2/psoc creator/import/gnu/arm/5.4.1/bin/../lib/gcc/arm-none-eabi/5.4.1/../../../../arm-none-eabi/lib/armv7-m\libg_nano.a(lib_a-memchr-stub.o)
 .debug_frame   0x00001b34       0x28 c:/program files (x86)/cypress/psoc creator/4.2/psoc creator/import/gnu/arm/5.4.1/bin/../lib/gcc/arm-none-eabi/5.4.1/../../../../arm-none-eabi/lib/armv7-m\libg_nano.a(lib_a-memmove.o)
 .debug_frame   0x00001b5c       0x38 c:/program files (x86)/cypress/psoc creator/4.2/psoc creator/import/gnu/arm/5.4.1/bin/../lib/gcc/arm-none-eabi/5.4.1/../../../../arm-none-eabi/lib/armv7-m\libg_nano.a(lib_a-nano-freer.o)
 .debug_frame   0x00001b94       0x2c c:/program files (x86)/cypress/psoc creator/4.2/psoc creator/import/gnu/arm/5.4.1/bin/../lib/gcc/arm-none-eabi/5.4.1/../../../../arm-none-eabi/lib/armv7-m\libg_nano.a(lib_a-nano-mallocr.o)
 .debug_frame   0x00001bc0       0x3c c:/program files (x86)/cypress/psoc creator/4.2/psoc creator/import/gnu/arm/5.4.1/bin/../lib/gcc/arm-none-eabi/5.4.1/../../../../arm-none-eabi/lib/armv7-m\libg_nano.a(lib_a-nano-reallocr.o)
 .debug_frame   0x00001bfc       0x2c c:/program files (x86)/cypress/psoc creator/4.2/psoc creator/import/gnu/arm/5.4.1/bin/../lib/gcc/arm-none-eabi/5.4.1/../../../../arm-none-eabi/lib/armv7-m\libg_nano.a(lib_a-sbrkr.o)
 .debug_frame   0x00001c28       0x30 c:/program files (x86)/cypress/psoc creator/4.2/psoc creator/import/gnu/arm/5.4.1/bin/../lib/gcc/arm-none-eabi/5.4.1/../../../../arm-none-eabi/lib/armv7-m\libg_nano.a(lib_a-mlock.o)
 .debug_frame   0x00001c58       0x20 c:/program files (x86)/cypress/psoc creator/4.2/psoc creator/import/gnu/arm/5.4.1/bin/../lib/gcc/arm-none-eabi/5.4.1/../../../../arm-none-eabi/lib/armv7-m\libg_nano.a(lib_a-nano-msizer.o)
 .debug_frame   0x00001c78       0x5c c:/program files (x86)/cypress/psoc creator/4.2/psoc creator/import/gnu/arm/5.4.1/bin/../lib/gcc/arm-none-eabi/5.4.1/../../../../arm-none-eabi/lib/armv7-m\libg_nano.a(lib_a-reent.o)

.debug_str      0x00000000     0x206d
 *(.debug_str)
 .debug_str     0x00000000      0x273 .\CortexM3\ARM_GCC_541\Debug\main.o
                                0x2bb (size before relaxing)
 .debug_str     0x00000273      0x1ac .\CortexM3\ARM_GCC_541\Debug\cyfitter_cfg.o
                                0x352 (size before relaxing)
 .debug_str     0x0000041f       0x7f .\CortexM3\ARM_GCC_541\Debug\cymetadata.o
                                0x1e8 (size before relaxing)
 .debug_str     0x0000049e      0x144 .\CortexM3\ARM_GCC_541\Debug\Cm3Start.o
                                0x30e (size before relaxing)
 .debug_str     0x000005e2      0x21e .\CortexM3\ARM_GCC_541\Debug\08_CAPACITOR_PWM.a(ADC.o)
                                0x42b (size before relaxing)
 .debug_str     0x00000800       0x29 .\CortexM3\ARM_GCC_541\Debug\08_CAPACITOR_PWM.a(ADC_INT.o)
                                0x193 (size before relaxing)
 .debug_str     0x00000829      0x146 .\CortexM3\ARM_GCC_541\Debug\08_CAPACITOR_PWM.a(PWM.o)
                                0x33c (size before relaxing)
 .debug_str     0x0000096f      0x1bf .\CortexM3\ARM_GCC_541\Debug\08_CAPACITOR_PWM.a(ADC_theACLK.o)
                                0x365 (size before relaxing)
 .debug_str     0x00000b2e      0x7e0 .\CortexM3\ARM_GCC_541\Debug\08_CAPACITOR_PWM.a(CyLib.o)
                                0xa4b (size before relaxing)
 .debug_str     0x0000130e      0x365 .\CortexM3\ARM_GCC_541\Debug\08_CAPACITOR_PWM.a(cyPm.o)
                                0x737 (size before relaxing)
 .debug_str     0x00001673      0x2c0 .\CortexM3\ARM_GCC_541\Debug\08_CAPACITOR_PWM.a(UART.o)
                                0x4fa (size before relaxing)
 .debug_str     0x00001933       0x2d .\CortexM3\ARM_GCC_541\Debug\08_CAPACITOR_PWM.a(UART_INT.o)
                                0x1f1 (size before relaxing)
 .debug_str     0x00001960      0x138 .\CortexM3\ARM_GCC_541\Debug\08_CAPACITOR_PWM.a(UART_IntClock.o)
                                0x33a (size before relaxing)
 .debug_str     0x00001a98      0x1a4 .\CortexM3\ARM_GCC_541\Debug\08_CAPACITOR_PWM.a(ADC_out.o)
                                0x48f (size before relaxing)
 .debug_str     0x00001c3c       0x31 .\CortexM3\ARM_GCC_541\Debug\08_CAPACITOR_PWM.a(ADC_out_INT.o)
                                0x19b (size before relaxing)
 .debug_str     0x00001c6d      0x199 .\CortexM3\ARM_GCC_541\Debug\08_CAPACITOR_PWM.a(ADC_out_theACLK.o)
                                0x39d (size before relaxing)
 .debug_str     0x00001e06      0x1bb .\CortexM3\ARM_GCC_541\Debug\08_CAPACITOR_PWM.a(CyFlash.o)
                                0x3c4 (size before relaxing)
 .debug_str     0x00001fc1       0xac .\CortexM3\ARM_GCC_541\Debug\08_CAPACITOR_PWM.a(CySpc.o)
                                0x33c (size before relaxing)

.debug_loc      0x00000000     0x283d
 *(.debug_loc)
 .debug_loc     0x00000000      0x246 .\CortexM3\ARM_GCC_541\Debug\main.o
 .debug_loc     0x00000246      0x27f .\CortexM3\ARM_GCC_541\Debug\cyfitter_cfg.o
 .debug_loc     0x000004c5      0x144 .\CortexM3\ARM_GCC_541\Debug\Cm3Start.o
 .debug_loc     0x00000609      0x295 .\CortexM3\ARM_GCC_541\Debug\08_CAPACITOR_PWM.a(ADC.o)
 .debug_loc     0x0000089e       0x26 .\CortexM3\ARM_GCC_541\Debug\08_CAPACITOR_PWM.a(PWM.o)
 .debug_loc     0x000008c4      0x14d .\CortexM3\ARM_GCC_541\Debug\08_CAPACITOR_PWM.a(ADC_theACLK.o)
 .debug_loc     0x00000a11      0xa11 .\CortexM3\ARM_GCC_541\Debug\08_CAPACITOR_PWM.a(CyLib.o)
 .debug_loc     0x00001422      0x1e4 .\CortexM3\ARM_GCC_541\Debug\08_CAPACITOR_PWM.a(cyPm.o)
 .debug_loc     0x00001606      0x276 .\CortexM3\ARM_GCC_541\Debug\08_CAPACITOR_PWM.a(UART.o)
 .debug_loc     0x0000187c      0x12c .\CortexM3\ARM_GCC_541\Debug\08_CAPACITOR_PWM.a(UART_IntClock.o)
 .debug_loc     0x000019a8      0x295 .\CortexM3\ARM_GCC_541\Debug\08_CAPACITOR_PWM.a(ADC_out.o)
 .debug_loc     0x00001c3d      0x149 .\CortexM3\ARM_GCC_541\Debug\08_CAPACITOR_PWM.a(ADC_out_theACLK.o)
 .debug_loc     0x00001d86      0x3b2 .\CortexM3\ARM_GCC_541\Debug\08_CAPACITOR_PWM.a(CyFlash.o)
 .debug_loc     0x00002138      0x705 .\CortexM3\ARM_GCC_541\Debug\08_CAPACITOR_PWM.a(CySpc.o)

.debug_macinfo
 *(.debug_macinfo)

.debug_ranges   0x00000000      0x8b0
 *(.debug_ranges)
 .debug_ranges  0x00000000       0x28 .\CortexM3\ARM_GCC_541\Debug\main.o
 .debug_ranges  0x00000028       0x48 .\CortexM3\ARM_GCC_541\Debug\cyfitter_cfg.o
 .debug_ranges  0x00000070       0x38 .\CortexM3\ARM_GCC_541\Debug\Cm3Start.o
 .debug_ranges  0x000000a8       0x98 .\CortexM3\ARM_GCC_541\Debug\08_CAPACITOR_PWM.a(ADC.o)
 .debug_ranges  0x00000140       0x10 .\CortexM3\ARM_GCC_541\Debug\08_CAPACITOR_PWM.a(ADC_INT.o)
 .debug_ranges  0x00000150       0x88 .\CortexM3\ARM_GCC_541\Debug\08_CAPACITOR_PWM.a(PWM.o)
 .debug_ranges  0x000001d8       0x70 .\CortexM3\ARM_GCC_541\Debug\08_CAPACITOR_PWM.a(ADC_theACLK.o)
 .debug_ranges  0x00000248      0x290 .\CortexM3\ARM_GCC_541\Debug\08_CAPACITOR_PWM.a(CyLib.o)
 .debug_ranges  0x000004d8       0x88 .\CortexM3\ARM_GCC_541\Debug\08_CAPACITOR_PWM.a(cyPm.o)
 .debug_ranges  0x00000560       0xe0 .\CortexM3\ARM_GCC_541\Debug\08_CAPACITOR_PWM.a(UART.o)
 .debug_ranges  0x00000640       0x10 .\CortexM3\ARM_GCC_541\Debug\08_CAPACITOR_PWM.a(UART_INT.o)
 .debug_ranges  0x00000650       0x60 .\CortexM3\ARM_GCC_541\Debug\08_CAPACITOR_PWM.a(UART_IntClock.o)
 .debug_ranges  0x000006b0       0x98 .\CortexM3\ARM_GCC_541\Debug\08_CAPACITOR_PWM.a(ADC_out.o)
 .debug_ranges  0x00000748       0x10 .\CortexM3\ARM_GCC_541\Debug\08_CAPACITOR_PWM.a(ADC_out_INT.o)
 .debug_ranges  0x00000758       0x70 .\CortexM3\ARM_GCC_541\Debug\08_CAPACITOR_PWM.a(ADC_out_theACLK.o)
 .debug_ranges  0x000007c8       0x78 .\CortexM3\ARM_GCC_541\Debug\08_CAPACITOR_PWM.a(CyFlash.o)
 .debug_ranges  0x00000840       0x70 .\CortexM3\ARM_GCC_541\Debug\08_CAPACITOR_PWM.a(CySpc.o)

.comment        0x00000000       0x6e
 .comment       0x00000000       0x6e .\CortexM3\ARM_GCC_541\Debug\main.o
                                 0x6f (size before relaxing)
 .comment       0x0000006e       0x6f .\CortexM3\ARM_GCC_541\Debug\cyfitter_cfg.o
 .comment       0x0000006e       0x6f .\CortexM3\ARM_GCC_541\Debug\cymetadata.o
 .comment       0x0000006e       0x6f .\CortexM3\ARM_GCC_541\Debug\Cm3Start.o
 .comment       0x0000006e       0x6f .\CortexM3\ARM_GCC_541\Debug\08_CAPACITOR_PWM.a(ADC.o)
 .comment       0x0000006e       0x6f .\CortexM3\ARM_GCC_541\Debug\08_CAPACITOR_PWM.a(ADC_INT.o)
 .comment       0x0000006e       0x6f .\CortexM3\ARM_GCC_541\Debug\08_CAPACITOR_PWM.a(PWM.o)
 .comment       0x0000006e       0x6f .\CortexM3\ARM_GCC_541\Debug\08_CAPACITOR_PWM.a(ADC_theACLK.o)
 .comment       0x0000006e       0x6f .\CortexM3\ARM_GCC_541\Debug\08_CAPACITOR_PWM.a(CyLib.o)
 .comment       0x0000006e       0x6f .\CortexM3\ARM_GCC_541\Debug\08_CAPACITOR_PWM.a(cyPm.o)
 .comment       0x0000006e       0x6f .\CortexM3\ARM_GCC_541\Debug\08_CAPACITOR_PWM.a(UART.o)
 .comment       0x0000006e       0x6f .\CortexM3\ARM_GCC_541\Debug\08_CAPACITOR_PWM.a(UART_INT.o)
 .comment       0x0000006e       0x6f .\CortexM3\ARM_GCC_541\Debug\08_CAPACITOR_PWM.a(UART_IntClock.o)
 .comment       0x0000006e       0x6f .\CortexM3\ARM_GCC_541\Debug\08_CAPACITOR_PWM.a(ADC_out.o)
 .comment       0x0000006e       0x6f .\CortexM3\ARM_GCC_541\Debug\08_CAPACITOR_PWM.a(ADC_out_INT.o)
 .comment       0x0000006e       0x6f .\CortexM3\ARM_GCC_541\Debug\08_CAPACITOR_PWM.a(ADC_out_theACLK.o)
 .comment       0x0000006e       0x6f .\CortexM3\ARM_GCC_541\Debug\08_CAPACITOR_PWM.a(CyFlash.o)
 .comment       0x0000006e       0x6f .\CortexM3\ARM_GCC_541\Debug\08_CAPACITOR_PWM.a(CySpc.o)

.debug_weaknames
 *(.debug_weaknames)

.debug_funcnames
 *(.debug_funcnames)

.debug_typenames
 *(.debug_typenames)

.debug_varnames
 *(.debug_varnames)

.note.gnu.arm.ident
 *(.note.gnu.arm.ident)

.ARM.attributes
                0x00000000       0x29
 *(.ARM.attributes)
 .ARM.attributes
                0x00000000       0x1d c:/program files (x86)/cypress/psoc creator/4.2/psoc creator/import/gnu/arm/5.4.1/bin/../lib/gcc/arm-none-eabi/5.4.1/armv7-m/crti.o
 .ARM.attributes
                0x0000001d       0x2d c:/program files (x86)/cypress/psoc creator/4.2/psoc creator/import/gnu/arm/5.4.1/bin/../lib/gcc/arm-none-eabi/5.4.1/armv7-m/crtbegin.o
 .ARM.attributes
                0x0000004a       0x1b c:/program files (x86)/cypress/psoc creator/4.2/psoc creator/import/gnu/arm/5.4.1/bin/../lib/gcc/arm-none-eabi/5.4.1/../../../../arm-none-eabi/lib/armv7-m/crt0.o
 .ARM.attributes
                0x00000065       0x33 .\CortexM3\ARM_GCC_541\Debug\main.o
 .ARM.attributes
                0x00000098       0x33 .\CortexM3\ARM_GCC_541\Debug\cyfitter_cfg.o
 .ARM.attributes
                0x000000cb       0x33 .\CortexM3\ARM_GCC_541\Debug\cymetadata.o
 .ARM.attributes
                0x000000fe       0x33 .\CortexM3\ARM_GCC_541\Debug\Cm3Start.o
 .ARM.attributes
                0x00000131       0x33 .\CortexM3\ARM_GCC_541\Debug\08_CAPACITOR_PWM.a(ADC.o)
 .ARM.attributes
                0x00000164       0x33 .\CortexM3\ARM_GCC_541\Debug\08_CAPACITOR_PWM.a(ADC_INT.o)
 .ARM.attributes
                0x00000197       0x33 .\CortexM3\ARM_GCC_541\Debug\08_CAPACITOR_PWM.a(PWM.o)
 .ARM.attributes
                0x000001ca       0x33 .\CortexM3\ARM_GCC_541\Debug\08_CAPACITOR_PWM.a(ADC_theACLK.o)
 .ARM.attributes
                0x000001fd       0x33 .\CortexM3\ARM_GCC_541\Debug\08_CAPACITOR_PWM.a(CyLib.o)
 .ARM.attributes
                0x00000230       0x33 .\CortexM3\ARM_GCC_541\Debug\08_CAPACITOR_PWM.a(cyPm.o)
 .ARM.attributes
                0x00000263       0x33 .\CortexM3\ARM_GCC_541\Debug\08_CAPACITOR_PWM.a(UART.o)
 .ARM.attributes
                0x00000296       0x33 .\CortexM3\ARM_GCC_541\Debug\08_CAPACITOR_PWM.a(UART_INT.o)
 .ARM.attributes
                0x000002c9       0x33 .\CortexM3\ARM_GCC_541\Debug\08_CAPACITOR_PWM.a(UART_IntClock.o)
 .ARM.attributes
                0x000002fc       0x33 .\CortexM3\ARM_GCC_541\Debug\08_CAPACITOR_PWM.a(ADC_out.o)
 .ARM.attributes
                0x0000032f       0x33 .\CortexM3\ARM_GCC_541\Debug\08_CAPACITOR_PWM.a(ADC_out_INT.o)
 .ARM.attributes
                0x00000362       0x33 .\CortexM3\ARM_GCC_541\Debug\08_CAPACITOR_PWM.a(ADC_out_theACLK.o)
 .ARM.attributes
                0x00000395       0x21 .\CortexM3\ARM_GCC_541\Debug\08_CAPACITOR_PWM.a(CyBootAsmGnu.o)
 .ARM.attributes
                0x000003b6       0x33 .\CortexM3\ARM_GCC_541\Debug\08_CAPACITOR_PWM.a(CyFlash.o)
 .ARM.attributes
                0x000003e9       0x33 .\CortexM3\ARM_GCC_541\Debug\08_CAPACITOR_PWM.a(CySpc.o)
 .ARM.attributes
                0x0000041c       0x1d c:/program files (x86)/cypress/psoc creator/4.2/psoc creator/import/gnu/arm/5.4.1/bin/../lib/gcc/arm-none-eabi/5.4.1/armv7-m\libgcc.a(_arm_addsubsf3.o)
 .ARM.attributes
                0x00000439       0x1d c:/program files (x86)/cypress/psoc creator/4.2/psoc creator/import/gnu/arm/5.4.1/bin/../lib/gcc/arm-none-eabi/5.4.1/armv7-m\libgcc.a(_arm_muldivsf3.o)
 .ARM.attributes
                0x00000456       0x1d c:/program files (x86)/cypress/psoc creator/4.2/psoc creator/import/gnu/arm/5.4.1/bin/../lib/gcc/arm-none-eabi/5.4.1/armv7-m\libgcc.a(_arm_cmpsf2.o)
 .ARM.attributes
                0x00000473       0x1d c:/program files (x86)/cypress/psoc creator/4.2/psoc creator/import/gnu/arm/5.4.1/bin/../lib/gcc/arm-none-eabi/5.4.1/armv7-m\libgcc.a(_arm_fixsfsi.o)
 .ARM.attributes
                0x00000490       0x1d c:/program files (x86)/cypress/psoc creator/4.2/psoc creator/import/gnu/arm/5.4.1/bin/../lib/gcc/arm-none-eabi/5.4.1/armv7-m\libgcc.a(_aeabi_ldivmod.o)
 .ARM.attributes
                0x000004ad       0x2d c:/program files (x86)/cypress/psoc creator/4.2/psoc creator/import/gnu/arm/5.4.1/bin/../lib/gcc/arm-none-eabi/5.4.1/armv7-m\libgcc.a(_udivmoddi4.o)
 .ARM.attributes
                0x000004da       0x1d c:/program files (x86)/cypress/psoc creator/4.2/psoc creator/import/gnu/arm/5.4.1/bin/../lib/gcc/arm-none-eabi/5.4.1/armv7-m\libgcc.a(_dvmd_tls.o)
 .ARM.attributes
                0x000004f7       0x2d c:/program files (x86)/cypress/psoc creator/4.2/psoc creator/import/gnu/arm/5.4.1/bin/../lib/gcc/arm-none-eabi/5.4.1/../../../../arm-none-eabi/lib/armv7-m\libg_nano.a(lib_a-errno.o)
 .ARM.attributes
                0x00000524       0x2d c:/program files (x86)/cypress/psoc creator/4.2/psoc creator/import/gnu/arm/5.4.1/bin/../lib/gcc/arm-none-eabi/5.4.1/../../../../arm-none-eabi/lib/armv7-m\libg_nano.a(lib_a-exit.o)
 .ARM.attributes
                0x00000551       0x2d c:/program files (x86)/cypress/psoc creator/4.2/psoc creator/import/gnu/arm/5.4.1/bin/../lib/gcc/arm-none-eabi/5.4.1/../../../../arm-none-eabi/lib/armv7-m\libg_nano.a(lib_a-impure.o)
 .ARM.attributes
                0x0000057e       0x2d c:/program files (x86)/cypress/psoc creator/4.2/psoc creator/import/gnu/arm/5.4.1/bin/../lib/gcc/arm-none-eabi/5.4.1/../../../../arm-none-eabi/lib/armv7-m\libg_nano.a(lib_a-init.o)
 .ARM.attributes
                0x000005ab       0x2d c:/program files (x86)/cypress/psoc creator/4.2/psoc creator/import/gnu/arm/5.4.1/bin/../lib/gcc/arm-none-eabi/5.4.1/../../../../arm-none-eabi/lib/armv7-m\libg_nano.a(lib_a-memcpy-stub.o)
 .ARM.attributes
                0x000005d8       0x2d c:/program files (x86)/cypress/psoc creator/4.2/psoc creator/import/gnu/arm/5.4.1/bin/../lib/gcc/arm-none-eabi/5.4.1/../../../../arm-none-eabi/lib/armv7-m\libg_nano.a(lib_a-memset.o)
 .ARM.attributes
                0x00000605       0x2d c:/program files (x86)/cypress/psoc creator/4.2/psoc creator/import/gnu/arm/5.4.1/bin/../lib/gcc/arm-none-eabi/5.4.1/../../../../arm-none-eabi/lib/armv7-m\libg_nano.a(lib_a-sprintf.o)
 .ARM.attributes
                0x00000632       0x2d c:/program files (x86)/cypress/psoc creator/4.2/psoc creator/import/gnu/arm/5.4.1/bin/../lib/gcc/arm-none-eabi/5.4.1/../../../../arm-none-eabi/lib/armv7-m\libg_nano.a(lib_a-nano-svfprintf.o)
 .ARM.attributes
                0x0000065f       0x2d c:/program files (x86)/cypress/psoc creator/4.2/psoc creator/import/gnu/arm/5.4.1/bin/../lib/gcc/arm-none-eabi/5.4.1/../../../../arm-none-eabi/lib/armv7-m\libg_nano.a(lib_a-nano-vfprintf_i.o)
 .ARM.attributes
                0x0000068c       0x2d c:/program files (x86)/cypress/psoc creator/4.2/psoc creator/import/gnu/arm/5.4.1/bin/../lib/gcc/arm-none-eabi/5.4.1/../../../../arm-none-eabi/lib/armv7-m\libg_nano.a(lib_a-memchr-stub.o)
 .ARM.attributes
                0x000006b9       0x2d c:/program files (x86)/cypress/psoc creator/4.2/psoc creator/import/gnu/arm/5.4.1/bin/../lib/gcc/arm-none-eabi/5.4.1/../../../../arm-none-eabi/lib/armv7-m\libg_nano.a(lib_a-memmove.o)
 .ARM.attributes
                0x000006e6       0x2d c:/program files (x86)/cypress/psoc creator/4.2/psoc creator/import/gnu/arm/5.4.1/bin/../lib/gcc/arm-none-eabi/5.4.1/../../../../arm-none-eabi/lib/armv7-m\libg_nano.a(lib_a-nano-freer.o)
 .ARM.attributes
                0x00000713       0x2d c:/program files (x86)/cypress/psoc creator/4.2/psoc creator/import/gnu/arm/5.4.1/bin/../lib/gcc/arm-none-eabi/5.4.1/../../../../arm-none-eabi/lib/armv7-m\libg_nano.a(lib_a-nano-mallocr.o)
 .ARM.attributes
                0x00000740       0x2d c:/program files (x86)/cypress/psoc creator/4.2/psoc creator/import/gnu/arm/5.4.1/bin/../lib/gcc/arm-none-eabi/5.4.1/../../../../arm-none-eabi/lib/armv7-m\libg_nano.a(lib_a-nano-reallocr.o)
 .ARM.attributes
                0x0000076d       0x2d c:/program files (x86)/cypress/psoc creator/4.2/psoc creator/import/gnu/arm/5.4.1/bin/../lib/gcc/arm-none-eabi/5.4.1/../../../../arm-none-eabi/lib/armv7-m\libg_nano.a(lib_a-sbrkr.o)
 .ARM.attributes
                0x0000079a       0x2d c:/program files (x86)/cypress/psoc creator/4.2/psoc creator/import/gnu/arm/5.4.1/bin/../lib/gcc/arm-none-eabi/5.4.1/../../../../arm-none-eabi/lib/armv7-m\libg_nano.a(lib_a-mlock.o)
 .ARM.attributes
                0x000007c7       0x2d c:/program files (x86)/cypress/psoc creator/4.2/psoc creator/import/gnu/arm/5.4.1/bin/../lib/gcc/arm-none-eabi/5.4.1/../../../../arm-none-eabi/lib/armv7-m\libg_nano.a(lib_a-nano-msizer.o)
 .ARM.attributes
                0x000007f4       0x2d c:/program files (x86)/cypress/psoc creator/4.2/psoc creator/import/gnu/arm/5.4.1/bin/../lib/gcc/arm-none-eabi/5.4.1/../../../../arm-none-eabi/lib/armv7-m\libg_nano.a(lib_a-reent.o)
 .ARM.attributes
                0x00000821       0x2d c:/program files (x86)/cypress/psoc creator/4.2/psoc creator/import/gnu/arm/5.4.1/bin/../lib/gcc/arm-none-eabi/5.4.1/armv7-m/crtend.o
 .ARM.attributes
                0x0000084e       0x1d c:/program files (x86)/cypress/psoc creator/4.2/psoc creator/import/gnu/arm/5.4.1/bin/../lib/gcc/arm-none-eabi/5.4.1/armv7-m/crtn.o

/DISCARD/
 *(.note.GNU-stack)
OUTPUT(D:\h_da\Lecturs\Basic Embedded\Embedded_basics\08_CAPACITOR_PWM.cydsn\CortexM3\ARM_GCC_541\Debug\08_CAPACITOR_PWM.elf elf32-littlearm)
